Archive member included to satisfy reference by file (symbol)

c:/st/stm32cubeide_1.1.0/stm32cubeide/plugins/com.st.stm32cube.ide.mcu.externaltools.gnu-tools-for-stm32.7-2018-q2-update.win32_1.4.0.202007081208/tools/bin/../lib/gcc/arm-none-eabi/7.3.1/../../../../arm-none-eabi/lib/thumb/v7-m\libc_nano.a(lib_a-errno.o)
                              Core/Src/syscalls.o (__errno)
c:/st/stm32cubeide_1.1.0/stm32cubeide/plugins/com.st.stm32cube.ide.mcu.externaltools.gnu-tools-for-stm32.7-2018-q2-update.win32_1.4.0.202007081208/tools/bin/../lib/gcc/arm-none-eabi/7.3.1/../../../../arm-none-eabi/lib/thumb/v7-m\libc_nano.a(lib_a-exit.o)
                              c:/st/stm32cubeide_1.1.0/stm32cubeide/plugins/com.st.stm32cube.ide.mcu.externaltools.gnu-tools-for-stm32.7-2018-q2-update.win32_1.4.0.202007081208/tools/bin/../lib/gcc/arm-none-eabi/7.3.1/../../../../arm-none-eabi/lib/thumb/v7-m/crt0.o (exit)
c:/st/stm32cubeide_1.1.0/stm32cubeide/plugins/com.st.stm32cube.ide.mcu.externaltools.gnu-tools-for-stm32.7-2018-q2-update.win32_1.4.0.202007081208/tools/bin/../lib/gcc/arm-none-eabi/7.3.1/../../../../arm-none-eabi/lib/thumb/v7-m\libc_nano.a(lib_a-impure.o)
                              c:/st/stm32cubeide_1.1.0/stm32cubeide/plugins/com.st.stm32cube.ide.mcu.externaltools.gnu-tools-for-stm32.7-2018-q2-update.win32_1.4.0.202007081208/tools/bin/../lib/gcc/arm-none-eabi/7.3.1/../../../../arm-none-eabi/lib/thumb/v7-m\libc_nano.a(lib_a-exit.o) (_global_impure_ptr)
c:/st/stm32cubeide_1.1.0/stm32cubeide/plugins/com.st.stm32cube.ide.mcu.externaltools.gnu-tools-for-stm32.7-2018-q2-update.win32_1.4.0.202007081208/tools/bin/../lib/gcc/arm-none-eabi/7.3.1/../../../../arm-none-eabi/lib/thumb/v7-m\libc_nano.a(lib_a-init.o)
                              c:/st/stm32cubeide_1.1.0/stm32cubeide/plugins/com.st.stm32cube.ide.mcu.externaltools.gnu-tools-for-stm32.7-2018-q2-update.win32_1.4.0.202007081208/tools/bin/../lib/gcc/arm-none-eabi/7.3.1/../../../../arm-none-eabi/lib/thumb/v7-m/crt0.o (__libc_init_array)
c:/st/stm32cubeide_1.1.0/stm32cubeide/plugins/com.st.stm32cube.ide.mcu.externaltools.gnu-tools-for-stm32.7-2018-q2-update.win32_1.4.0.202007081208/tools/bin/../lib/gcc/arm-none-eabi/7.3.1/../../../../arm-none-eabi/lib/thumb/v7-m\libc_nano.a(lib_a-memcpy-stub.o)
                              Core/Src/Flasher.o (memcpy)
c:/st/stm32cubeide_1.1.0/stm32cubeide/plugins/com.st.stm32cube.ide.mcu.externaltools.gnu-tools-for-stm32.7-2018-q2-update.win32_1.4.0.202007081208/tools/bin/../lib/gcc/arm-none-eabi/7.3.1/../../../../arm-none-eabi/lib/thumb/v7-m\libc_nano.a(lib_a-memset.o)
                              c:/st/stm32cubeide_1.1.0/stm32cubeide/plugins/com.st.stm32cube.ide.mcu.externaltools.gnu-tools-for-stm32.7-2018-q2-update.win32_1.4.0.202007081208/tools/bin/../lib/gcc/arm-none-eabi/7.3.1/../../../../arm-none-eabi/lib/thumb/v7-m/crt0.o (memset)
c:/st/stm32cubeide_1.1.0/stm32cubeide/plugins/com.st.stm32cube.ide.mcu.externaltools.gnu-tools-for-stm32.7-2018-q2-update.win32_1.4.0.202007081208/tools/bin/../lib/gcc/arm-none-eabi/7.3.1/../../../../arm-none-eabi/lib/thumb/v7-m\libc_nano.a(lib_a-sscanf.o)
                              Core/Src/Flasher.o (sscanf)
c:/st/stm32cubeide_1.1.0/stm32cubeide/plugins/com.st.stm32cube.ide.mcu.externaltools.gnu-tools-for-stm32.7-2018-q2-update.win32_1.4.0.202007081208/tools/bin/../lib/gcc/arm-none-eabi/7.3.1/../../../../arm-none-eabi/lib/thumb/v7-m\libc_nano.a(lib_a-stdio.o)
                              c:/st/stm32cubeide_1.1.0/stm32cubeide/plugins/com.st.stm32cube.ide.mcu.externaltools.gnu-tools-for-stm32.7-2018-q2-update.win32_1.4.0.202007081208/tools/bin/../lib/gcc/arm-none-eabi/7.3.1/../../../../arm-none-eabi/lib/thumb/v7-m\libc_nano.a(lib_a-sscanf.o) (__seofread)
c:/st/stm32cubeide_1.1.0/stm32cubeide/plugins/com.st.stm32cube.ide.mcu.externaltools.gnu-tools-for-stm32.7-2018-q2-update.win32_1.4.0.202007081208/tools/bin/../lib/gcc/arm-none-eabi/7.3.1/../../../../arm-none-eabi/lib/thumb/v7-m\libc_nano.a(lib_a-strlen.o)
                              Core/Src/main.o (strlen)
c:/st/stm32cubeide_1.1.0/stm32cubeide/plugins/com.st.stm32cube.ide.mcu.externaltools.gnu-tools-for-stm32.7-2018-q2-update.win32_1.4.0.202007081208/tools/bin/../lib/gcc/arm-none-eabi/7.3.1/../../../../arm-none-eabi/lib/thumb/v7-m\libc_nano.a(lib_a-writer.o)
                              c:/st/stm32cubeide_1.1.0/stm32cubeide/plugins/com.st.stm32cube.ide.mcu.externaltools.gnu-tools-for-stm32.7-2018-q2-update.win32_1.4.0.202007081208/tools/bin/../lib/gcc/arm-none-eabi/7.3.1/../../../../arm-none-eabi/lib/thumb/v7-m\libc_nano.a(lib_a-stdio.o) (_write_r)
c:/st/stm32cubeide_1.1.0/stm32cubeide/plugins/com.st.stm32cube.ide.mcu.externaltools.gnu-tools-for-stm32.7-2018-q2-update.win32_1.4.0.202007081208/tools/bin/../lib/gcc/arm-none-eabi/7.3.1/../../../../arm-none-eabi/lib/thumb/v7-m\libc_nano.a(lib_a-closer.o)
[...]
Memory Configuration

Name             Origin             Length             Attributes
RAM              0x0000000020000000 0x0000000000005000 xrw
FLASH            0x0000000008000000 0x0000000000010000 xr
*default*        0x0000000000000000 0xffffffffffffffff

Linker script and memory map

LOAD c:/st/stm32cubeide_1.1.0/stm32cubeide/plugins/com.st.stm32cube.ide.mcu.externaltools.gnu-tools-for-stm32.7-2018-q2-update.win32_1.4.0.202007081208/tools/bin/../lib/gcc/arm-none-eabi/7.3.1/thumb/v7-m/crti.o
LOAD c:/st/stm32cubeide_1.1.0/stm32cubeide/plugins/com.st.stm32cube.ide.mcu.externaltools.gnu-tools-for-stm32.7-2018-q2-update.win32_1.4.0.202007081208/tools/bin/../lib/gcc/arm-none-eabi/7.3.1/thumb/v7-m/crtbegin.o
LOAD c:/st/stm32cubeide_1.1.0/stm32cubeide/plugins/com.st.stm32cube.ide.mcu.externaltools.gnu-tools-for-stm32.7-2018-q2-update.win32_1.4.0.202007081208/tools/bin/../lib/gcc/arm-none-eabi/7.3.1/../../../../arm-none-eabi/lib/thumb/v7-m/crt0.o
LOAD Core/Src/EEPROM.o
LOAD Core/Src/Flasher.o
LOAD Core/Src/Globals.o
LOAD Core/Src/ProgParser.o
LOAD Core/Src/main.o
LOAD Core/Src/stm32f1xx_hal_msp.o
LOAD Core/Src/stm32f1xx_it.o
LOAD Core/Src/syscalls.o
LOAD Core/Src/sysmem.o
LOAD Core/Src/system_stm32f1xx.o
LOAD Core/Startup/startup_stm32f103c8tx.o
LOAD Drivers/STM32F1xx_HAL_Driver/Src/stm32f1xx_hal.o
LOAD Drivers/STM32F1xx_HAL_Driver/Src/stm32f1xx_hal_adc.o
LOAD Drivers/STM32F1xx_HAL_Driver/Src/stm32f1xx_hal_adc_ex.o
LOAD Drivers/STM32F1xx_HAL_Driver/Src/stm32f1xx_hal_can.o
LOAD Drivers/STM32F1xx_HAL_Driver/Src/stm32f1xx_hal_cortex.o
LOAD Drivers/STM32F1xx_HAL_Driver/Src/stm32f1xx_hal_dma.o
LOAD Drivers/STM32F1xx_HAL_Driver/Src/stm32f1xx_hal_exti.o
LOAD Drivers/STM32F1xx_HAL_Driver/Src/stm32f1xx_hal_flash.o
LOAD Drivers/STM32F1xx_HAL_Driver/Src/stm32f1xx_hal_flash_ex.o
LOAD Drivers/STM32F1xx_HAL_Driver/Src/stm32f1xx_hal_gpio.o
LOAD Drivers/STM32F1xx_HAL_Driver/Src/stm32f1xx_hal_gpio_ex.o
LOAD Drivers/STM32F1xx_HAL_Driver/Src/stm32f1xx_hal_i2c.o
LOAD Drivers/STM32F1xx_HAL_Driver/Src/stm32f1xx_hal_iwdg.o
LOAD Drivers/STM32F1xx_HAL_Driver/Src/stm32f1xx_hal_pcd.o
LOAD Drivers/STM32F1xx_HAL_Driver/Src/stm32f1xx_hal_pcd_ex.o
LOAD Drivers/STM32F1xx_HAL_Driver/Src/stm32f1xx_hal_pwr.o
LOAD Drivers/STM32F1xx_HAL_Driver/Src/stm32f1xx_hal_rcc.o
LOAD Drivers/STM32F1xx_HAL_Driver/Src/stm32f1xx_hal_rcc_ex.o
LOAD Drivers/STM32F1xx_HAL_Driver/Src/stm32f1xx_hal_spi.o
LOAD Drivers/STM32F1xx_HAL_Driver/Src/stm32f1xx_hal_tim.o
LOAD Drivers/STM32F1xx_HAL_Driver/Src/stm32f1xx_hal_tim_ex.o
LOAD Drivers/STM32F1xx_HAL_Driver/Src/stm32f1xx_ll_usb.o
LOAD Middlewares/ST/STM32_USB_Device_Library/Class/CDC/Src/usbd_cdc.o
LOAD Middlewares/ST/STM32_USB_Device_Library/Core/Src/usbd_core.o
LOAD Middlewares/ST/STM32_USB_Device_Library/Core/Src/usbd_ctlreq.o
LOAD Middlewares/ST/STM32_USB_Device_Library/Core/Src/usbd_ioreq.o
LOAD USB_DEVICE/App/usb_device.o
LOAD USB_DEVICE/App/usbd_cdc_if.o
LOAD USB_DEVICE/App/usbd_desc.o
LOAD USB_DEVICE/Target/usbd_conf.o
START GROUP
LOAD c:/st/stm32cubeide_1.1.0/stm32cubeide/plugins/com.st.stm32cube.ide.mcu.externaltools.gnu-tools-for-stm32.7-2018-q2-update.win32_1.4.0.202007081208/tools/bin/../lib/gcc/arm-none-eabi/7.3.1/../../../../arm-none-eabi/lib/thumb/v7-m\libc_nano.a
LOAD c:/st/stm32cubeide_1.1.0/stm32cubeide/plugins/com.st.stm32cube.ide.mcu.externaltools.gnu-tools-for-stm32.7-2018-q2-update.win32_1.4.0.202007081208/tools/bin/../lib/gcc/arm-none-eabi/7.3.1/../../../../arm-none-eabi/lib/thumb/v7-m\libm.a
END GROUP
START GROUP
LOAD c:/st/stm32cubeide_1.1.0/stm32cubeide/plugins/com.st.stm32cube.ide.mcu.externaltools.gnu-tools-for-stm32.7-2018-q2-update.win32_1.4.0.202007081208/tools/bin/../lib/gcc/arm-none-eabi/7.3.1/thumb/v7-m\libgcc.a
LOAD c:/st/stm32cubeide_1.1.0/stm32cubeide/plugins/com.st.stm32cube.ide.mcu.externaltools.gnu-tools-for-stm32.7-2018-q2-update.win32_1.4.0.202007081208/tools/bin/../lib/gcc/arm-none-eabi/7.3.1/../../../../arm-none-eabi/lib/thumb/v7-m\libc_nano.a
END GROUP
START GROUP
LOAD c:/st/stm32cubeide_1.1.0/stm32cubeide/plugins/com.st.stm32cube.ide.mcu.externaltools.gnu-tools-for-stm32.7-2018-q2-update.win32_1.4.0.202007081208/tools/bin/../lib/gcc/arm-none-eabi/7.3.1/thumb/v7-m\libgcc.a
LOAD c:/st/stm32cubeide_1.1.0/stm32cubeide/plugins/com.st.stm32cube.ide.mcu.externaltools.gnu-tools-for-stm32.7-2018-q2-update.win32_1.4.0.202007081208/tools/bin/../lib/gcc/arm-none-eabi/7.3.1/../../../../arm-none-eabi/lib/thumb/v7-m\libc_nano.a
LOAD c:/st/stm32cubeide_1.1.0/stm32cubeide/plugins/com.st.stm32cube.ide.mcu.externaltools.gnu-tools-for-stm32.7-2018-q2-update.win32_1.4.0.202007081208/tools/bin/../lib/gcc/arm-none-eabi/7.3.1/../../../../arm-none-eabi/lib/thumb/v7-m\libnosys.a
END GROUP
START GROUP
LOAD c:/st/stm32cubeide_1.1.0/stm32cubeide/plugins/com.st.stm32cube.ide.mcu.externaltools.gnu-tools-for-stm32.7-2018-q2-update.win32_1.4.0.202007081208/tools/bin/../lib/gcc/arm-none-eabi/7.3.1/thumb/v7-m\libgcc.a
LOAD c:/st/stm32cubeide_1.1.0/stm32cubeide/plugins/com.st.stm32cube.ide.mcu.externaltools.gnu-tools-for-stm32.7-2018-q2-update.win32_1.4.0.202007081208/tools/bin/../lib/gcc/arm-none-eabi/7.3.1/../../../../arm-none-eabi/lib/thumb/v7-m\libc_nano.a
LOAD c:/st/stm32cubeide_1.1.0/stm32cubeide/plugins/com.st.stm32cube.ide.mcu.externaltools.gnu-tools-for-stm32.7-2018-q2-update.win32_1.4.0.202007081208/tools/bin/../lib/gcc/arm-none-eabi/7.3.1/../../../../arm-none-eabi/lib/thumb/v7-m\libnosys.a
END GROUP
LOAD c:/st/stm32cubeide_1.1.0/stm32cubeide/plugins/com.st.stm32cube.ide.mcu.externaltools.gnu-tools-for-stm32.7-2018-q2-update.win32_1.4.0.202007081208/tools/bin/../lib/gcc/arm-none-eabi/7.3.1/thumb/v7-m/crtend.o
LOAD c:/st/stm32cubeide_1.1.0/stm32cubeide/plugins/com.st.stm32cube.ide.mcu.externaltools.gnu-tools-for-stm32.7-2018-q2-update.win32_1.4.0.202007081208/tools/bin/../lib/gcc/arm-none-eabi/7.3.1/thumb/v7-m/crtn.o
                0x0000000020005000                _estack = (ORIGIN (RAM) + LENGTH (RAM))
                0x0000000000000400                _Min_Heap_Size = 0x400
                0x0000000000000600                _Min_Stack_Size = 0x600

.isr_vector     0x0000000008000000      0x10c
                0x0000000008000000                . = ALIGN (0x4)
 *(.isr_vector)
 .isr_vector    0x0000000008000000      0x10c Core/Startup/startup_stm32f103c8tx.o
                0x0000000008000000                g_pfnVectors
                0x000000000800010c                . = ALIGN (0x4)

.text           0x0000000008000110     0xbe90
                0x0000000008000110                . = ALIGN (0x4)
 *(.text)
 .text          0x0000000008000110       0x40 c:/st/stm32cubeide_1.1.0/stm32cubeide/plugins/com.st.stm32cube.ide.mcu.externaltools.gnu-tools-for-stm32.7-2018-q2-update.win32_1.4.0.202007081208/tools/bin/../lib/gcc/arm-none-eabi/7.3.1/thumb/v7-m/crtbegin.o
 .text          0x0000000008000150       0x10 c:/st/stm32cubeide_1.1.0/stm32cubeide/plugins/com.st.stm32cube.ide.mcu.externaltools.gnu-tools-for-stm32.7-2018-q2-update.win32_1.4.0.202007081208/tools/bin/../lib/gcc/arm-none-eabi/7.3.1/../../../../arm-none-eabi/lib/thumb/v7-m\libc_nano.a(lib_a-strlen.o)
                0x0000000008000150                strlen
 .text          0x0000000008000160      0x378 c:/st/stm32cubeide_1.1.0/stm32cubeide/plugins/com.st.stm32cube.ide.mcu.externaltools.gnu-tools-for-stm32.7-2018-q2-update.win32_1.4.0.202007081208/tools/bin/../lib/gcc/arm-none-eabi/7.3.1/thumb/v7-m\libgcc.a(_arm_addsubdf3.o)
                0x0000000008000160                __aeabi_drsub
                0x0000000008000168                __aeabi_dsub
                0x0000000008000168                __subdf3
                0x000000000800016c                __aeabi_dadd
                0x000000000800016c                __adddf3
                0x00000000080003e4                __floatunsidf
                0x00000000080003e4                __aeabi_ui2d
                0x0000000008000404                __floatsidf
                0x0000000008000404                __aeabi_i2d
                0x0000000008000428                __aeabi_f2d
                0x0000000008000428                __extendsfdf2
                0x000000000800046c                __floatundidf
                0x000000000800046c                __aeabi_ul2d
                0x000000000800047c                __floatdidf
                0x000000000800047c                __aeabi_l2d
 .text          0x00000000080004d8      0x424 c:/st/stm32cubeide_1.1.0/stm32cubeide/plugins/com.st.stm32cube.ide.mcu.externaltools.gnu-tools-for-stm32.7-2018-q2-update.win32_1.4.0.202007081208/tools/bin/../lib/gcc/arm-none-eabi/7.3.1/thumb/v7-m\libgcc.a(_arm_muldivdf3.o)
                0x00000000080004d8                __aeabi_dmul
                0x00000000080004d8                __muldf3
                0x000000000800072c                __divdf3
                0x000000000800072c                __aeabi_ddiv
 .text          0x00000000080008fc       0xa0 c:/st/stm32cubeide_1.1.0/stm32cubeide/plugins/com.st.stm32cube.ide.mcu.externaltools.gnu-tools-for-stm32.7-2018-q2-update.win32_1.4.0.202007081208/tools/bin/../lib/gcc/arm-none-eabi/7.3.1/thumb/v7-m\libgcc.a(_arm_truncdfsf2.o)
                0x00000000080008fc                __truncdfsf2
                0x00000000080008fc                __aeabi_d2f
 .text          0x000000000800099c      0x21c c:/st/stm32cubeide_1.1.0/stm32cubeide/plugins/com.st.stm32cube.ide.mcu.externaltools.gnu-tools-for-stm32.7-2018-q2-update.win32_1.4.0.202007081208/tools/bin/../lib/gcc/arm-none-eabi/7.3.1/thumb/v7-m\libgcc.a(_arm_addsubsf3.o)
                0x000000000800099c                __aeabi_frsub
                0x00000000080009a4                __subsf3
                0x00000000080009a4                __aeabi_fsub
                0x00000000080009a8                __aeabi_fadd
                0x00000000080009a8                __addsf3
                0x0000000008000b08                __aeabi_ui2f
                0x0000000008000b08                __floatunsisf
                0x0000000008000b10                __aeabi_i2f
                0x0000000008000b10                __floatsisf
                0x0000000008000b2c                __aeabi_ul2f
                0x0000000008000b2c                __floatundisf
                0x0000000008000b3c                __aeabi_l2f
                0x0000000008000b3c                __floatdisf
 .text          0x0000000008000bb8      0x2a0 c:/st/stm32cubeide_1.1.0/stm32cubeide/plugins/com.st.stm32cube.ide.mcu.externaltools.gnu-tools-for-stm32.7-2018-q2-update.win32_1.4.0.202007081208/tools/bin/../lib/gcc/arm-none-eabi/7.3.1/thumb/v7-m\libgcc.a(_arm_muldivsf3.o)
                0x0000000008000bb8                __mulsf3
                0x0000000008000bb8                __aeabi_fmul
                0x0000000008000d20                __aeabi_fdiv
                0x0000000008000d20                __divsf3
 .text          0x0000000008000e58       0xec c:/st/stm32cubeide_1.1.0/stm32cubeide/plugins/com.st.stm32cube.ide.mcu.externaltools.gnu-tools-for-stm32.7-2018-q2-update.win32_1.4.0.202007081208/tools/bin/../lib/gcc/arm-none-eabi/7.3.1/thumb/v7-m\libgcc.a(_arm_cmpsf2.o)
                0x0000000008000e58                __gesf2
                0x0000000008000e58                __gtsf2
                0x0000000008000e60                __lesf2
                0x0000000008000e60                __ltsf2
                0x0000000008000e68                __nesf2
                0x0000000008000e68                __eqsf2
                0x0000000008000e68                __cmpsf2
                0x0000000008000ec8                __aeabi_cfrcmple
                0x0000000008000ed0                __aeabi_cfcmpeq
                0x0000000008000ed0                __aeabi_cfcmple
                0x0000000008000ee0                __aeabi_fcmpeq
                0x0000000008000ef4                __aeabi_fcmplt
                0x0000000008000f08                __aeabi_fcmple
                0x0000000008000f1c                __aeabi_fcmpge
                0x0000000008000f30                __aeabi_fcmpgt
 .text          0x0000000008000f44       0x4c c:/st/stm32cubeide_1.1.0/stm32cubeide/plugins/com.st.stm32cube.ide.mcu.externaltools.gnu-tools-for-stm32.7-2018-q2-update.win32_1.4.0.202007081208/tools/bin/../lib/gcc/arm-none-eabi/7.3.1/thumb/v7-m\libgcc.a(_arm_fixsfsi.o)
                0x0000000008000f44                __aeabi_f2iz
                0x0000000008000f44                __fixsfsi
 *(.text*)
 .text.SPI_RW   0x0000000008000f90       0x38 Core/Src/EEPROM.o
                0x0000000008000f90                SPI_RW
 .text.Flash_Init
                0x0000000008000fc8       0x24 Core/Src/EEPROM.o
                0x0000000008000fc8                Flash_Init
 .text.Flash_WriteEnable
                0x0000000008000fec       0x2c Core/Src/EEPROM.o
                0x0000000008000fec                Flash_WriteEnable
 .text.Flash_WriteDisable
                0x0000000008001018       0x2c Core/Src/EEPROM.o
                0x0000000008001018                Flash_WriteDisable
 .text.Flash_ReadStatusRegister1
                0x0000000008001044       0x40 Core/Src/EEPROM.o
                0x0000000008001044                Flash_ReadStatusRegister1
 .text.Flash_WaitForWriteEnd
                0x0000000008001084       0x54 Core/Src/EEPROM.o
                0x0000000008001084                Flash_WaitForWriteEnd
 .text.Flash_EraseChip
                0x00000000080010d8       0x40 Core/Src/EEPROM.o
                0x00000000080010d8                Flash_EraseChip
 .text.Flash_WritePage
                0x0000000008001118       0x98 Core/Src/EEPROM.o
                0x0000000008001118                Flash_WritePage
 .text.Flash_ReadPage
                0x00000000080011b0       0x9c Core/Src/EEPROM.o
                0x00000000080011b0                Flash_ReadPage
 .text.FlasherInit
                0x000000000800124c       0x12 Core/Src/Flasher.o
                0x000000000800124c                FlasherInit
 *fill*         0x000000000800125e        0x2 
 .text.getCRC   0x0000000008001260       0xb4 Core/Src/Flasher.o
                0x0000000008001260                getCRC
 .text.SendAnswer
                0x0000000008001314       0x26 Core/Src/Flasher.o
                0x0000000008001314                SendAnswer
 *fill*         0x000000000800133a        0x2 
 .text.HexBufToBuf
                0x000000000800133c       0x98 Core/Src/Flasher.o
                0x000000000800133c                HexBufToBuf
 .text.WheitBusy
                0x00000000080013d4        0xc Core/Src/Flasher.o
                0x00000000080013d4                WheitBusy
 .text.ProcessRecvedBuf
                0x00000000080013e0      0x190 Core/Src/Flasher.o
                0x00000000080013e0                ProcessRecvedBuf
 .text.FinishFlash
                0x0000000008001570       0xb8 Core/Src/Flasher.o
                0x0000000008001570                FinishFlash
 .text.TestFlash
                0x0000000008001628       0xe4 Core/Src/Flasher.o
                0x0000000008001628                TestFlash
 .text.PC_BuffProcessing
                0x000000000800170c      0x10c Core/Src/Flasher.o
                0x000000000800170c                PC_BuffProcessing
 .text.InitGlobals
                0x0000000008001818       0x70 Core/Src/Globals.o
                0x0000000008001818                InitGlobals
 .text.ParsersInit
                0x0000000008001888       0x40 Core/Src/ProgParser.o
                0x0000000008001888                ParsersInit
 .text.SetUp_PullUp_Mask
                0x00000000080018c8      0x108 Core/Src/ProgParser.o
                0x00000000080018c8                SetUp_PullUp_Mask
 .text.ParseXString
                0x00000000080019d0      0x400 Core/Src/ProgParser.o
                0x00000000080019d0                ParseXString
 .text.ProcessXs
                0x0000000008001dd0      0x144 Core/Src/ProgParser.o
                0x0000000008001dd0                ProcessXs
 .text.ProcessCoils
                0x0000000008001f14       0x90 Core/Src/ProgParser.o
                0x0000000008001f14                ProcessCoils
 .text.ProcessTimer
                0x0000000008001fa4       0xae Core/Src/ProgParser.o
                0x0000000008001fa4                ProcessTimer
 *fill*         0x0000000008002052        0x2 
 .text.ProcessTimers
                0x0000000008002054       0x34 Core/Src/ProgParser.o
                0x0000000008002054                ProcessTimers
 .text.SetTimerParams
                0x0000000008002088       0x54 Core/Src/ProgParser.o
                0x0000000008002088                SetTimerParams
 .text.ProcessProgLine
                0x00000000080020dc      0x70c Core/Src/ProgParser.o
                0x00000000080020dc                ProcessProgLine
 .text.ProgInit
                0x00000000080027e8      0x31c Core/Src/ProgParser.o
                0x00000000080027e8                ProgInit
 .text.ProcessProgramm
                0x0000000008002b04      0x148 Core/Src/ProgParser.o
                0x0000000008002b04                ProcessProgramm
 .text.ProcessIO
                0x0000000008002c4c       0xf4 Core/Src/ProgParser.o
                0x0000000008002c4c                ProcessIO
 .text.LED_Service
                0x0000000008002d40       0xe8 Core/Src/main.o
                0x0000000008002d40                LED_Service
 .text.Led_Startup
                0x0000000008002e28       0xa0 Core/Src/main.o
                0x0000000008002e28                Led_Startup
 .text.main     0x0000000008002ec8       0x90 Core/Src/main.o
                0x0000000008002ec8                main
 .text.SystemClock_Config
                0x0000000008002f58       0xc0 Core/Src/main.o
                0x0000000008002f58                SystemClock_Config
 .text.MX_ADC1_Init
                0x0000000008003018      0x17c Core/Src/main.o
 .text.MX_CAN_Init
                0x0000000008003194       0x68 Core/Src/main.o
 .text.MX_I2C2_Init
                0x00000000080031fc       0x5c Core/Src/main.o
 .text.MX_IWDG_Init
                0x0000000008003258       0x34 Core/Src/main.o
 .text.MX_SPI2_Init
                0x000000000800328c       0x6c Core/Src/main.o
 .text.MX_DMA_Init
                0x00000000080032f8       0x3c Core/Src/main.o
 .text.MX_GPIO_Init
                0x0000000008003334      0x10c Core/Src/main.o
 .text.WDT      0x0000000008003440       0x14 Core/Src/main.o
                0x0000000008003440                WDT
 .text.Send_Data_To_CDC
                0x0000000008003454       0x88 Core/Src/main.o
                0x0000000008003454                Send_Data_To_CDC
 .text.CDC_RX_IRQ_Handler
                0x00000000080034dc       0x98 Core/Src/main.o
                0x00000000080034dc                CDC_RX_IRQ_Handler
 .text.USB_RX_MainProcess
                0x0000000008003574       0x50 Core/Src/main.o
                0x0000000008003574                USB_RX_MainProcess
 .text.SysTickEvent
                0x00000000080035c4        0xc Core/Src/main.o
                0x00000000080035c4                SysTickEvent
 .text.ADC_Interrupt_Handler
                0x00000000080035d0       0x18 Core/Src/main.o
                0x00000000080035d0                ADC_Interrupt_Handler
 .text.CalcProcents
                0x00000000080035e8       0xf4 Core/Src/main.o
                0x00000000080035e8                CalcProcents
 *fill*         0x00000000080036dc        0x4 
 .text.ProcessADC
                0x00000000080036e0      0x8e4 Core/Src/main.o
                0x00000000080036e0                ProcessADC
 .text.Error_Handler
                0x0000000008003fc4        0xc Core/Src/main.o
                0x0000000008003fc4                Error_Handler
 .text.HAL_MspInit
                0x0000000008003fd0       0x64 Core/Src/stm32f1xx_hal_msp.o
                0x0000000008003fd0                HAL_MspInit
 .text.HAL_ADC_MspInit
                0x0000000008004034       0xe4 Core/Src/stm32f1xx_hal_msp.o
                0x0000000008004034                HAL_ADC_MspInit
 .text.HAL_CAN_MspInit
                0x0000000008004118       0xe0 Core/Src/stm32f1xx_hal_msp.o
                0x0000000008004118                HAL_CAN_MspInit
 .text.HAL_I2C_MspInit
                0x00000000080041f8       0x80 Core/Src/stm32f1xx_hal_msp.o
                0x00000000080041f8                HAL_I2C_MspInit
 .text.HAL_SPI_MspInit
                0x0000000008004278       0xa8 Core/Src/stm32f1xx_hal_msp.o
                0x0000000008004278                HAL_SPI_MspInit
 .text.NMI_Handler
                0x0000000008004320        0xc Core/Src/stm32f1xx_it.o
                0x0000000008004320                NMI_Handler
 .text.HardFault_Handler
                0x000000000800432c        0x6 Core/Src/stm32f1xx_it.o
                0x000000000800432c                HardFault_Handler
 .text.MemManage_Handler
                0x0000000008004332        0x6 Core/Src/stm32f1xx_it.o
                0x0000000008004332                MemManage_Handler
 .text.BusFault_Handler
                0x0000000008004338        0x6 Core/Src/stm32f1xx_it.o
                0x0000000008004338                BusFault_Handler
 .text.UsageFault_Handler
                0x000000000800433e        0x6 Core/Src/stm32f1xx_it.o
                0x000000000800433e                UsageFault_Handler
 .text.SVC_Handler
                0x0000000008004344        0xc Core/Src/stm32f1xx_it.o
                0x0000000008004344                SVC_Handler
 .text.DebugMon_Handler
                0x0000000008004350        0xc Core/Src/stm32f1xx_it.o
                0x0000000008004350                DebugMon_Handler
 .text.PendSV_Handler
                0x000000000800435c        0xc Core/Src/stm32f1xx_it.o
                0x000000000800435c                PendSV_Handler
 .text.SysTick_Handler
                0x0000000008004368       0x10 Core/Src/stm32f1xx_it.o
                0x0000000008004368                SysTick_Handler
 .text.DMA1_Channel1_IRQHandler
                0x0000000008004378       0x18 Core/Src/stm32f1xx_it.o
                0x0000000008004378                DMA1_Channel1_IRQHandler
 .text.ADC1_2_IRQHandler
                0x0000000008004390       0x14 Core/Src/stm32f1xx_it.o
                0x0000000008004390                ADC1_2_IRQHandler
 .text.USB_HP_CAN1_TX_IRQHandler
                0x00000000080043a4       0x1c Core/Src/stm32f1xx_it.o
                0x00000000080043a4                USB_HP_CAN1_TX_IRQHandler
 .text.USB_LP_CAN1_RX0_IRQHandler
                0x00000000080043c0       0x28 Core/Src/stm32f1xx_it.o
                0x00000000080043c0                USB_LP_CAN1_RX0_IRQHandler
 .text.SPI2_IRQHandler
                0x00000000080043e8       0x14 Core/Src/stm32f1xx_it.o
                0x00000000080043e8                SPI2_IRQHandler
 .text._sbrk    0x00000000080043fc       0x6c Core/Src/sysmem.o
                0x00000000080043fc                _sbrk
 .text.SystemInit
                0x0000000008004468       0x68 Core/Src/system_stm32f1xx.o
                0x0000000008004468                SystemInit
 .text.Reset_Handler
                0x00000000080044d0       0x48 Core/Startup/startup_stm32f103c8tx.o
                0x00000000080044d0                Reset_Handler
 .text.Default_Handler
                0x0000000008004518        0x2 Core/Startup/startup_stm32f103c8tx.o
                0x0000000008004518                RTC_Alarm_IRQHandler
                0x0000000008004518                EXTI2_IRQHandler
                0x0000000008004518                TIM1_CC_IRQHandler
                0x0000000008004518                PVD_IRQHandler
                0x0000000008004518                EXTI3_IRQHandler
                0x0000000008004518                EXTI0_IRQHandler
                0x0000000008004518                I2C2_EV_IRQHandler
                0x0000000008004518                SPI1_IRQHandler
                0x0000000008004518                TAMPER_IRQHandler
                0x0000000008004518                DMA1_Channel4_IRQHandler
                0x0000000008004518                USART3_IRQHandler
                0x0000000008004518                RTC_IRQHandler
                0x0000000008004518                DMA1_Channel7_IRQHandler
                0x0000000008004518                CAN1_RX1_IRQHandler
                0x0000000008004518                TIM4_IRQHandler
                0x0000000008004518                I2C1_EV_IRQHandler
                0x0000000008004518                DMA1_Channel6_IRQHandler
                0x0000000008004518                TIM3_IRQHandler
                0x0000000008004518                RCC_IRQHandler
                0x0000000008004518                TIM1_TRG_COM_IRQHandler
                0x0000000008004518                Default_Handler
                0x0000000008004518                EXTI15_10_IRQHandler
                0x0000000008004518                EXTI9_5_IRQHandler
                0x0000000008004518                DMA1_Channel5_IRQHandler
                0x0000000008004518                EXTI4_IRQHandler
                0x0000000008004518                DMA1_Channel3_IRQHandler
                0x0000000008004518                TIM1_UP_IRQHandler
                0x0000000008004518                WWDG_IRQHandler
                0x0000000008004518                TIM2_IRQHandler
                0x0000000008004518                TIM1_BRK_IRQHandler
                0x0000000008004518                EXTI1_IRQHandler
                0x0000000008004518                USART2_IRQHandler
                0x0000000008004518                I2C2_ER_IRQHandler
                0x0000000008004518                DMA1_Channel2_IRQHandler
                0x0000000008004518                CAN1_SCE_IRQHandler
                0x0000000008004518                FLASH_IRQHandler
                0x0000000008004518                USART1_IRQHandler
                0x0000000008004518                I2C1_ER_IRQHandler
                0x0000000008004518                USBWakeUp_IRQHandler
 *fill*         0x000000000800451a        0x2 
 .text.HAL_Init
                0x000000000800451c       0x2c Drivers/STM32F1xx_HAL_Driver/Src/stm32f1xx_hal.o
                0x000000000800451c                HAL_Init
 .text.HAL_InitTick
                0x0000000008004548       0x60 Drivers/STM32F1xx_HAL_Driver/Src/stm32f1xx_hal.o
                0x0000000008004548                HAL_InitTick
 .text.HAL_IncTick
                0x00000000080045a8       0x24 Drivers/STM32F1xx_HAL_Driver/Src/stm32f1xx_hal.o
                0x00000000080045a8                HAL_IncTick
 .text.HAL_GetTick
                0x00000000080045cc       0x14 Drivers/STM32F1xx_HAL_Driver/Src/stm32f1xx_hal.o
                0x00000000080045cc                HAL_GetTick
 .text.HAL_Delay
                0x00000000080045e0       0x44 Drivers/STM32F1xx_HAL_Driver/Src/stm32f1xx_hal.o
                0x00000000080045e0                HAL_Delay
 .text.HAL_ADC_Init
                0x0000000008004624      0x1b0 Drivers/STM32F1xx_HAL_Driver/Src/stm32f1xx_hal_adc.o
                0x0000000008004624                HAL_ADC_Init
 .text.HAL_ADC_Start_DMA
                0x00000000080047d4      0x1bc Drivers/STM32F1xx_HAL_Driver/Src/stm32f1xx_hal_adc.o
                0x00000000080047d4                HAL_ADC_Start_DMA
 .text.HAL_ADC_IRQHandler
                0x0000000008004990      0x186 Drivers/STM32F1xx_HAL_Driver/Src/stm32f1xx_hal_adc.o
                0x0000000008004990                HAL_ADC_IRQHandler
 .text.HAL_ADC_ConvCpltCallback
                0x0000000008004b16       0x12 Drivers/STM32F1xx_HAL_Driver/Src/stm32f1xx_hal_adc.o
                0x0000000008004b16                HAL_ADC_ConvCpltCallback
 .text.HAL_ADC_ConvHalfCpltCallback
                0x0000000008004b28       0x12 Drivers/STM32F1xx_HAL_Driver/Src/stm32f1xx_hal_adc.o
                0x0000000008004b28                HAL_ADC_ConvHalfCpltCallback
 .text.HAL_ADC_LevelOutOfWindowCallback
                0x0000000008004b3a       0x12 Drivers/STM32F1xx_HAL_Driver/Src/stm32f1xx_hal_adc.o
                0x0000000008004b3a                HAL_ADC_LevelOutOfWindowCallback
 .text.HAL_ADC_ErrorCallback
                0x0000000008004b4c       0x12 Drivers/STM32F1xx_HAL_Driver/Src/stm32f1xx_hal_adc.o
                0x0000000008004b4c                HAL_ADC_ErrorCallback
 *fill*         0x0000000008004b5e        0x2 
 .text.HAL_ADC_ConfigChannel
                0x0000000008004b60      0x1f0 Drivers/STM32F1xx_HAL_Driver/Src/stm32f1xx_hal_adc.o
                0x0000000008004b60                HAL_ADC_ConfigChannel
 .text.ADC_Enable
                0x0000000008004d50       0xa4 Drivers/STM32F1xx_HAL_Driver/Src/stm32f1xx_hal_adc.o
                0x0000000008004d50                ADC_Enable
 .text.ADC_ConversionStop_Disable
                0x0000000008004df4       0x74 Drivers/STM32F1xx_HAL_Driver/Src/stm32f1xx_hal_adc.o
                0x0000000008004df4                ADC_ConversionStop_Disable
 .text.ADC_DMAConvCplt
                0x0000000008004e68       0x7c Drivers/STM32F1xx_HAL_Driver/Src/stm32f1xx_hal_adc.o
                0x0000000008004e68                ADC_DMAConvCplt
 .text.ADC_DMAHalfConvCplt
                0x0000000008004ee4       0x1c Drivers/STM32F1xx_HAL_Driver/Src/stm32f1xx_hal_adc.o
                0x0000000008004ee4                ADC_DMAHalfConvCplt
 .text.ADC_DMAError
                0x0000000008004f00       0x34 Drivers/STM32F1xx_HAL_Driver/Src/stm32f1xx_hal_adc.o
                0x0000000008004f00                ADC_DMAError
 .text.HAL_ADCEx_InjectedConvCpltCallback
                0x0000000008004f34       0x12 Drivers/STM32F1xx_HAL_Driver/Src/stm32f1xx_hal_adc_ex.o
                0x0000000008004f34                HAL_ADCEx_InjectedConvCpltCallback
 .text.HAL_CAN_Init
                0x0000000008004f46      0x1f6 Drivers/STM32F1xx_HAL_Driver/Src/stm32f1xx_hal_can.o
                0x0000000008004f46                HAL_CAN_Init
 .text.HAL_CAN_IRQHandler
                0x000000000800513c      0x362 Drivers/STM32F1xx_HAL_Driver/Src/stm32f1xx_hal_can.o
                0x000000000800513c                HAL_CAN_IRQHandler
 .text.HAL_CAN_TxMailbox0CompleteCallback
                0x000000000800549e       0x12 Drivers/STM32F1xx_HAL_Driver/Src/stm32f1xx_hal_can.o
                0x000000000800549e                HAL_CAN_TxMailbox0CompleteCallback
 .text.HAL_CAN_TxMailbox1CompleteCallback
                0x00000000080054b0       0x12 Drivers/STM32F1xx_HAL_Driver/Src/stm32f1xx_hal_can.o
                0x00000000080054b0                HAL_CAN_TxMailbox1CompleteCallback
 .text.HAL_CAN_TxMailbox2CompleteCallback
                0x00000000080054c2       0x12 Drivers/STM32F1xx_HAL_Driver/Src/stm32f1xx_hal_can.o
                0x00000000080054c2                HAL_CAN_TxMailbox2CompleteCallback
 .text.HAL_CAN_TxMailbox0AbortCallback
                0x00000000080054d4       0x12 Drivers/STM32F1xx_HAL_Driver/Src/stm32f1xx_hal_can.o
                0x00000000080054d4                HAL_CAN_TxMailbox0AbortCallback
 .text.HAL_CAN_TxMailbox1AbortCallback
                0x00000000080054e6       0x12 Drivers/STM32F1xx_HAL_Driver/Src/stm32f1xx_hal_can.o
                0x00000000080054e6                HAL_CAN_TxMailbox1AbortCallback
 .text.HAL_CAN_TxMailbox2AbortCallback
                0x00000000080054f8       0x12 Drivers/STM32F1xx_HAL_Driver/Src/stm32f1xx_hal_can.o
                0x00000000080054f8                HAL_CAN_TxMailbox2AbortCallback
 .text.HAL_CAN_RxFifo0MsgPendingCallback
                0x000000000800550a       0x12 Drivers/STM32F1xx_HAL_Driver/Src/stm32f1xx_hal_can.o
                0x000000000800550a                HAL_CAN_RxFifo0MsgPendingCallback
 .text.HAL_CAN_RxFifo0FullCallback
                0x000000000800551c       0x12 Drivers/STM32F1xx_HAL_Driver/Src/stm32f1xx_hal_can.o
                0x000000000800551c                HAL_CAN_RxFifo0FullCallback
 .text.HAL_CAN_RxFifo1MsgPendingCallback
                0x000000000800552e       0x12 Drivers/STM32F1xx_HAL_Driver/Src/stm32f1xx_hal_can.o
                0x000000000800552e                HAL_CAN_RxFifo1MsgPendingCallback
 .text.HAL_CAN_RxFifo1FullCallback
                0x0000000008005540       0x12 Drivers/STM32F1xx_HAL_Driver/Src/stm32f1xx_hal_can.o
                0x0000000008005540                HAL_CAN_RxFifo1FullCallback
 .text.HAL_CAN_SleepCallback
                0x0000000008005552       0x12 Drivers/STM32F1xx_HAL_Driver/Src/stm32f1xx_hal_can.o
                0x0000000008005552                HAL_CAN_SleepCallback
 .text.HAL_CAN_WakeUpFromRxMsgCallback
                0x0000000008005564       0x12 Drivers/STM32F1xx_HAL_Driver/Src/stm32f1xx_hal_can.o
                0x0000000008005564                HAL_CAN_WakeUpFromRxMsgCallback
 .text.HAL_CAN_ErrorCallback
                0x0000000008005576       0x12 Drivers/STM32F1xx_HAL_Driver/Src/stm32f1xx_hal_can.o
                0x0000000008005576                HAL_CAN_ErrorCallback
 .text.__NVIC_SetPriorityGrouping
                0x0000000008005588       0x48 Drivers/STM32F1xx_HAL_Driver/Src/stm32f1xx_hal_cortex.o
 .text.__NVIC_GetPriorityGrouping
                0x00000000080055d0       0x1c Drivers/STM32F1xx_HAL_Driver/Src/stm32f1xx_hal_cortex.o
 .text.__NVIC_EnableIRQ
                0x00000000080055ec       0x38 Drivers/STM32F1xx_HAL_Driver/Src/stm32f1xx_hal_cortex.o
 .text.__NVIC_SetPriority
                0x0000000008005624       0x54 Drivers/STM32F1xx_HAL_Driver/Src/stm32f1xx_hal_cortex.o
 .text.NVIC_EncodePriority
                0x0000000008005678       0x64 Drivers/STM32F1xx_HAL_Driver/Src/stm32f1xx_hal_cortex.o
 .text.SysTick_Config
                0x00000000080056dc       0x44 Drivers/STM32F1xx_HAL_Driver/Src/stm32f1xx_hal_cortex.o
 .text.HAL_NVIC_SetPriorityGrouping
                0x0000000008005720       0x16 Drivers/STM32F1xx_HAL_Driver/Src/stm32f1xx_hal_cortex.o
                0x0000000008005720                HAL_NVIC_SetPriorityGrouping
 .text.HAL_NVIC_SetPriority
                0x0000000008005736       0x38 Drivers/STM32F1xx_HAL_Driver/Src/stm32f1xx_hal_cortex.o
                0x0000000008005736                HAL_NVIC_SetPriority
 .text.HAL_NVIC_EnableIRQ
                0x000000000800576e       0x1c Drivers/STM32F1xx_HAL_Driver/Src/stm32f1xx_hal_cortex.o
                0x000000000800576e                HAL_NVIC_EnableIRQ
 .text.HAL_SYSTICK_Config
                0x000000000800578a       0x18 Drivers/STM32F1xx_HAL_Driver/Src/stm32f1xx_hal_cortex.o
                0x000000000800578a                HAL_SYSTICK_Config
 *fill*         0x00000000080057a2        0x2 
 .text.HAL_DMA_Init
                0x00000000080057a4       0xb4 Drivers/STM32F1xx_HAL_Driver/Src/stm32f1xx_hal_dma.o
                0x00000000080057a4                HAL_DMA_Init
 .text.HAL_DMA_Start_IT
                0x0000000008005858       0xbe Drivers/STM32F1xx_HAL_Driver/Src/stm32f1xx_hal_dma.o
                0x0000000008005858                HAL_DMA_Start_IT
 *fill*         0x0000000008005916        0x2 
 .text.HAL_DMA_Abort_IT
                0x0000000008005918       0xec Drivers/STM32F1xx_HAL_Driver/Src/stm32f1xx_hal_dma.o
                0x0000000008005918                HAL_DMA_Abort_IT
 .text.HAL_DMA_IRQHandler
                0x0000000008005a04      0x20c Drivers/STM32F1xx_HAL_Driver/Src/stm32f1xx_hal_dma.o
                0x0000000008005a04                HAL_DMA_IRQHandler
 .text.DMA_SetConfig
                0x0000000008005c10       0x5a Drivers/STM32F1xx_HAL_Driver/Src/stm32f1xx_hal_dma.o
 *fill*         0x0000000008005c6a        0x2 
 .text.HAL_GPIO_Init
                0x0000000008005c6c      0x2b4 Drivers/STM32F1xx_HAL_Driver/Src/stm32f1xx_hal_gpio.o
                0x0000000008005c6c                HAL_GPIO_Init
 .text.HAL_GPIO_WritePin
                0x0000000008005f20       0x30 Drivers/STM32F1xx_HAL_Driver/Src/stm32f1xx_hal_gpio.o
                0x0000000008005f20                HAL_GPIO_WritePin
 .text.HAL_GPIO_TogglePin
                0x0000000008005f50       0x30 Drivers/STM32F1xx_HAL_Driver/Src/stm32f1xx_hal_gpio.o
                0x0000000008005f50                HAL_GPIO_TogglePin
 .text.HAL_I2C_Init
                0x0000000008005f80      0x250 Drivers/STM32F1xx_HAL_Driver/Src/stm32f1xx_hal_i2c.o
                0x0000000008005f80                HAL_I2C_Init
 .text.HAL_IWDG_Init
                0x00000000080061d0       0x72 Drivers/STM32F1xx_HAL_Driver/Src/stm32f1xx_hal_iwdg.o
                0x00000000080061d0                HAL_IWDG_Init
 .text.HAL_IWDG_Refresh
                0x0000000008006242       0x1e Drivers/STM32F1xx_HAL_Driver/Src/stm32f1xx_hal_iwdg.o
                0x0000000008006242                HAL_IWDG_Refresh
 .text.HAL_PCD_Init
                0x0000000008006260      0x1c2 Drivers/STM32F1xx_HAL_Driver/Src/stm32f1xx_hal_pcd.o
                0x0000000008006260                HAL_PCD_Init
 .text.HAL_PCD_Start
                0x0000000008006422       0x4c Drivers/STM32F1xx_HAL_Driver/Src/stm32f1xx_hal_pcd.o
                0x0000000008006422                HAL_PCD_Start
 .text.HAL_PCD_IRQHandler
                0x000000000800646e      0x21c Drivers/STM32F1xx_HAL_Driver/Src/stm32f1xx_hal_pcd.o
                0x000000000800646e                HAL_PCD_IRQHandler
 .text.HAL_PCD_SetAddress
                0x000000000800668a       0x4a Drivers/STM32F1xx_HAL_Driver/Src/stm32f1xx_hal_pcd.o
                0x000000000800668a                HAL_PCD_SetAddress
 .text.HAL_PCD_EP_Open
                0x00000000080066d4       0xc0 Drivers/STM32F1xx_HAL_Driver/Src/stm32f1xx_hal_pcd.o
                0x00000000080066d4                HAL_PCD_EP_Open
 .text.HAL_PCD_EP_Close
                0x0000000008006794       0x84 Drivers/STM32F1xx_HAL_Driver/Src/stm32f1xx_hal_pcd.o
                0x0000000008006794                HAL_PCD_EP_Close
 .text.HAL_PCD_EP_Receive
                0x0000000008006818       0x74 Drivers/STM32F1xx_HAL_Driver/Src/stm32f1xx_hal_pcd.o
                0x0000000008006818                HAL_PCD_EP_Receive
 .text.HAL_PCD_EP_GetRxCount
                0x000000000800688c       0x28 Drivers/STM32F1xx_HAL_Driver/Src/stm32f1xx_hal_pcd.o
                0x000000000800688c                HAL_PCD_EP_GetRxCount
 .text.HAL_PCD_EP_Transmit
                0x00000000080068b4       0x72 Drivers/STM32F1xx_HAL_Driver/Src/stm32f1xx_hal_pcd.o
                0x00000000080068b4                HAL_PCD_EP_Transmit
 .text.HAL_PCD_EP_SetStall
                0x0000000008006926       0xb4 Drivers/STM32F1xx_HAL_Driver/Src/stm32f1xx_hal_pcd.o
                0x0000000008006926                HAL_PCD_EP_SetStall
 .text.HAL_PCD_EP_ClrStall
                0x00000000080069da       0x9c Drivers/STM32F1xx_HAL_Driver/Src/stm32f1xx_hal_pcd.o
                0x00000000080069da                HAL_PCD_EP_ClrStall
 *fill*         0x0000000008006a76        0x2 
 .text.PCD_EP_ISR_Handler
                0x0000000008006a78      0x534 Drivers/STM32F1xx_HAL_Driver/Src/stm32f1xx_hal_pcd.o
 .text.HAL_PCDEx_PMAConfig
                0x0000000008006fac       0x78 Drivers/STM32F1xx_HAL_Driver/Src/stm32f1xx_hal_pcd_ex.o
                0x0000000008006fac                HAL_PCDEx_PMAConfig
 .text.HAL_RCC_OscConfig
                0x0000000008007024      0x500 Drivers/STM32F1xx_HAL_Driver/Src/stm32f1xx_hal_rcc.o
                0x0000000008007024                HAL_RCC_OscConfig
 .text.HAL_RCC_ClockConfig
                0x0000000008007524      0x1d4 Drivers/STM32F1xx_HAL_Driver/Src/stm32f1xx_hal_rcc.o
                0x0000000008007524                HAL_RCC_ClockConfig
 .text.HAL_RCC_GetSysClockFreq
                0x00000000080076f8       0xc8 Drivers/STM32F1xx_HAL_Driver/Src/stm32f1xx_hal_rcc.o
                0x00000000080076f8                HAL_RCC_GetSysClockFreq
 .text.HAL_RCC_GetHCLKFreq
                0x00000000080077c0       0x14 Drivers/STM32F1xx_HAL_Driver/Src/stm32f1xx_hal_rcc.o
                0x00000000080077c0                HAL_RCC_GetHCLKFreq
 .text.HAL_RCC_GetPCLK1Freq
                0x00000000080077d4       0x28 Drivers/STM32F1xx_HAL_Driver/Src/stm32f1xx_hal_rcc.o
                0x00000000080077d4                HAL_RCC_GetPCLK1Freq
 .text.RCC_Delay
                0x00000000080077fc       0x3c Drivers/STM32F1xx_HAL_Driver/Src/stm32f1xx_hal_rcc.o
 .text.HAL_RCCEx_PeriphCLKConfig
                0x0000000008007838      0x16c Drivers/STM32F1xx_HAL_Driver/Src/stm32f1xx_hal_rcc_ex.o
                0x0000000008007838                HAL_RCCEx_PeriphCLKConfig
 .text.HAL_SPI_Init
                0x00000000080079a4       0xc2 Drivers/STM32F1xx_HAL_Driver/Src/stm32f1xx_hal_spi.o
                0x00000000080079a4                HAL_SPI_Init
 .text.HAL_SPI_TransmitReceive
                0x0000000008007a66      0x344 Drivers/STM32F1xx_HAL_Driver/Src/stm32f1xx_hal_spi.o
                0x0000000008007a66                HAL_SPI_TransmitReceive
 *fill*         0x0000000008007daa        0x2 
 .text.HAL_SPI_IRQHandler
                0x0000000008007dac      0x1d0 Drivers/STM32F1xx_HAL_Driver/Src/stm32f1xx_hal_spi.o
                0x0000000008007dac                HAL_SPI_IRQHandler
 .text.HAL_SPI_ErrorCallback
                0x0000000008007f7c       0x12 Drivers/STM32F1xx_HAL_Driver/Src/stm32f1xx_hal_spi.o
                0x0000000008007f7c                HAL_SPI_ErrorCallback
 .text.SPI_DMAAbortOnError
                0x0000000008007f8e       0x28 Drivers/STM32F1xx_HAL_Driver/Src/stm32f1xx_hal_spi.o
 .text.SPI_WaitFlagStateUntilTimeout
                0x0000000008007fb6       0xd4 Drivers/STM32F1xx_HAL_Driver/Src/stm32f1xx_hal_spi.o
 .text.SPI_EndRxTxTransaction
                0x000000000800808a       0x3c Drivers/STM32F1xx_HAL_Driver/Src/stm32f1xx_hal_spi.o
 .text.USB_CoreInit
                0x00000000080080c6       0x20 Drivers/STM32F1xx_HAL_Driver/Src/stm32f1xx_ll_usb.o
                0x00000000080080c6                USB_CoreInit
 .text.USB_EnableGlobalInt
                0x00000000080080e6       0x2e Drivers/STM32F1xx_HAL_Driver/Src/stm32f1xx_ll_usb.o
                0x00000000080080e6                USB_EnableGlobalInt
 .text.USB_DisableGlobalInt
                0x0000000008008114       0x38 Drivers/STM32F1xx_HAL_Driver/Src/stm32f1xx_ll_usb.o
                0x0000000008008114                USB_DisableGlobalInt
 .text.USB_SetCurrentMode
                0x000000000800814c       0x18 Drivers/STM32F1xx_HAL_Driver/Src/stm32f1xx_ll_usb.o
                0x000000000800814c                USB_SetCurrentMode
 .text.USB_DevInit
                0x0000000008008164       0x48 Drivers/STM32F1xx_HAL_Driver/Src/stm32f1xx_ll_usb.o
                0x0000000008008164                USB_DevInit
 .text.USB_ActivateEndpoint
                0x00000000080081ac      0x5dc Drivers/STM32F1xx_HAL_Driver/Src/stm32f1xx_ll_usb.o
                0x00000000080081ac                USB_ActivateEndpoint
 .text.USB_DeactivateEndpoint
                0x0000000008008788      0x32c Drivers/STM32F1xx_HAL_Driver/Src/stm32f1xx_ll_usb.o
                0x0000000008008788                USB_DeactivateEndpoint
 .text.USB_EPStartXfer
                0x0000000008008ab4      0x570 Drivers/STM32F1xx_HAL_Driver/Src/stm32f1xx_ll_usb.o
                0x0000000008008ab4                USB_EPStartXfer
 .text.USB_EPSetStall
                0x0000000008009024       0x84 Drivers/STM32F1xx_HAL_Driver/Src/stm32f1xx_ll_usb.o
                0x0000000008009024                USB_EPSetStall
 .text.USB_EPClearStall
                0x00000000080090a8      0x128 Drivers/STM32F1xx_HAL_Driver/Src/stm32f1xx_ll_usb.o
                0x00000000080090a8                USB_EPClearStall
 .text.USB_SetDevAddress
                0x00000000080091d0       0x26 Drivers/STM32F1xx_HAL_Driver/Src/stm32f1xx_ll_usb.o
                0x00000000080091d0                USB_SetDevAddress
 .text.USB_DevConnect
                0x00000000080091f6       0x14 Drivers/STM32F1xx_HAL_Driver/Src/stm32f1xx_ll_usb.o
                0x00000000080091f6                USB_DevConnect
 .text.USB_DevDisconnect
                0x000000000800920a       0x14 Drivers/STM32F1xx_HAL_Driver/Src/stm32f1xx_ll_usb.o
                0x000000000800920a                USB_DevDisconnect
 .text.USB_ReadInterrupts
                0x000000000800921e       0x1e Drivers/STM32F1xx_HAL_Driver/Src/stm32f1xx_ll_usb.o
                0x000000000800921e                USB_ReadInterrupts
 .text.USB_EP0_OutStart
                0x000000000800923c       0x16 Drivers/STM32F1xx_HAL_Driver/Src/stm32f1xx_ll_usb.o
                0x000000000800923c                USB_EP0_OutStart
 .text.USB_WritePMA
                0x0000000008009252       0x88 Drivers/STM32F1xx_HAL_Driver/Src/stm32f1xx_ll_usb.o
                0x0000000008009252                USB_WritePMA
 .text.USB_ReadPMA
                0x00000000080092da       0x9e Drivers/STM32F1xx_HAL_Driver/Src/stm32f1xx_ll_usb.o
                0x00000000080092da                USB_ReadPMA
 .text.USBD_CDC_Init
                0x0000000008009378       0xf4 Middlewares/ST/STM32_USB_Device_Library/Class/CDC/Src/usbd_cdc.o
 .text.USBD_CDC_DeInit
                0x000000000800946c       0x6e Middlewares/ST/STM32_USB_Device_Library/Class/CDC/Src/usbd_cdc.o
 .text.USBD_CDC_Setup
                0x00000000080094da      0x140 Middlewares/ST/STM32_USB_Device_Library/Class/CDC/Src/usbd_cdc.o
 .text.USBD_CDC_DataIn
                0x000000000800961a       0xa0 Middlewares/ST/STM32_USB_Device_Library/Class/CDC/Src/usbd_cdc.o
 .text.USBD_CDC_DataOut
                0x00000000080096ba       0x56 Middlewares/ST/STM32_USB_Device_Library/Class/CDC/Src/usbd_cdc.o
 .text.USBD_CDC_EP0_RxReady
                0x0000000008009710       0x50 Middlewares/ST/STM32_USB_Device_Library/Class/CDC/Src/usbd_cdc.o
 .text.USBD_CDC_GetFSCfgDesc
                0x0000000008009760       0x20 Middlewares/ST/STM32_USB_Device_Library/Class/CDC/Src/usbd_cdc.o
 .text.USBD_CDC_GetHSCfgDesc
                0x0000000008009780       0x20 Middlewares/ST/STM32_USB_Device_Library/Class/CDC/Src/usbd_cdc.o
 .text.USBD_CDC_GetOtherSpeedCfgDesc
                0x00000000080097a0       0x20 Middlewares/ST/STM32_USB_Device_Library/Class/CDC/Src/usbd_cdc.o
 .text.USBD_CDC_GetDeviceQualifierDescriptor
                0x00000000080097c0       0x20 Middlewares/ST/STM32_USB_Device_Library/Class/CDC/Src/usbd_cdc.o
                0x00000000080097c0                USBD_CDC_GetDeviceQualifierDescriptor
 .text.USBD_CDC_RegisterInterface
                0x00000000080097e0       0x2c Middlewares/ST/STM32_USB_Device_Library/Class/CDC/Src/usbd_cdc.o
                0x00000000080097e0                USBD_CDC_RegisterInterface
 .text.USBD_CDC_SetTxBuffer
                0x000000000800980c       0x32 Middlewares/ST/STM32_USB_Device_Library/Class/CDC/Src/usbd_cdc.o
                0x000000000800980c                USBD_CDC_SetTxBuffer
 .text.USBD_CDC_SetRxBuffer
                0x000000000800983e       0x26 Middlewares/ST/STM32_USB_Device_Library/Class/CDC/Src/usbd_cdc.o
                0x000000000800983e                USBD_CDC_SetRxBuffer
 .text.USBD_CDC_TransmitPacket
                0x0000000008009864       0x5e Middlewares/ST/STM32_USB_Device_Library/Class/CDC/Src/usbd_cdc.o
                0x0000000008009864                USBD_CDC_TransmitPacket
 .text.USBD_CDC_ReceivePacket
                0x00000000080098c2       0x54 Middlewares/ST/STM32_USB_Device_Library/Class/CDC/Src/usbd_cdc.o
                0x00000000080098c2                USBD_CDC_ReceivePacket
 .text.USBD_Init
                0x0000000008009916       0x56 Middlewares/ST/STM32_USB_Device_Library/Core/Src/usbd_core.o
                0x0000000008009916                USBD_Init
 .text.USBD_RegisterClass
                0x000000000800996c       0x32 Middlewares/ST/STM32_USB_Device_Library/Core/Src/usbd_core.o
                0x000000000800996c                USBD_RegisterClass
 .text.USBD_Start
                0x000000000800999e       0x18 Middlewares/ST/STM32_USB_Device_Library/Core/Src/usbd_core.o
                0x000000000800999e                USBD_Start
 .text.USBD_RunTestMode
                0x00000000080099b6       0x14 Middlewares/ST/STM32_USB_Device_Library/Core/Src/usbd_core.o
                0x00000000080099b6                USBD_RunTestMode
 .text.USBD_SetClassConfig
                0x00000000080099ca       0x3e Middlewares/ST/STM32_USB_Device_Library/Core/Src/usbd_core.o
                0x00000000080099ca                USBD_SetClassConfig
 .text.USBD_ClrClassConfig
                0x0000000008009a08       0x26 Middlewares/ST/STM32_USB_Device_Library/Core/Src/usbd_core.o
                0x0000000008009a08                USBD_ClrClassConfig
 .text.USBD_LL_SetupStage
                0x0000000008009a2e       0x96 Middlewares/ST/STM32_USB_Device_Library/Core/Src/usbd_core.o
                0x0000000008009a2e                USBD_LL_SetupStage
 .text.USBD_LL_DataOutStage
                0x0000000008009ac4       0xe2 Middlewares/ST/STM32_USB_Device_Library/Core/Src/usbd_core.o
                0x0000000008009ac4                USBD_LL_DataOutStage
 .text.USBD_LL_DataInStage
                0x0000000008009ba6      0x14a Middlewares/ST/STM32_USB_Device_Library/Core/Src/usbd_core.o
                0x0000000008009ba6                USBD_LL_DataInStage
 .text.USBD_LL_Reset
                0x0000000008009cf0       0x82 Middlewares/ST/STM32_USB_Device_Library/Core/Src/usbd_core.o
                0x0000000008009cf0                USBD_LL_Reset
 .text.USBD_LL_SetSpeed
                0x0000000008009d72       0x1e Middlewares/ST/STM32_USB_Device_Library/Core/Src/usbd_core.o
                0x0000000008009d72                USBD_LL_SetSpeed
 .text.USBD_LL_Suspend
                0x0000000008009d90       0x28 Middlewares/ST/STM32_USB_Device_Library/Core/Src/usbd_core.o
                0x0000000008009d90                USBD_LL_Suspend
 .text.USBD_LL_Resume
                0x0000000008009db8       0x2a Middlewares/ST/STM32_USB_Device_Library/Core/Src/usbd_core.o
                0x0000000008009db8                USBD_LL_Resume
 .text.USBD_LL_SOF
                0x0000000008009de2       0x34 Middlewares/ST/STM32_USB_Device_Library/Core/Src/usbd_core.o
                0x0000000008009de2                USBD_LL_SOF
 *fill*         0x0000000008009e16        0x2 
 .text.USBD_StdDevReq
                0x0000000008009e18       0xd4 Middlewares/ST/STM32_USB_Device_Library/Core/Src/usbd_ctlreq.o
                0x0000000008009e18                USBD_StdDevReq
 .text.USBD_StdItfReq
                0x0000000008009eec       0x8c Middlewares/ST/STM32_USB_Device_Library/Core/Src/usbd_ctlreq.o
                0x0000000008009eec                USBD_StdItfReq
 .text.USBD_StdEPReq
                0x0000000008009f78      0x2ba Middlewares/ST/STM32_USB_Device_Library/Core/Src/usbd_ctlreq.o
                0x0000000008009f78                USBD_StdEPReq
 *fill*         0x000000000800a232        0x2 
 .text.USBD_GetDescriptor
                0x000000000800a234      0x2d0 Middlewares/ST/STM32_USB_Device_Library/Core/Src/usbd_ctlreq.o
 .text.USBD_SetAddress
                0x000000000800a504       0x84 Middlewares/ST/STM32_USB_Device_Library/Core/Src/usbd_ctlreq.o
 .text.USBD_SetConfig
                0x000000000800a588      0x11c Middlewares/ST/STM32_USB_Device_Library/Core/Src/usbd_ctlreq.o
 .text.USBD_GetConfig
                0x000000000800a6a4       0x68 Middlewares/ST/STM32_USB_Device_Library/Core/Src/usbd_ctlreq.o
 .text.USBD_GetStatus
                0x000000000800a70c       0x66 Middlewares/ST/STM32_USB_Device_Library/Core/Src/usbd_ctlreq.o
 .text.USBD_SetFeature
                0x000000000800a772       0x28 Middlewares/ST/STM32_USB_Device_Library/Core/Src/usbd_ctlreq.o
 .text.USBD_ClrFeature
                0x000000000800a79a       0x42 Middlewares/ST/STM32_USB_Device_Library/Core/Src/usbd_ctlreq.o
 .text.USBD_ParseSetupRequest
                0x000000000800a7dc       0x78 Middlewares/ST/STM32_USB_Device_Library/Core/Src/usbd_ctlreq.o
                0x000000000800a7dc                USBD_ParseSetupRequest
 .text.USBD_CtlError
                0x000000000800a854       0x22 Middlewares/ST/STM32_USB_Device_Library/Core/Src/usbd_ctlreq.o
                0x000000000800a854                USBD_CtlError
 .text.USBD_GetString
                0x000000000800a876       0x84 Middlewares/ST/STM32_USB_Device_Library/Core/Src/usbd_ctlreq.o
                0x000000000800a876                USBD_GetString
 .text.USBD_GetLen
                0x000000000800a8fa       0x2e Middlewares/ST/STM32_USB_Device_Library/Core/Src/usbd_ctlreq.o
 .text.USBD_CtlSendData
                0x000000000800a928       0x38 Middlewares/ST/STM32_USB_Device_Library/Core/Src/usbd_ioreq.o
                0x000000000800a928                USBD_CtlSendData
 .text.USBD_CtlContinueSendData
                0x000000000800a960       0x24 Middlewares/ST/STM32_USB_Device_Library/Core/Src/usbd_ioreq.o
                0x000000000800a960                USBD_CtlContinueSendData
 .text.USBD_CtlPrepareRx
                0x000000000800a984       0x3c Middlewares/ST/STM32_USB_Device_Library/Core/Src/usbd_ioreq.o
                0x000000000800a984                USBD_CtlPrepareRx
 .text.USBD_CtlContinueRx
                0x000000000800a9c0       0x24 Middlewares/ST/STM32_USB_Device_Library/Core/Src/usbd_ioreq.o
                0x000000000800a9c0                USBD_CtlContinueRx
 .text.USBD_CtlSendStatus
                0x000000000800a9e4       0x26 Middlewares/ST/STM32_USB_Device_Library/Core/Src/usbd_ioreq.o
                0x000000000800a9e4                USBD_CtlSendStatus
 .text.USBD_CtlReceiveStatus
                0x000000000800aa0a       0x26 Middlewares/ST/STM32_USB_Device_Library/Core/Src/usbd_ioreq.o
                0x000000000800aa0a                USBD_CtlReceiveStatus
 .text.MX_USB_DEVICE_Init
                0x000000000800aa30       0x60 USB_DEVICE/App/usb_device.o
                0x000000000800aa30                MX_USB_DEVICE_Init
 .text.CDC_Init_FS
                0x000000000800aa90       0x28 USB_DEVICE/App/usbd_cdc_if.o
 .text.CDC_DeInit_FS
                0x000000000800aab8        0xe USB_DEVICE/App/usbd_cdc_if.o
 *fill*         0x000000000800aac6        0x2 
 .text.CDC_Control_FS
                0x000000000800aac8       0xbc USB_DEVICE/App/usbd_cdc_if.o
 .text.CDC_Receive_FS
                0x000000000800ab84       0x28 USB_DEVICE/App/usbd_cdc_if.o
 .text.CDC_Transmit_FS
                0x000000000800abac       0x4c USB_DEVICE/App/usbd_cdc_if.o
                0x000000000800abac                CDC_Transmit_FS
 .text.USBD_FS_DeviceDescriptor
                0x000000000800abf8       0x24 USB_DEVICE/App/usbd_desc.o
                0x000000000800abf8                USBD_FS_DeviceDescriptor
 .text.USBD_FS_LangIDStrDescriptor
                0x000000000800ac1c       0x24 USB_DEVICE/App/usbd_desc.o
                0x000000000800ac1c                USBD_FS_LangIDStrDescriptor
 .text.USBD_FS_ProductStrDescriptor
                0x000000000800ac40       0x3c USB_DEVICE/App/usbd_desc.o
                0x000000000800ac40                USBD_FS_ProductStrDescriptor
 .text.USBD_FS_ManufacturerStrDescriptor
                0x000000000800ac7c       0x28 USB_DEVICE/App/usbd_desc.o
                0x000000000800ac7c                USBD_FS_ManufacturerStrDescriptor
 .text.USBD_FS_SerialStrDescriptor
                0x000000000800aca4       0x24 USB_DEVICE/App/usbd_desc.o
                0x000000000800aca4                USBD_FS_SerialStrDescriptor
 .text.USBD_FS_ConfigStrDescriptor
                0x000000000800acc8       0x3c USB_DEVICE/App/usbd_desc.o
                0x000000000800acc8                USBD_FS_ConfigStrDescriptor
 .text.USBD_FS_InterfaceStrDescriptor
                0x000000000800ad04       0x3c USB_DEVICE/App/usbd_desc.o
                0x000000000800ad04                USBD_FS_InterfaceStrDescriptor
 .text.Get_SerialNum
                0x000000000800ad40       0x58 USB_DEVICE/App/usbd_desc.o
 .text.IntToUnicode
                0x000000000800ad98       0x7a USB_DEVICE/App/usbd_desc.o
 *fill*         0x000000000800ae12        0x2 
 .text.HAL_PCD_MspInit
                0x000000000800ae14       0x5c USB_DEVICE/Target/usbd_conf.o
                0x000000000800ae14                HAL_PCD_MspInit
 .text.HAL_PCD_SetupStageCallback
                0x000000000800ae70       0x24 USB_DEVICE/Target/usbd_conf.o
                0x000000000800ae70                HAL_PCD_SetupStageCallback
 .text.HAL_PCD_DataOutStageCallback
                0x000000000800ae94       0x30 USB_DEVICE/Target/usbd_conf.o
                0x000000000800ae94                HAL_PCD_DataOutStageCallback
 .text.HAL_PCD_DataInStageCallback
                0x000000000800aec4       0x2e USB_DEVICE/Target/usbd_conf.o
                0x000000000800aec4                HAL_PCD_DataInStageCallback
 .text.HAL_PCD_SOFCallback
                0x000000000800aef2       0x1c USB_DEVICE/Target/usbd_conf.o
                0x000000000800aef2                HAL_PCD_SOFCallback
 .text.HAL_PCD_ResetCallback
                0x000000000800af0e       0x3c USB_DEVICE/Target/usbd_conf.o
                0x000000000800af0e                HAL_PCD_ResetCallback
 *fill*         0x000000000800af4a        0x2 
 .text.HAL_PCD_SuspendCallback
                0x000000000800af4c       0x34 USB_DEVICE/Target/usbd_conf.o
                0x000000000800af4c                HAL_PCD_SuspendCallback
 .text.HAL_PCD_ResumeCallback
                0x000000000800af80       0x1c USB_DEVICE/Target/usbd_conf.o
                0x000000000800af80                HAL_PCD_ResumeCallback
 .text.USBD_LL_Init
                0x000000000800af9c       0xb4 USB_DEVICE/Target/usbd_conf.o
                0x000000000800af9c                USBD_LL_Init
 .text.USBD_LL_Start
                0x000000000800b050       0x36 USB_DEVICE/Target/usbd_conf.o
                0x000000000800b050                USBD_LL_Start
 .text.USBD_LL_OpenEP
                0x000000000800b086       0x4c USB_DEVICE/Target/usbd_conf.o
                0x000000000800b086                USBD_LL_OpenEP
 .text.USBD_LL_CloseEP
                0x000000000800b0d2       0x3e USB_DEVICE/Target/usbd_conf.o
                0x000000000800b0d2                USBD_LL_CloseEP
 .text.USBD_LL_StallEP
                0x000000000800b110       0x3e USB_DEVICE/Target/usbd_conf.o
                0x000000000800b110                USBD_LL_StallEP
 .text.USBD_LL_ClearStallEP
                0x000000000800b14e       0x3e USB_DEVICE/Target/usbd_conf.o
                0x000000000800b14e                USBD_LL_ClearStallEP
 .text.USBD_LL_IsStallEP
                0x000000000800b18c       0x4a USB_DEVICE/Target/usbd_conf.o
                0x000000000800b18c                USBD_LL_IsStallEP
 .text.USBD_LL_SetUSBAddress
                0x000000000800b1d6       0x3e USB_DEVICE/Target/usbd_conf.o
                0x000000000800b1d6                USBD_LL_SetUSBAddress
 .text.USBD_LL_Transmit
                0x000000000800b214       0x46 USB_DEVICE/Target/usbd_conf.o
                0x000000000800b214                USBD_LL_Transmit
 .text.USBD_LL_PrepareReceive
                0x000000000800b25a       0x46 USB_DEVICE/Target/usbd_conf.o
                0x000000000800b25a                USBD_LL_PrepareReceive
 .text.USBD_LL_GetRxDataSize
                0x000000000800b2a0       0x26 USB_DEVICE/Target/usbd_conf.o
                0x000000000800b2a0                USBD_LL_GetRxDataSize
 *fill*         0x000000000800b2c6        0x2 
 .text.USBD_static_malloc
                0x000000000800b2c8       0x18 USB_DEVICE/Target/usbd_conf.o
                0x000000000800b2c8                USBD_static_malloc
 .text.USBD_static_free
                0x000000000800b2e0       0x12 USB_DEVICE/Target/usbd_conf.o
                0x000000000800b2e0                USBD_static_free
 .text.HAL_PCDEx_SetConnectionState
                0x000000000800b2f2       0x16 USB_DEVICE/Target/usbd_conf.o
                0x000000000800b2f2                HAL_PCDEx_SetConnectionState
 .text.USBD_Get_USB_Status
                0x000000000800b308       0x58 USB_DEVICE/Target/usbd_conf.o
 .text.__errno  0x000000000800b360        0xc c:/st/stm32cubeide_1.1.0/stm32cubeide/plugins/com.st.stm32cube.ide.mcu.externaltools.gnu-tools-for-stm32.7-2018-q2-update.win32_1.4.0.202007081208/tools/bin/../lib/gcc/arm-none-eabi/7.3.1/../../../../arm-none-eabi/lib/thumb/v7-m\libc_nano.a(lib_a-errno.o)
                0x000000000800b360                __errno
 .text.__libc_init_array
                0x000000000800b36c       0x48 c:/st/stm32cubeide_1.1.0/stm32cubeide/plugins/com.st.stm32cube.ide.mcu.externaltools.gnu-tools-for-stm32.7-2018-q2-update.win32_1.4.0.202007081208/tools/bin/../lib/gcc/arm-none-eabi/7.3.1/../../../../arm-none-eabi/lib/thumb/v7-m\libc_nano.a(lib_a-init.o)
                0x000000000800b36c                __libc_init_array
 .text.memcpy   0x000000000800b3b4       0x16 c:/st/stm32cubeide_1.1.0/stm32cubeide/plugins/com.st.stm32cube.ide.mcu.externaltools.gnu-tools-for-stm32.7-2018-q2-update.win32_1.4.0.202007081208/tools/bin/../lib/gcc/arm-none-eabi/7.3.1/../../../../arm-none-eabi/lib/thumb/v7-m\libc_nano.a(lib_a-memcpy-stub.o)
                0x000000000800b3b4                memcpy
 .text.memset   0x000000000800b3ca       0x10 c:/st/stm32cubeide_1.1.0/stm32cubeide/plugins/com.st.stm32cube.ide.mcu.externaltools.gnu-tools-for-stm32.7-2018-q2-update.win32_1.4.0.202007081208/tools/bin/../lib/gcc/arm-none-eabi/7.3.1/../../../../arm-none-eabi/lib/thumb/v7-m\libc_nano.a(lib_a-memset.o)
                0x000000000800b3ca                memset
 *fill*         0x000000000800b3da        0x2 
 .text.sscanf   0x000000000800b3dc       0x54 c:/st/stm32cubeide_1.1.0/stm32cubeide/plugins/com.st.stm32cube.ide.mcu.externaltools.gnu-tools-for-stm32.7-2018-q2-update.win32_1.4.0.202007081208/tools/bin/../lib/gcc/arm-none-eabi/7.3.1/../../../../arm-none-eabi/lib/thumb/v7-m\libc_nano.a(lib_a-sscanf.o)
                0x000000000800b3dc                siscanf
                0x000000000800b3dc                sscanf
 .text.__seofread
                0x000000000800b430        0x4 c:/st/stm32cubeide_1.1.0/stm32cubeide/plugins/com.st.stm32cube.ide.mcu.externaltools.gnu-tools-for-stm32.7-2018-q2-update.win32_1.4.0.202007081208/tools/bin/../lib/gcc/arm-none-eabi/7.3.1/../../../../arm-none-eabi/lib/thumb/v7-m\libc_nano.a(lib_a-stdio.o)
                0x000000000800b430                __seofread
 .text._sungetc_r
                0x000000000800b434       0x7a c:/st/stm32cubeide_1.1.0/stm32cubeide/plugins/com.st.stm32cube.ide.mcu.externaltools.gnu-tools-for-stm32.7-2018-q2-update.win32_1.4.0.202007081208/tools/bin/../lib/gcc/arm-none-eabi/7.3.1/../../../../arm-none-eabi/lib/thumb/v7-m\libc_nano.a(lib_a-nano-svfscanf.o)
                0x000000000800b434                _sungetc_r
 .text.__ssrefill_r
                0x000000000800b4ae       0x3a c:/st/stm32cubeide_1.1.0/stm32cubeide/plugins/com.st.stm32cube.ide.mcu.externaltools.gnu-tools-for-stm32.7-2018-q2-update.win32_1.4.0.202007081208/tools/bin/../lib/gcc/arm-none-eabi/7.3.1/../../../../arm-none-eabi/lib/thumb/v7-m\libc_nano.a(lib_a-nano-svfscanf.o)
                0x000000000800b4ae                __ssrefill_r
 .text.__ssvfscanf_r
                0x000000000800b4e8      0x2a0 c:/st/stm32cubeide_1.1.0/stm32cubeide/plugins/com.st.stm32cube.ide.mcu.externaltools.gnu-tools-for-stm32.7-2018-q2-update.win32_1.4.0.202007081208/tools/bin/../lib/gcc/arm-none-eabi/7.3.1/../../../../arm-none-eabi/lib/thumb/v7-m\libc_nano.a(lib_a-nano-svfscanf.o)
                0x000000000800b4e8                __ssvfiscanf_r
                0x000000000800b4e8                __ssvfscanf_r
 .text._scanf_chars
                0x000000000800b788       0xc4 c:/st/stm32cubeide_1.1.0/stm32cubeide/plugins/com.st.stm32cube.ide.mcu.externaltools.gnu-tools-for-stm32.7-2018-q2-update.win32_1.4.0.202007081208/tools/bin/../lib/gcc/arm-none-eabi/7.3.1/../../../../arm-none-eabi/lib/thumb/v7-m\libc_nano.a(lib_a-nano-vfscanf_i.o)
                0x000000000800b788                _scanf_chars
 .text._scanf_i
                0x000000000800b84c      0x1ec c:/st/stm32cubeide_1.1.0/stm32cubeide/plugins/com.st.stm32cube.ide.mcu.externaltools.gnu-tools-for-stm32.7-2018-q2-update.win32_1.4.0.202007081208/tools/bin/../lib/gcc/arm-none-eabi/7.3.1/../../../../arm-none-eabi/lib/thumb/v7-m\libc_nano.a(lib_a-nano-vfscanf_i.o)
                0x000000000800b84c                _scanf_i
 .text.__sccl   0x000000000800ba38       0x62 c:/st/stm32cubeide_1.1.0/stm32cubeide/plugins/com.st.stm32cube.ide.mcu.externaltools.gnu-tools-for-stm32.7-2018-q2-update.win32_1.4.0.202007081208/tools/bin/../lib/gcc/arm-none-eabi/7.3.1/../../../../arm-none-eabi/lib/thumb/v7-m\libc_nano.a(lib_a-sccl.o)
                0x000000000800ba38                __sccl
 .text._strtol_l.isra.0
                0x000000000800ba9a       0xf6 c:/st/stm32cubeide_1.1.0/stm32cubeide/plugins/com.st.stm32cube.ide.mcu.externaltools.gnu-tools-for-stm32.7-2018-q2-update.win32_1.4.0.202007081208/tools/bin/../lib/gcc/arm-none-eabi/7.3.1/../../../../arm-none-eabi/lib/thumb/v7-m\libc_nano.a(lib_a-strtol.o)
 .text._strtol_r
                0x000000000800bb90       0x24 c:/st/stm32cubeide_1.1.0/stm32cubeide/plugins/com.st.stm32cube.ide.mcu.externaltools.gnu-tools-for-stm32.7-2018-q2-update.win32_1.4.0.202007081208/tools/bin/../lib/gcc/arm-none-eabi/7.3.1/../../../../arm-none-eabi/lib/thumb/v7-m\libc_nano.a(lib_a-strtol.o)
                0x000000000800bb90                _strtol_r
 .text._strtoul_l.isra.0
                0x000000000800bbb4       0xf4 c:/st/stm32cubeide_1.1.0/stm32cubeide/plugins/com.st.stm32cube.ide.mcu.externaltools.gnu-tools-for-stm32.7-2018-q2-update.win32_1.4.0.202007081208/tools/bin/../lib/gcc/arm-none-eabi/7.3.1/../../../../arm-none-eabi/lib/thumb/v7-m\libc_nano.a(lib_a-strtoul.o)
 .text._strtoul_r
                0x000000000800bca8       0x24 c:/st/stm32cubeide_1.1.0/stm32cubeide/plugins/com.st.stm32cube.ide.mcu.externaltools.gnu-tools-for-stm32.7-2018-q2-update.win32_1.4.0.202007081208/tools/bin/../lib/gcc/arm-none-eabi/7.3.1/../../../../arm-none-eabi/lib/thumb/v7-m\libc_nano.a(lib_a-strtoul.o)
                0x000000000800bca8                _strtoul_r
 .text.__submore
                0x000000000800bccc       0x70 c:/st/stm32cubeide_1.1.0/stm32cubeide/plugins/com.st.stm32cube.ide.mcu.externaltools.gnu-tools-for-stm32.7-2018-q2-update.win32_1.4.0.202007081208/tools/bin/../lib/gcc/arm-none-eabi/7.3.1/../../../../arm-none-eabi/lib/thumb/v7-m\libc_nano.a(lib_a-ungetc.o)
                0x000000000800bccc                __submore
 .text.__locale_ctype_ptr_l
                0x000000000800bd3c        0x6 c:/st/stm32cubeide_1.1.0/stm32cubeide/plugins/com.st.stm32cube.ide.mcu.externaltools.gnu-tools-for-stm32.7-2018-q2-update.win32_1.4.0.202007081208/tools/bin/../lib/gcc/arm-none-eabi/7.3.1/../../../../arm-none-eabi/lib/thumb/v7-m\libc_nano.a(lib_a-locale.o)
                0x000000000800bd3c                __locale_ctype_ptr_l
 *fill*         0x000000000800bd42        0x2 
 .text.__locale_ctype_ptr
                0x000000000800bd44       0x1c c:/st/stm32cubeide_1.1.0/stm32cubeide/plugins/com.st.stm32cube.ide.mcu.externaltools.gnu-tools-for-stm32.7-2018-q2-update.win32_1.4.0.202007081208/tools/bin/../lib/gcc/arm-none-eabi/7.3.1/../../../../arm-none-eabi/lib/thumb/v7-m\libc_nano.a(lib_a-locale.o)
                0x000000000800bd44                __locale_ctype_ptr
 .text.__ascii_mbtowc
                0x000000000800bd60       0x24 c:/st/stm32cubeide_1.1.0/stm32cubeide/plugins/com.st.stm32cube.ide.mcu.externaltools.gnu-tools-for-stm32.7-2018-q2-update.win32_1.4.0.202007081208/tools/bin/../lib/gcc/arm-none-eabi/7.3.1/../../../../arm-none-eabi/lib/thumb/v7-m\libc_nano.a(lib_a-mbtowc_r.o)
                0x000000000800bd60                __ascii_mbtowc
 .text.memchr   0x000000000800bd84       0x1c c:/st/stm32cubeide_1.1.0/stm32cubeide/plugins/com.st.stm32cube.ide.mcu.externaltools.gnu-tools-for-stm32.7-2018-q2-update.win32_1.4.0.202007081208/tools/bin/../lib/gcc/arm-none-eabi/7.3.1/../../../../arm-none-eabi/lib/thumb/v7-m\libc_nano.a(lib_a-memchr-stub.o)
                0x000000000800bd84                memchr
 .text._free_r  0x000000000800bda0       0x98 c:/st/stm32cubeide_1.1.0/stm32cubeide/plugins/com.st.stm32cube.ide.mcu.externaltools.gnu-tools-for-stm32.7-2018-q2-update.win32_1.4.0.202007081208/tools/bin/../lib/gcc/arm-none-eabi/7.3.1/../../../../arm-none-eabi/lib/thumb/v7-m\libc_nano.a(lib_a-nano-freer.o)
                0x000000000800bda0                _free_r
 .text._malloc_r
                0x000000000800be38       0xb4 c:/st/stm32cubeide_1.1.0/stm32cubeide/plugins/com.st.stm32cube.ide.mcu.externaltools.gnu-tools-for-stm32.7-2018-q2-update.win32_1.4.0.202007081208/tools/bin/../lib/gcc/arm-none-eabi/7.3.1/../../../../arm-none-eabi/lib/thumb/v7-m\libc_nano.a(lib_a-nano-mallocr.o)
                0x000000000800be38                _malloc_r
 .text._realloc_r
                0x000000000800beec       0x4c c:/st/stm32cubeide_1.1.0/stm32cubeide/plugins/com.st.stm32cube.ide.mcu.externaltools.gnu-tools-for-stm32.7-2018-q2-update.win32_1.4.0.202007081208/tools/bin/../lib/gcc/arm-none-eabi/7.3.1/../../../../arm-none-eabi/lib/thumb/v7-m\libc_nano.a(lib_a-nano-reallocr.o)
                0x000000000800beec                _realloc_r
 .text._sbrk_r  0x000000000800bf38       0x20 c:/st/stm32cubeide_1.1.0/stm32cubeide/plugins/com.st.stm32cube.ide.mcu.externaltools.gnu-tools-for-stm32.7-2018-q2-update.win32_1.4.0.202007081208/tools/bin/../lib/gcc/arm-none-eabi/7.3.1/../../../../arm-none-eabi/lib/thumb/v7-m\libc_nano.a(lib_a-sbrkr.o)
                0x000000000800bf38                _sbrk_r
 .text.__ascii_wctomb
                0x000000000800bf58       0x1a c:/st/stm32cubeide_1.1.0/stm32cubeide/plugins/com.st.stm32cube.ide.mcu.externaltools.gnu-tools-for-stm32.7-2018-q2-update.win32_1.4.0.202007081208/tools/bin/../lib/gcc/arm-none-eabi/7.3.1/../../../../arm-none-eabi/lib/thumb/v7-m\libc_nano.a(lib_a-wctomb_r.o)
                0x000000000800bf58                __ascii_wctomb
 .text.__malloc_lock
                0x000000000800bf72        0x2 c:/st/stm32cubeide_1.1.0/stm32cubeide/plugins/com.st.stm32cube.ide.mcu.externaltools.gnu-tools-for-stm32.7-2018-q2-update.win32_1.4.0.202007081208/tools/bin/../lib/gcc/arm-none-eabi/7.3.1/../../../../arm-none-eabi/lib/thumb/v7-m\libc_nano.a(lib_a-mlock.o)
                0x000000000800bf72                __malloc_lock
 .text.__malloc_unlock
                0x000000000800bf74        0x2 c:/st/stm32cubeide_1.1.0/stm32cubeide/plugins/com.st.stm32cube.ide.mcu.externaltools.gnu-tools-for-stm32.7-2018-q2-update.win32_1.4.0.202007081208/tools/bin/../lib/gcc/arm-none-eabi/7.3.1/../../../../arm-none-eabi/lib/thumb/v7-m\libc_nano.a(lib_a-mlock.o)
                0x000000000800bf74                __malloc_unlock
 .text._malloc_usable_size_r
                0x000000000800bf76       0x10 c:/st/stm32cubeide_1.1.0/stm32cubeide/plugins/com.st.stm32cube.ide.mcu.externaltools.gnu-tools-for-stm32.7-2018-q2-update.win32_1.4.0.202007081208/tools/bin/../lib/gcc/arm-none-eabi/7.3.1/../../../../arm-none-eabi/lib/thumb/v7-m\libc_nano.a(lib_a-nano-msizer.o)
                0x000000000800bf76                _malloc_usable_size_r
 *(.glue_7)
 .glue_7        0x000000000800bf86        0x0 linker stubs
 *(.glue_7t)
 .glue_7t       0x000000000800bf86        0x0 linker stubs
 *(.eh_frame)
 *fill*         0x000000000800bf86        0x2 
 .eh_frame      0x000000000800bf88        0x0 c:/st/stm32cubeide_1.1.0/stm32cubeide/plugins/com.st.stm32cube.ide.mcu.externaltools.gnu-tools-for-stm32.7-2018-q2-update.win32_1.4.0.202007081208/tools/bin/../lib/gcc/arm-none-eabi/7.3.1/thumb/v7-m/crtbegin.o
 *(.init)
 .init          0x000000000800bf88        0x4 c:/st/stm32cubeide_1.1.0/stm32cubeide/plugins/com.st.stm32cube.ide.mcu.externaltools.gnu-tools-for-stm32.7-2018-q2-update.win32_1.4.0.202007081208/tools/bin/../lib/gcc/arm-none-eabi/7.3.1/thumb/v7-m/crti.o
                0x000000000800bf88                _init
 .init          0x000000000800bf8c        0x8 c:/st/stm32cubeide_1.1.0/stm32cubeide/plugins/com.st.stm32cube.ide.mcu.externaltools.gnu-tools-for-stm32.7-2018-q2-update.win32_1.4.0.202007081208/tools/bin/../lib/gcc/arm-none-eabi/7.3.1/thumb/v7-m/crtn.o
 *(.fini)
 .fini          0x000000000800bf94        0x4 c:/st/stm32cubeide_1.1.0/stm32cubeide/plugins/com.st.stm32cube.ide.mcu.externaltools.gnu-tools-for-stm32.7-2018-q2-update.win32_1.4.0.202007081208/tools/bin/../lib/gcc/arm-none-eabi/7.3.1/thumb/v7-m/crti.o
                0x000000000800bf94                _fini
 .fini          0x000000000800bf98        0x8 c:/st/stm32cubeide_1.1.0/stm32cubeide/plugins/com.st.stm32cube.ide.mcu.externaltools.gnu-tools-for-stm32.7-2018-q2-update.win32_1.4.0.202007081208/tools/bin/../lib/gcc/arm-none-eabi/7.3.1/thumb/v7-m/crtn.o
                0x000000000800bfa0                . = ALIGN (0x4)
                0x000000000800bfa0                _etext = .

.vfp11_veneer   0x000000000800bfa0        0x0
 .vfp11_veneer  0x000000000800bfa0        0x0 linker stubs

.v4_bx          0x000000000800bfa0        0x0
 .v4_bx         0x000000000800bfa0        0x0 linker stubs

.iplt           0x000000000800bfa0        0x0
 .iplt          0x000000000800bfa0        0x0 c:/st/stm32cubeide_1.1.0/stm32cubeide/plugins/com.st.stm32cube.ide.mcu.externaltools.gnu-tools-for-stm32.7-2018-q2-update.win32_1.4.0.202007081208/tools/bin/../lib/gcc/arm-none-eabi/7.3.1/thumb/v7-m/crtbegin.o

.rodata         0x000000000800bfa0      0x610
                0x000000000800bfa0                . = ALIGN (0x4)
 *(.rodata)
 .rodata        0x000000000800bfa0      0x403 Core/Src/Flasher.o
 *fill*         0x000000000800c3a3        0x1 
 .rodata        0x000000000800c3a4        0x3 Core/Src/ProgParser.o
 *fill*         0x000000000800c3a7        0x1 
 .rodata        0x000000000800c3a8        0xa Core/Src/main.o
 *fill*         0x000000000800c3b2        0x2 
 .rodata        0x000000000800c3b4       0x12 Drivers/STM32F1xx_HAL_Driver/Src/stm32f1xx_hal_rcc.o
 *fill*         0x000000000800c3c6        0x2 
 .rodata        0x000000000800c3c8       0x36 USB_DEVICE/App/usbd_desc.o
 *fill*         0x000000000800c3fe        0x2 
 .rodata        0x000000000800c400        0xc c:/st/stm32cubeide_1.1.0/stm32cubeide/plugins/com.st.stm32cube.ide.mcu.externaltools.gnu-tools-for-stm32.7-2018-q2-update.win32_1.4.0.202007081208/tools/bin/../lib/gcc/arm-none-eabi/7.3.1/../../../../arm-none-eabi/lib/thumb/v7-m\libc_nano.a(lib_a-nano-vfscanf_i.o)
 *(.rodata*)
 .rodata.AHBPrescTable
                0x000000000800c40c       0x10 Core/Src/system_stm32f1xx.o
                0x000000000800c40c                AHBPrescTable
 .rodata.APBPrescTable
                0x000000000800c41c        0x8 Core/Src/system_stm32f1xx.o
                0x000000000800c41c                APBPrescTable
 .rodata.__ssvfscanf_r.str1.1
                0x000000000800c424        0x4 c:/st/stm32cubeide_1.1.0/stm32cubeide/plugins/com.st.stm32cube.ide.mcu.externaltools.gnu-tools-for-stm32.7-2018-q2-update.win32_1.4.0.202007081208/tools/bin/../lib/gcc/arm-none-eabi/7.3.1/../../../../arm-none-eabi/lib/thumb/v7-m\libc_nano.a(lib_a-nano-svfscanf.o)
 .rodata._scanf_i.str1.1
                0x000000000800c428       0x12 c:/st/stm32cubeide_1.1.0/stm32cubeide/plugins/com.st.stm32cube.ide.mcu.externaltools.gnu-tools-for-stm32.7-2018-q2-update.win32_1.4.0.202007081208/tools/bin/../lib/gcc/arm-none-eabi/7.3.1/../../../../arm-none-eabi/lib/thumb/v7-m\libc_nano.a(lib_a-nano-vfscanf_i.o)
 .rodata.str1.1
                0x000000000800c43a        0x9 c:/st/stm32cubeide_1.1.0/stm32cubeide/plugins/com.st.stm32cube.ide.mcu.externaltools.gnu-tools-for-stm32.7-2018-q2-update.win32_1.4.0.202007081208/tools/bin/../lib/gcc/arm-none-eabi/7.3.1/../../../../arm-none-eabi/lib/thumb/v7-m\libc_nano.a(lib_a-nano-vfscanf_i.o)
 *fill*         0x000000000800c443        0x1 
 .rodata.__sf_fake_stderr
                0x000000000800c444       0x20 c:/st/stm32cubeide_1.1.0/stm32cubeide/plugins/com.st.stm32cube.ide.mcu.externaltools.gnu-tools-for-stm32.7-2018-q2-update.win32_1.4.0.202007081208/tools/bin/../lib/gcc/arm-none-eabi/7.3.1/../../../../arm-none-eabi/lib/thumb/v7-m\libc_nano.a(lib_a-findfp.o)
                0x000000000800c444                __sf_fake_stderr
 .rodata.__sf_fake_stdin
                0x000000000800c464       0x20 c:/st/stm32cubeide_1.1.0/stm32cubeide/plugins/com.st.stm32cube.ide.mcu.externaltools.gnu-tools-for-stm32.7-2018-q2-update.win32_1.4.0.202007081208/tools/bin/../lib/gcc/arm-none-eabi/7.3.1/../../../../arm-none-eabi/lib/thumb/v7-m\libc_nano.a(lib_a-findfp.o)
                0x000000000800c464                __sf_fake_stdin
 .rodata.__sf_fake_stdout
                0x000000000800c484       0x20 c:/st/stm32cubeide_1.1.0/stm32cubeide/plugins/com.st.stm32cube.ide.mcu.externaltools.gnu-tools-for-stm32.7-2018-q2-update.win32_1.4.0.202007081208/tools/bin/../lib/gcc/arm-none-eabi/7.3.1/../../../../arm-none-eabi/lib/thumb/v7-m\libc_nano.a(lib_a-findfp.o)
                0x000000000800c484                __sf_fake_stdout
 .rodata._setlocale_r.str1.1
                0x000000000800c4a4        0x8 c:/st/stm32cubeide_1.1.0/stm32cubeide/plugins/com.st.stm32cube.ide.mcu.externaltools.gnu-tools-for-stm32.7-2018-q2-update.win32_1.4.0.202007081208/tools/bin/../lib/gcc/arm-none-eabi/7.3.1/../../../../arm-none-eabi/lib/thumb/v7-m\libc_nano.a(lib_a-locale.o)
                                          0x9 (size before relaxing)
 .rodata.str1.1
                0x000000000800c4ac        0x2 c:/st/stm32cubeide_1.1.0/stm32cubeide/plugins/com.st.stm32cube.ide.mcu.externaltools.gnu-tools-for-stm32.7-2018-q2-update.win32_1.4.0.202007081208/tools/bin/../lib/gcc/arm-none-eabi/7.3.1/../../../../arm-none-eabi/lib/thumb/v7-m\libc_nano.a(lib_a-locale.o)
 .rodata._ctype_
                0x000000000800c4ae      0x101 c:/st/stm32cubeide_1.1.0/stm32cubeide/plugins/com.st.stm32cube.ide.mcu.externaltools.gnu-tools-for-stm32.7-2018-q2-update.win32_1.4.0.202007081208/tools/bin/../lib/gcc/arm-none-eabi/7.3.1/../../../../arm-none-eabi/lib/thumb/v7-m\libc_nano.a(lib_a-ctype_.o)
                0x000000000800c4ae                _ctype_
                0x000000000800c5b0                . = ALIGN (0x4)
 *fill*         0x000000000800c5af        0x1 

.rel.dyn        0x000000000800c5b0        0x0
 .rel.iplt      0x000000000800c5b0        0x0 c:/st/stm32cubeide_1.1.0/stm32cubeide/plugins/com.st.stm32cube.ide.mcu.externaltools.gnu-tools-for-stm32.7-2018-q2-update.win32_1.4.0.202007081208/tools/bin/../lib/gcc/arm-none-eabi/7.3.1/thumb/v7-m/crtbegin.o

.ARM.extab      0x000000000800c5b0        0x0
                0x000000000800c5b0                . = ALIGN (0x4)
 *(.ARM.extab* .gnu.linkonce.armextab.*)
                0x000000000800c5b0                . = ALIGN (0x4)

.ARM            0x000000000800c5b0        0x0
                0x000000000800c5b0                . = ALIGN (0x4)
                0x000000000800c5b0                __exidx_start = .
 *(.ARM.exidx*)
                0x000000000800c5b0                __exidx_end = .
                0x000000000800c5b0                . = ALIGN (0x4)

.preinit_array  0x000000000800c5b0        0x0
                0x000000000800c5b0                . = ALIGN (0x4)
                0x000000000800c5b0                PROVIDE (__preinit_array_start = .)
 *(.preinit_array*)
                0x000000000800c5b0                PROVIDE (__preinit_array_end = .)
                0x000000000800c5b0                . = ALIGN (0x4)

.init_array     0x000000000800c5b0        0x4
                0x000000000800c5b0                . = ALIGN (0x4)
                0x000000000800c5b0                PROVIDE (__init_array_start = .)
 *(SORT_BY_NAME(.init_array.*))
 *(.init_array*)
 .init_array    0x000000000800c5b0        0x4 c:/st/stm32cubeide_1.1.0/stm32cubeide/plugins/com.st.stm32cube.ide.mcu.externaltools.gnu-tools-for-stm32.7-2018-q2-update.win32_1.4.0.202007081208/tools/bin/../lib/gcc/arm-none-eabi/7.3.1/thumb/v7-m/crtbegin.o
                0x000000000800c5b4                PROVIDE (__init_array_end = .)
                0x000000000800c5b4                . = ALIGN (0x4)

.fini_array     0x000000000800c5b4        0x4
                0x000000000800c5b4                . = ALIGN (0x4)
                [!provide]                        PROVIDE (__fini_array_start = .)
 *(SORT_BY_NAME(.fini_array.*))
 *(.fini_array*)
 .fini_array    0x000000000800c5b4        0x4 c:/st/stm32cubeide_1.1.0/stm32cubeide/plugins/com.st.stm32cube.ide.mcu.externaltools.gnu-tools-for-stm32.7-2018-q2-update.win32_1.4.0.202007081208/tools/bin/../lib/gcc/arm-none-eabi/7.3.1/thumb/v7-m/crtbegin.o
                [!provide]                        PROVIDE (__fini_array_end = .)
                0x000000000800c5b8                . = ALIGN (0x4)
                0x000000000800c5b8                _sidata = LOADADDR (.data)

.data           0x0000000020000000      0x34c load address 0x000000000800c5b8
                0x0000000020000000                . = ALIGN (0x4)
                0x0000000020000000                _sdata = .
 *(.data)
 *(.data*)
 .data.SystemCoreClock
                0x0000000020000000        0x4 Core/Src/system_stm32f1xx.o
                0x0000000020000000                SystemCoreClock
 .data.uwTickPrio
                0x0000000020000004        0x4 Drivers/STM32F1xx_HAL_Driver/Src/stm32f1xx_hal.o
                0x0000000020000004                uwTickPrio
 .data.uwTickFreq
                0x0000000020000008        0x1 Drivers/STM32F1xx_HAL_Driver/Src/stm32f1xx_hal.o
                0x0000000020000008                uwTickFreq
 *fill*         0x0000000020000009        0x3 
 .data.USBD_CDC_DeviceQualifierDesc
                0x000000002000000c        0xa Middlewares/ST/STM32_USB_Device_Library/Class/CDC/Src/usbd_cdc.o
 *fill*         0x0000000020000016        0x2 
 .data.USBD_CDC
                0x0000000020000018       0x38 Middlewares/ST/STM32_USB_Device_Library/Class/CDC/Src/usbd_cdc.o
                0x0000000020000018                USBD_CDC
 .data.USBD_CDC_CfgHSDesc
                0x0000000020000050       0x43 Middlewares/ST/STM32_USB_Device_Library/Class/CDC/Src/usbd_cdc.o
                0x0000000020000050                USBD_CDC_CfgHSDesc
 *fill*         0x0000000020000093        0x1 
 .data.USBD_CDC_CfgFSDesc
                0x0000000020000094       0x43 Middlewares/ST/STM32_USB_Device_Library/Class/CDC/Src/usbd_cdc.o
                0x0000000020000094                USBD_CDC_CfgFSDesc
 *fill*         0x00000000200000d7        0x1 
 .data.USBD_CDC_OtherSpeedCfgDesc
                0x00000000200000d8       0x43 Middlewares/ST/STM32_USB_Device_Library/Class/CDC/Src/usbd_cdc.o
                0x00000000200000d8                USBD_CDC_OtherSpeedCfgDesc
 *fill*         0x000000002000011b        0x1 
 .data.USBD_Interface_fops_FS
                0x000000002000011c       0x10 USB_DEVICE/App/usbd_cdc_if.o
                0x000000002000011c                USBD_Interface_fops_FS
 .data.FS_Desc  0x000000002000012c       0x1c USB_DEVICE/App/usbd_desc.o
                0x000000002000012c                FS_Desc
 .data.USBD_FS_DeviceDesc
                0x0000000020000148       0x12 USB_DEVICE/App/usbd_desc.o
                0x0000000020000148                USBD_FS_DeviceDesc
 *fill*         0x000000002000015a        0x2 
 .data.USBD_LangIDDesc
                0x000000002000015c        0x4 USB_DEVICE/App/usbd_desc.o
                0x000000002000015c                USBD_LangIDDesc
 .data.USBD_StringSerial
                0x0000000020000160       0x1a USB_DEVICE/App/usbd_desc.o
                0x0000000020000160                USBD_StringSerial
 *fill*         0x000000002000017a        0x2 
 .data._impure_ptr
                0x000000002000017c        0x4 c:/st/stm32cubeide_1.1.0/stm32cubeide/plugins/com.st.stm32cube.ide.mcu.externaltools.gnu-tools-for-stm32.7-2018-q2-update.win32_1.4.0.202007081208/tools/bin/../lib/gcc/arm-none-eabi/7.3.1/../../../../arm-none-eabi/lib/thumb/v7-m\libc_nano.a(lib_a-impure.o)
                0x000000002000017c                _impure_ptr
 .data.impure_data
                0x0000000020000180       0x60 c:/st/stm32cubeide_1.1.0/stm32cubeide/plugins/com.st.stm32cube.ide.mcu.externaltools.gnu-tools-for-stm32.7-2018-q2-update.win32_1.4.0.202007081208/tools/bin/../lib/gcc/arm-none-eabi/7.3.1/../../../../arm-none-eabi/lib/thumb/v7-m\libc_nano.a(lib_a-impure.o)
 .data.__global_locale
                0x00000000200001e0      0x16c c:/st/stm32cubeide_1.1.0/stm32cubeide/plugins/com.st.stm32cube.ide.mcu.externaltools.gnu-tools-for-stm32.7-2018-q2-update.win32_1.4.0.202007081208/tools/bin/../lib/gcc/arm-none-eabi/7.3.1/../../../../arm-none-eabi/lib/thumb/v7-m\libc_nano.a(lib_a-locale.o)
                0x00000000200001e0                __global_locale
                0x000000002000034c                . = ALIGN (0x4)
                0x000000002000034c                _edata = .

.igot.plt       0x000000002000034c        0x0 load address 0x000000000800c904
 .igot.plt      0x000000002000034c        0x0 c:/st/stm32cubeide_1.1.0/stm32cubeide/plugins/com.st.stm32cube.ide.mcu.externaltools.gnu-tools-for-stm32.7-2018-q2-update.win32_1.4.0.202007081208/tools/bin/../lib/gcc/arm-none-eabi/7.3.1/thumb/v7-m/crtbegin.o
                0x000000002000034c                . = ALIGN (0x4)

.bss            0x000000002000034c     0x1744 load address 0x000000000800c904
                0x000000002000034c                _sbss = .
                0x000000002000034c                __bss_start__ = _sbss
 *(.bss)
 .bss           0x000000002000034c       0x1c c:/st/stm32cubeide_1.1.0/stm32cubeide/plugins/com.st.stm32cube.ide.mcu.externaltools.gnu-tools-for-stm32.7-2018-q2-update.win32_1.4.0.202007081208/tools/bin/../lib/gcc/arm-none-eabi/7.3.1/thumb/v7-m/crtbegin.o
 *(.bss*)
 .bss.__sbrk_heap_end
                0x0000000020000368        0x4 Core/Src/sysmem.o
 .bss.cfgidx.8291
                0x000000002000036c        0x1 Middlewares/ST/STM32_USB_Device_Library/Core/Src/usbd_ctlreq.o
 *fill*         0x000000002000036d        0x3 
 .bss.mem.8356  0x0000000020000370      0x220 USB_DEVICE/Target/usbd_conf.o
 .bss.__malloc_free_list
                0x0000000020000590        0x4 c:/st/stm32cubeide_1.1.0/stm32cubeide/plugins/com.st.stm32cube.ide.mcu.externaltools.gnu-tools-for-stm32.7-2018-q2-update.win32_1.4.0.202007081208/tools/bin/../lib/gcc/arm-none-eabi/7.3.1/../../../../arm-none-eabi/lib/thumb/v7-m\libc_nano.a(lib_a-nano-mallocr.o)
                0x0000000020000590                __malloc_free_list
 .bss.__malloc_sbrk_start
                0x0000000020000594        0x4 c:/st/stm32cubeide_1.1.0/stm32cubeide/plugins/com.st.stm32cube.ide.mcu.externaltools.gnu-tools-for-stm32.7-2018-q2-update.win32_1.4.0.202007081208/tools/bin/../lib/gcc/arm-none-eabi/7.3.1/../../../../arm-none-eabi/lib/thumb/v7-m\libc_nano.a(lib_a-nano-mallocr.o)
                0x0000000020000594                __malloc_sbrk_start
 *(COMMON)
 COMMON         0x0000000020000598       0x5c Core/Src/EEPROM.o
                0x0000000020000598                hspi2
                0x00000000200005f0                val2
 COMMON         0x00000000200005f4      0x110 Core/Src/Flasher.o
                0x00000000200005f4                received_cc
                0x00000000200006f8                datalen_cc
                0x00000000200006fc                reclen_cc
                0x0000000020000700                pagedata_cc
 COMMON         0x0000000020000704      0x1ce Core/Src/Globals.o
                0x0000000020000704                CareOuts
                0x0000000020000705                BusyFlag
                0x0000000020000708                RecvData
                0x0000000020000770                ProgrammingMode
                0x0000000020000771                ProgInited
                0x0000000020000774                PageAddr
                0x0000000020000778                Channels
                0x00000000200007b8                pageData
                0x00000000200008b8                FlashIsProgrammed
                0x00000000200008bc                ProgLen
                0x00000000200008c0                SendData
                0x00000000200008d0                pageDataIndex
 *fill*         0x00000000200008d2        0x2 
 COMMON         0x00000000200008d4      0x917 Core/Src/ProgParser.o
                0x00000000200008d4                Timers
                0x0000000020000974                pagelast
                0x0000000020000978                Counters
                0x0000000020000998                CntChnlsVal
                0x00000000200010a0                CntData
                0x00000000200010e0                Coils
                0x00000000200010e4                Xses
                0x00000000200011d4                Counter
                0x00000000200011d8                datacountSS
                0x00000000200011dc                Mvars
 *fill*         0x00000000200011eb        0x1 
 COMMON         0x00000000200011ec      0x13d Core/Src/main.o
                0x00000000200011ec                LedTick
                0x00000000200011f0                led_start_once
                0x00000000200011f4                hiwdg
                0x0000000020001200                hi2c2
                0x0000000020001254                Ticks
                0x0000000020001258                hcan
                0x0000000020001280                hadc1
                0x00000000200012b0                DataStage
                0x00000000200012b4                ADCValues
                0x00000000200012dc                led_blink_val
                0x00000000200012e0                hdma_adc1
                0x0000000020001324                BackTick
                0x0000000020001328                ADCReady
 *fill*         0x0000000020001329        0x3 
 COMMON         0x000000002000132c        0x4 Drivers/STM32F1xx_HAL_Driver/Src/stm32f1xx_hal.o
                0x000000002000132c                uwTick
 COMMON         0x0000000020001330      0x2c4 USB_DEVICE/App/usb_device.o
                0x0000000020001330                hUsbDeviceFS
 COMMON         0x00000000200015f4       0x2a USB_DEVICE/App/usbd_cdc_if.o
                0x00000000200015f4                UserRxBufferFS
                0x0000000020001614                UserTxBufferFS
 *fill*         0x000000002000161e        0x2 
 COMMON         0x0000000020001620      0x200 USB_DEVICE/App/usbd_desc.o
                0x0000000020001620                USBD_StrDesc
 COMMON         0x0000000020001820      0x26c USB_DEVICE/Target/usbd_conf.o
                0x0000000020001820                hpcd_USB_FS
 COMMON         0x0000000020001a8c        0x4 c:/st/stm32cubeide_1.1.0/stm32cubeide/plugins/com.st.stm32cube.ide.mcu.externaltools.gnu-tools-for-stm32.7-2018-q2-update.win32_1.4.0.202007081208/tools/bin/../lib/gcc/arm-none-eabi/7.3.1/../../../../arm-none-eabi/lib/thumb/v7-m\libc_nano.a(lib_a-reent.o)
                0x0000000020001a8c                errno
                0x0000000020001a90                . = ALIGN (0x4)
                0x0000000020001a90                _ebss = .
                0x0000000020001a90                __bss_end__ = _ebss

._user_heap_stack
                0x0000000020001a90      0xa00 load address 0x000000000800c904
                0x0000000020001a90                . = ALIGN (0x8)
                [!provide]                        PROVIDE (end = .)
                0x0000000020001a90                PROVIDE (_end = .)
                0x0000000020001e90                . = (. + _Min_Heap_Size)
 *fill*         0x0000000020001a90      0x400 
                0x0000000020002490                . = (. + _Min_Stack_Size)
 *fill*         0x0000000020001e90      0x600 
                0x0000000020002490                . = ALIGN (0x8)

/DISCARD/
 libc.a(*)
 libm.a(*)
 libgcc.a(*)

.ARM.attributes
                0x0000000000000000       0x29
 *(.ARM.attributes)
 .ARM.attributes
                0x0000000000000000       0x1d c:/st/stm32cubeide_1.1.0/stm32cubeide/plugins/com.st.stm32cube.ide.mcu.externaltools.gnu-tools-for-stm32.7-2018-q2-update.win32_1.4.0.202007081208/tools/bin/../lib/gcc/arm-none-eabi/7.3.1/thumb/v7-m/crti.o
 .ARM.attributes
                0x000000000000001d       0x2d c:/st/stm32cubeide_1.1.0/stm32cubeide/plugins/com.st.stm32cube.ide.mcu.externaltools.gnu-tools-for-stm32.7-2018-q2-update.win32_1.4.0.202007081208/tools/bin/../lib/gcc/arm-none-eabi/7.3.1/thumb/v7-m/crtbegin.o
 .ARM.attributes
                0x000000000000004a       0x33 Core/Src/EEPROM.o
 .ARM.attributes
                0x000000000000007d       0x33 Core/Src/Flasher.o
 .ARM.attributes
                0x00000000000000b0       0x33 Core/Src/Globals.o
 .ARM.attributes
                0x00000000000000e3       0x33 Core/Src/ProgParser.o
 .ARM.attributes
                0x0000000000000116       0x33 Core/Src/main.o
 .ARM.attributes
                0x0000000000000149       0x33 Core/Src/stm32f1xx_hal_msp.o
 .ARM.attributes
                0x000000000000017c       0x33 Core/Src/stm32f1xx_it.o
 .ARM.attributes
                0x00000000000001af       0x33 Core/Src/sysmem.o
 .ARM.attributes
                0x00000000000001e2       0x33 Core/Src/system_stm32f1xx.o
 .ARM.attributes
                0x0000000000000215       0x21 Core/Startup/startup_stm32f103c8tx.o
 .ARM.attributes
                0x0000000000000236       0x33 Drivers/STM32F1xx_HAL_Driver/Src/stm32f1xx_hal.o
 .ARM.attributes
                0x0000000000000269       0x33 Drivers/STM32F1xx_HAL_Driver/Src/stm32f1xx_hal_adc.o
 .ARM.attributes
                0x000000000000029c       0x33 Drivers/STM32F1xx_HAL_Driver/Src/stm32f1xx_hal_adc_ex.o
 .ARM.attributes
                0x00000000000002cf       0x33 Drivers/STM32F1xx_HAL_Driver/Src/stm32f1xx_hal_can.o
 .ARM.attributes
                0x0000000000000302       0x33 Drivers/STM32F1xx_HAL_Driver/Src/stm32f1xx_hal_cortex.o
 .ARM.attributes
                0x0000000000000335       0x33 Drivers/STM32F1xx_HAL_Driver/Src/stm32f1xx_hal_dma.o
 .ARM.attributes
                0x0000000000000368       0x33 Drivers/STM32F1xx_HAL_Driver/Src/stm32f1xx_hal_gpio.o
 .ARM.attributes
                0x000000000000039b       0x33 Drivers/STM32F1xx_HAL_Driver/Src/stm32f1xx_hal_i2c.o
 .ARM.attributes
                0x00000000000003ce       0x33 Drivers/STM32F1xx_HAL_Driver/Src/stm32f1xx_hal_iwdg.o
 .ARM.attributes
                0x0000000000000401       0x33 Drivers/STM32F1xx_HAL_Driver/Src/stm32f1xx_hal_pcd.o
 .ARM.attributes
                0x0000000000000434       0x33 Drivers/STM32F1xx_HAL_Driver/Src/stm32f1xx_hal_pcd_ex.o
 .ARM.attributes