core_cm3.h:1876:26:ITM_SendChar	16	static,ignoring_inline_asm
main.c:93:6:LED_Service	8	static
main.c:127:6:Led_Startup	16	static
main.c:181:5:main	8	static
main.c:246:6:SystemClock_Config	88	static
main.c:293:13:MX_ADC1_Init	24	static
main.c:410:13:MX_IWDG_Init	8	static
main.c:438:13:MX_SPI2_Init	8	static
main.c:474:13:MX_DMA_Init	16	static
main.c:492:13:MX_GPIO_Init	40	static
main.c:539:6:WDT	8	static
main.c:544:5:_write	32	static
main.c:553:6:Send_Data_To_CDC	24	static
main.c:567:6:CDC_RX_IRQ_Handler	24	static
main.c:596:6:USB_RX_MainProcess	8	static
main.c:616:6:SysTickEvent	4	static
main.c:622:6:ADC_Interrupt_Handler	4	static
main.c:627:6:CalcProcents	8	static
main.c:651:6:ProcessADC	24	static
main.c:710:6:Error_Handler	4	static
