core_cm3.h:1876:26:ITM_SendChar	16	static,ignoring_inline_asm
main.c:85:6:LED_Service	8	static
main.c:124:5:main	8	static
main.c:190:6:SystemClock_Config	88	static
main.c:237:13:MX_ADC1_Init	24	static
main.c:354:13:MX_IWDG_Init	8	static
main.c:382:13:MX_SPI2_Init	8	static
main.c:418:13:MX_DMA_Init	16	static
main.c:436:13:MX_GPIO_Init	40	static
main.c:483:6:WDT	8	static
main.c:488:5:_write	32	static
main.c:497:6:Send_Data_To_CDC	24	static
main.c:511:6:CDC_RX_IRQ_Handler	24	static
main.c:540:6:USB_RX_MainProcess	8	static
main.c:560:6:SysTickEvent	4	static
main.c:566:6:ADC_Interrupt_Handler	4	static
main.c:571:6:CalcProcents	8	static
main.c:594:6:ProcessADC	24	static
main.c:651:6:Error_Handler	4	static
