ProgParser.c:22:6:ParsersInit	8	static
ProgParser.c:30:6:SetUp_PullUp_Mask	32	static
ProgParser.c:85:6:ParseXString	40	static
ProgParser.c:264:6:ProcessXs	16	static
ProgParser.c:286:6:ProcessCoils	16	static
ProgParser.c:318:6:ProcessTimer	16	static
ProgParser.c:350:6:ProcessTimers	16	static
ProgParser.c:358:6:SetTimerParams	24	static
ProgParser.c:372:6:ProcessProgLine	72	static
ProgParser.c:572:6:ProgInit	24	static
ProgParser.c:620:6:ProcessProgramm	280	static
ProgParser.c:668:6:ProcessIO	8	static
