core_cm3.h:1876:26:ITM_SendChar	16	static,ignoring_inline_asm
main.c:95:6:LED_Service	8	static
main.c:129:6:Led_Startup	16	static
main.c:183:5:main	8	static
main.c:250:6:SystemClock_Config	88	static
main.c:297:13:MX_ADC1_Init	24	static
main.c:414:13:MX_CAN_Init	8	static
main.c:451:13:MX_I2C2_Init	8	static
main.c:485:13:MX_IWDG_Init	8	static
main.c:513:13:MX_SPI2_Init	8	static
main.c:549:13:MX_DMA_Init	16	static
main.c:567:13:MX_GPIO_Init	40	static
main.c:614:6:WDT	8	static
main.c:619:5:_write	32	static
main.c:628:6:Send_Data_To_CDC	24	static
main.c:642:6:CDC_RX_IRQ_Handler	24	static
main.c:671:6:USB_RX_MainProcess	8	static
main.c:691:6:SysTickEvent	4	static
main.c:697:6:ADC_Interrupt_Handler	4	static
main.c:702:6:CalcProcents	8	static
main.c:726:6:ProcessADC	32	static
main.c:822:6:Error_Handler	4	static
