Archive member included to satisfy reference by file (symbol)

c:/st/stm32cubeide_1.4.0/stm32cubeide/plugins/com.st.stm32cube.ide.mcu.externaltools.gnu-tools-for-stm32.7-2018-q2-update.win32_1.4.0.202007081208/tools/bin/../lib/gcc/arm-none-eabi/7.3.1/../../../../arm-none-eabi/lib/thumb/v7-m\libc_nano.a(lib_a-errno.o)
                              Core/Src/syscalls.o (__errno)
c:/st/stm32cubeide_1.4.0/stm32cubeide/plugins/com.st.stm32cube.ide.mcu.externaltools.gnu-tools-for-stm32.7-2018-q2-update.win32_1.4.0.202007081208/tools/bin/../lib/gcc/arm-none-eabi/7.3.1/../../../../arm-none-eabi/lib/thumb/v7-m\libc_nano.a(lib_a-exit.o)
                              c:/st/stm32cubeide_1.4.0/stm32cubeide/plugins/com.st.stm32cube.ide.mcu.externaltools.gnu-tools-for-stm32.7-2018-q2-update.win32_1.4.0.202007081208/tools/bin/../lib/gcc/arm-none-eabi/7.3.1/../../../../arm-none-eabi/lib/thumb/v7-m/crt0.o (exit)
c:/st/stm32cubeide_1.4.0/stm32cubeide/plugins/com.st.stm32cube.ide.mcu.externaltools.gnu-tools-for-stm32.7-2018-q2-update.win32_1.4.0.202007081208/tools/bin/../lib/gcc/arm-none-eabi/7.3.1/../../../../arm-none-eabi/lib/thumb/v7-m\libc_nano.a(lib_a-impure.o)
                              c:/st/stm32cubeide_1.4.0/stm32cubeide/plugins/com.st.stm32cube.ide.mcu.externaltools.gnu-tools-for-stm32.7-2018-q2-update.win32_1.4.0.202007081208/tools/bin/../lib/gcc/arm-none-eabi/7.3.1/../../../../arm-none-eabi/lib/thumb/v7-m\libc_nano.a(lib_a-exit.o) (_global_impure_ptr)
c:/st/stm32cubeide_1.4.0/stm32cubeide/plugins/com.st.stm32cube.ide.mcu.externaltools.gnu-tools-for-stm32.7-2018-q2-update.win32_1.4.0.202007081208/tools/bin/../lib/gcc/arm-none-eabi/7.3.1/../../../../arm-none-eabi/lib/thumb/v7-m\libc_nano.a(lib_a-init.o)
                              c:/st/stm32cubeide_1.4.0/stm32cubeide/plugins/com.st.stm32cube.ide.mcu.externaltools.gnu-tools-for-stm32.7-2018-q2-update.win32_1.4.0.202007081208/tools/bin/../lib/gcc/arm-none-eabi/7.3.1/../../../../arm-none-eabi/lib/thumb/v7-m/crt0.o (__libc_init_array)
c:/st/stm32cubeide_1.4.0/stm32cubeide/plugins/com.st.stm32cube.ide.mcu.externaltools.gnu-tools-for-stm32.7-2018-q2-update.win32_1.4.0.202007081208/tools/bin/../lib/gcc/arm-none-eabi/7.3.1/../../../../arm-none-eabi/lib/thumb/v7-m\libc_nano.a(lib_a-memcpy-stub.o)
                              Core/Src/Flasher.o (memcpy)
c:/st/stm32cubeide_1.4.0/stm32cubeide/plugins/com.st.stm32cube.ide.mcu.externaltools.gnu-tools-for-stm32.7-2018-q2-update.win32_1.4.0.202007081208/tools/bin/../lib/gcc/arm-none-eabi/7.3.1/../../../../arm-none-eabi/lib/thumb/v7-m\libc_nano.a(lib_a-memset.o)
                              c:/st/stm32cubeide_1.4.0/stm32cubeide/plugins/com.st.stm32cube.ide.mcu.externaltools.gnu-tools-for-stm32.7-2018-q2-update.win32_1.4.0.202007081208/tools/bin/../lib/gcc/arm-none-eabi/7.3.1/../../../../arm-none-eabi/lib/thumb/v7-m/crt0.o (memset)
c:/st/stm32cubeide_1.4.0/stm32cubeide/plugins/com.st.stm32cube.ide.mcu.externaltools.gnu-tools-for-stm32.7-2018-q2-update.win32_1.4.0.202007081208/tools/bin/../lib/gcc/arm-none-eabi/7.3.1/../../../../arm-none-eabi/lib/thumb/v7-m\libc_nano.a(lib_a-sscanf.o)
                              Core/Src/Flasher.o (sscanf)
c:/st/stm32cubeide_1.4.0/stm32cubeide/plugins/com.st.stm32cube.ide.mcu.externaltools.gnu-tools-for-stm32.7-2018-q2-update.win32_1.4.0.202007081208/tools/bin/../lib/gcc/arm-none-eabi/7.3.1/../../../../arm-none-eabi/lib/thumb/v7-m\libc_nano.a(lib_a-stdio.o)
                              c:/st/stm32cubeide_1.4.0/stm32cubeide/plugins/com.st.stm32cube.ide.mcu.externaltools.gnu-tools-for-stm32.7-2018-q2-update.win32_1.4.0.202007081208/tools/bin/../lib/gcc/arm-none-eabi/7.3.1/../../../../arm-none-eabi/lib/thumb/v7-m\libc_nano.a(lib_a-sscanf.o) (__seofread)
c:/st/stm32cubeide_1.4.0/stm32cubeide/plugins/com.st.stm32cube.ide.mcu.externaltools.gnu-tools-for-stm32.7-2018-q2-update.win32_1.4.0.202007081208/tools/bin/../lib/gcc/arm-none-eabi/7.3.1/../../../../arm-none-eabi/lib/thumb/v7-m\libc_nano.a(lib_a-strlen.o)
                              Core/Src/main.o (strlen)
c:/st/stm32cubeide_1.4.0/stm32cubeide/plugins/com.st.stm32cube.ide.mcu.externaltools.gnu-tools-for-stm32.7-2018-q2-update.win32_1.4.0.202007081208/tools/bin/../lib/gcc/arm-none-eabi/7.3.1/../../../../arm-none-eabi/lib/thumb/v7-m\libc_nano.a(lib_a-writer.o)
                              c:/st/stm32cubeide_1.4.0/stm32cubeide/plugins/com.st.stm32cube.ide.mcu.externaltools.gnu-tools-for-stm32.7-2018-q2-update.win32_1.4.0.202007081208/tools/bin/../lib/gcc/arm-none-eabi/7.3.1/../../../../arm-none-eabi/lib/thumb/v7-m\libc_nano.a(lib_a-stdio.o) (_write_r)
c:/st/stm32cubeide_1.4.0/stm32cubeide/plugins/com.st.stm32cube.ide.mcu.externaltools.gnu-tools-for-stm32.7-2018-q2-update.win32_1.4.0.202007081208/tools/bin/../lib/gcc/arm-none-eabi/7.3.1/../../../../arm-none-eabi/lib/thumb/v7-m\libc_nano.a(lib_a-closer.o)
[...]
Memory Configuration

Name             Origin             Length             Attributes
RAM              0x0000000020000000 0x0000000000005000 xrw
FLASH            0x0000000008000000 0x0000000000010000 xr
*default*        0x0000000000000000 0xffffffffffffffff

Linker script and memory map

LOAD c:/st/stm32cubeide_1.4.0/stm32cubeide/plugins/com.st.stm32cube.ide.mcu.externaltools.gnu-tools-for-stm32.7-2018-q2-update.win32_1.4.0.202007081208/tools/bin/../lib/gcc/arm-none-eabi/7.3.1/thumb/v7-m/crti.o
LOAD c:/st/stm32cubeide_1.4.0/stm32cubeide/plugins/com.st.stm32cube.ide.mcu.externaltools.gnu-tools-for-stm32.7-2018-q2-update.win32_1.4.0.202007081208/tools/bin/../lib/gcc/arm-none-eabi/7.3.1/thumb/v7-m/crtbegin.o
LOAD c:/st/stm32cubeide_1.4.0/stm32cubeide/plugins/com.st.stm32cube.ide.mcu.externaltools.gnu-tools-for-stm32.7-2018-q2-update.win32_1.4.0.202007081208/tools/bin/../lib/gcc/arm-none-eabi/7.3.1/../../../../arm-none-eabi/lib/thumb/v7-m/crt0.o
LOAD Core/Src/Flasher.o
LOAD Core/Src/Globals.o
LOAD Core/Src/MyFlah.o
LOAD Core/Src/ProgParser.o
LOAD Core/Src/main.o
LOAD Core/Src/stm32f1xx_hal_msp.o
LOAD Core/Src/stm32f1xx_it.o
LOAD Core/Src/syscalls.o
LOAD Core/Src/sysmem.o
LOAD Core/Src/system_stm32f1xx.o
LOAD Core/Startup/startup_stm32f103c8tx.o
LOAD Drivers/STM32F1xx_HAL_Driver/Src/stm32f1xx_hal.o
LOAD Drivers/STM32F1xx_HAL_Driver/Src/stm32f1xx_hal_adc.o
LOAD Drivers/STM32F1xx_HAL_Driver/Src/stm32f1xx_hal_adc_ex.o
LOAD Drivers/STM32F1xx_HAL_Driver/Src/stm32f1xx_hal_cortex.o
LOAD Drivers/STM32F1xx_HAL_Driver/Src/stm32f1xx_hal_dma.o
LOAD Drivers/STM32F1xx_HAL_Driver/Src/stm32f1xx_hal_exti.o
LOAD Drivers/STM32F1xx_HAL_Driver/Src/stm32f1xx_hal_flash.o
LOAD Drivers/STM32F1xx_HAL_Driver/Src/stm32f1xx_hal_flash_ex.o
LOAD Drivers/STM32F1xx_HAL_Driver/Src/stm32f1xx_hal_gpio.o
LOAD Drivers/STM32F1xx_HAL_Driver/Src/stm32f1xx_hal_gpio_ex.o
LOAD Drivers/STM32F1xx_HAL_Driver/Src/stm32f1xx_hal_iwdg.o
LOAD Drivers/STM32F1xx_HAL_Driver/Src/stm32f1xx_hal_pcd.o
LOAD Drivers/STM32F1xx_HAL_Driver/Src/stm32f1xx_hal_pcd_ex.o
LOAD Drivers/STM32F1xx_HAL_Driver/Src/stm32f1xx_hal_pwr.o
LOAD Drivers/STM32F1xx_HAL_Driver/Src/stm32f1xx_hal_rcc.o
LOAD Drivers/STM32F1xx_HAL_Driver/Src/stm32f1xx_hal_rcc_ex.o
LOAD Drivers/STM32F1xx_HAL_Driver/Src/stm32f1xx_hal_spi.o
LOAD Drivers/STM32F1xx_HAL_Driver/Src/stm32f1xx_hal_tim.o
LOAD Drivers/STM32F1xx_HAL_Driver/Src/stm32f1xx_hal_tim_ex.o
LOAD Drivers/STM32F1xx_HAL_Driver/Src/stm32f1xx_ll_usb.o
LOAD Middlewares/ST/STM32_USB_Device_Library/Class/CDC/Src/usbd_cdc.o
LOAD Middlewares/ST/STM32_USB_Device_Library/Core/Src/usbd_core.o
LOAD Middlewares/ST/STM32_USB_Device_Library/Core/Src/usbd_ctlreq.o
LOAD Middlewares/ST/STM32_USB_Device_Library/Core/Src/usbd_ioreq.o
LOAD USB_DEVICE/App/usb_device.o
LOAD USB_DEVICE/App/usbd_cdc_if.o
LOAD USB_DEVICE/App/usbd_desc.o
LOAD USB_DEVICE/Target/usbd_conf.o
START GROUP
LOAD c:/st/stm32cubeide_1.4.0/stm32cubeide/plugins/com.st.stm32cube.ide.mcu.externaltools.gnu-tools-for-stm32.7-2018-q2-update.win32_1.4.0.202007081208/tools/bin/../lib/gcc/arm-none-eabi/7.3.1/../../../../arm-none-eabi/lib/thumb/v7-m\libc_nano.a
LOAD c:/st/stm32cubeide_1.4.0/stm32cubeide/plugins/com.st.stm32cube.ide.mcu.externaltools.gnu-tools-for-stm32.7-2018-q2-update.win32_1.4.0.202007081208/tools/bin/../lib/gcc/arm-none-eabi/7.3.1/../../../../arm-none-eabi/lib/thumb/v7-m\libm.a
END GROUP
START GROUP
LOAD c:/st/stm32cubeide_1.4.0/stm32cubeide/plugins/com.st.stm32cube.ide.mcu.externaltools.gnu-tools-for-stm32.7-2018-q2-update.win32_1.4.0.202007081208/tools/bin/../lib/gcc/arm-none-eabi/7.3.1/thumb/v7-m\libgcc.a
LOAD c:/st/stm32cubeide_1.4.0/stm32cubeide/plugins/com.st.stm32cube.ide.mcu.externaltools.gnu-tools-for-stm32.7-2018-q2-update.win32_1.4.0.202007081208/tools/bin/../lib/gcc/arm-none-eabi/7.3.1/../../../../arm-none-eabi/lib/thumb/v7-m\libc_nano.a
END GROUP
START GROUP
LOAD c:/st/stm32cubeide_1.4.0/stm32cubeide/plugins/com.st.stm32cube.ide.mcu.externaltools.gnu-tools-for-stm32.7-2018-q2-update.win32_1.4.0.202007081208/tools/bin/../lib/gcc/arm-none-eabi/7.3.1/thumb/v7-m\libgcc.a
LOAD c:/st/stm32cubeide_1.4.0/stm32cubeide/plugins/com.st.stm32cube.ide.mcu.externaltools.gnu-tools-for-stm32.7-2018-q2-update.win32_1.4.0.202007081208/tools/bin/../lib/gcc/arm-none-eabi/7.3.1/../../../../arm-none-eabi/lib/thumb/v7-m\libc_nano.a
LOAD c:/st/stm32cubeide_1.4.0/stm32cubeide/plugins/com.st.stm32cube.ide.mcu.externaltools.gnu-tools-for-stm32.7-2018-q2-update.win32_1.4.0.202007081208/tools/bin/../lib/gcc/arm-none-eabi/7.3.1/../../../../arm-none-eabi/lib/thumb/v7-m\libnosys.a
END GROUP
START GROUP
LOAD c:/st/stm32cubeide_1.4.0/stm32cubeide/plugins/com.st.stm32cube.ide.mcu.externaltools.gnu-tools-for-stm32.7-2018-q2-update.win32_1.4.0.202007081208/tools/bin/../lib/gcc/arm-none-eabi/7.3.1/thumb/v7-m\libgcc.a
LOAD c:/st/stm32cubeide_1.4.0/stm32cubeide/plugins/com.st.stm32cube.ide.mcu.externaltools.gnu-tools-for-stm32.7-2018-q2-update.win32_1.4.0.202007081208/tools/bin/../lib/gcc/arm-none-eabi/7.3.1/../../../../arm-none-eabi/lib/thumb/v7-m\libc_nano.a
LOAD c:/st/stm32cubeide_1.4.0/stm32cubeide/plugins/com.st.stm32cube.ide.mcu.externaltools.gnu-tools-for-stm32.7-2018-q2-update.win32_1.4.0.202007081208/tools/bin/../lib/gcc/arm-none-eabi/7.3.1/../../../../arm-none-eabi/lib/thumb/v7-m\libnosys.a
END GROUP
LOAD c:/st/stm32cubeide_1.4.0/stm32cubeide/plugins/com.st.stm32cube.ide.mcu.externaltools.gnu-tools-for-stm32.7-2018-q2-update.win32_1.4.0.202007081208/tools/bin/../lib/gcc/arm-none-eabi/7.3.1/thumb/v7-m/crtend.o
LOAD c:/st/stm32cubeide_1.4.0/stm32cubeide/plugins/com.st.stm32cube.ide.mcu.externaltools.gnu-tools-for-stm32.7-2018-q2-update.win32_1.4.0.202007081208/tools/bin/../lib/gcc/arm-none-eabi/7.3.1/thumb/v7-m/crtn.o
                0x0000000020005000                _estack = (ORIGIN (RAM) + LENGTH (RAM))
                0x0000000000000400                _Min_Heap_Size = 0x400
                0x0000000000000600                _Min_Stack_Size = 0x600

.isr_vector     0x0000000008000000      0x10c
                0x0000000008000000                . = ALIGN (0x4)
 *(.isr_vector)
 .isr_vector    0x0000000008000000      0x10c Core/Startup/startup_stm32f103c8tx.o
                0x0000000008000000                g_pfnVectors
                0x000000000800010c                . = ALIGN (0x4)

.text           0x0000000008000110     0xa9f0
                0x0000000008000110                . = ALIGN (0x4)
 *(.text)
 .text          0x0000000008000110       0x40 c:/st/stm32cubeide_1.4.0/stm32cubeide/plugins/com.st.stm32cube.ide.mcu.externaltools.gnu-tools-for-stm32.7-2018-q2-update.win32_1.4.0.202007081208/tools/bin/../lib/gcc/arm-none-eabi/7.3.1/thumb/v7-m/crtbegin.o
 .text          0x0000000008000150       0x10 c:/st/stm32cubeide_1.4.0/stm32cubeide/plugins/com.st.stm32cube.ide.mcu.externaltools.gnu-tools-for-stm32.7-2018-q2-update.win32_1.4.0.202007081208/tools/bin/../lib/gcc/arm-none-eabi/7.3.1/../../../../arm-none-eabi/lib/thumb/v7-m\libc_nano.a(lib_a-strlen.o)
                0x0000000008000150                strlen
 .text          0x0000000008000160      0x378 c:/st/stm32cubeide_1.4.0/stm32cubeide/plugins/com.st.stm32cube.ide.mcu.externaltools.gnu-tools-for-stm32.7-2018-q2-update.win32_1.4.0.202007081208/tools/bin/../lib/gcc/arm-none-eabi/7.3.1/thumb/v7-m\libgcc.a(_arm_addsubdf3.o)
                0x0000000008000160                __aeabi_drsub
                0x0000000008000168                __aeabi_dsub
                0x0000000008000168                __subdf3
                0x000000000800016c                __aeabi_dadd
                0x000000000800016c                __adddf3
                0x00000000080003e4                __floatunsidf
                0x00000000080003e4                __aeabi_ui2d
                0x0000000008000404                __floatsidf
                0x0000000008000404                __aeabi_i2d
                0x0000000008000428                __aeabi_f2d
                0x0000000008000428                __extendsfdf2
                0x000000000800046c                __floatundidf
                0x000000000800046c                __aeabi_ul2d
                0x000000000800047c                __floatdidf
                0x000000000800047c                __aeabi_l2d
 .text          0x00000000080004d8      0x424 c:/st/stm32cubeide_1.4.0/stm32cubeide/plugins/com.st.stm32cube.ide.mcu.externaltools.gnu-tools-for-stm32.7-2018-q2-update.win32_1.4.0.202007081208/tools/bin/../lib/gcc/arm-none-eabi/7.3.1/thumb/v7-m\libgcc.a(_arm_muldivdf3.o)
                0x00000000080004d8                __aeabi_dmul
                0x00000000080004d8                __muldf3
                0x000000000800072c                __divdf3
                0x000000000800072c                __aeabi_ddiv
 .text          0x00000000080008fc       0xa0 c:/st/stm32cubeide_1.4.0/stm32cubeide/plugins/com.st.stm32cube.ide.mcu.externaltools.gnu-tools-for-stm32.7-2018-q2-update.win32_1.4.0.202007081208/tools/bin/../lib/gcc/arm-none-eabi/7.3.1/thumb/v7-m\libgcc.a(_arm_truncdfsf2.o)
                0x00000000080008fc                __truncdfsf2
                0x00000000080008fc                __aeabi_d2f
 .text          0x000000000800099c      0x21c c:/st/stm32cubeide_1.4.0/stm32cubeide/plugins/com.st.stm32cube.ide.mcu.externaltools.gnu-tools-for-stm32.7-2018-q2-update.win32_1.4.0.202007081208/tools/bin/../lib/gcc/arm-none-eabi/7.3.1/thumb/v7-m\libgcc.a(_arm_addsubsf3.o)
                0x000000000800099c                __aeabi_frsub
                0x00000000080009a4                __subsf3
                0x00000000080009a4                __aeabi_fsub
                0x00000000080009a8                __aeabi_fadd
                0x00000000080009a8                __addsf3
                0x0000000008000b08                __aeabi_ui2f
                0x0000000008000b08                __floatunsisf
                0x0000000008000b10                __aeabi_i2f
                0x0000000008000b10                __floatsisf
                0x0000000008000b2c                __aeabi_ul2f
                0x0000000008000b2c                __floatundisf
                0x0000000008000b3c                __aeabi_l2f
                0x0000000008000b3c                __floatdisf
 .text          0x0000000008000bb8      0x2a0 c:/st/stm32cubeide_1.4.0/stm32cubeide/plugins/com.st.stm32cube.ide.mcu.externaltools.gnu-tools-for-stm32.7-2018-q2-update.win32_1.4.0.202007081208/tools/bin/../lib/gcc/arm-none-eabi/7.3.1/thumb/v7-m\libgcc.a(_arm_muldivsf3.o)
                0x0000000008000bb8                __mulsf3
                0x0000000008000bb8                __aeabi_fmul
                0x0000000008000d20                __aeabi_fdiv
                0x0000000008000d20                __divsf3
 .text          0x0000000008000e58       0xec c:/st/stm32cubeide_1.4.0/stm32cubeide/plugins/com.st.stm32cube.ide.mcu.externaltools.gnu-tools-for-stm32.7-2018-q2-update.win32_1.4.0.202007081208/tools/bin/../lib/gcc/arm-none-eabi/7.3.1/thumb/v7-m\libgcc.a(_arm_cmpsf2.o)
                0x0000000008000e58                __gesf2
                0x0000000008000e58                __gtsf2
                0x0000000008000e60                __lesf2
                0x0000000008000e60                __ltsf2
                0x0000000008000e68                __nesf2
                0x0000000008000e68                __eqsf2
                0x0000000008000e68                __cmpsf2
                0x0000000008000ec8                __aeabi_cfrcmple
                0x0000000008000ed0                __aeabi_cfcmpeq
                0x0000000008000ed0                __aeabi_cfcmple
                0x0000000008000ee0                __aeabi_fcmpeq
                0x0000000008000ef4                __aeabi_fcmplt
                0x0000000008000f08                __aeabi_fcmple
                0x0000000008000f1c                __aeabi_fcmpge
                0x0000000008000f30                __aeabi_fcmpgt
 .text          0x0000000008000f44       0x4c c:/st/stm32cubeide_1.4.0/stm32cubeide/plugins/com.st.stm32cube.ide.mcu.externaltools.gnu-tools-for-stm32.7-2018-q2-update.win32_1.4.0.202007081208/tools/bin/../lib/gcc/arm-none-eabi/7.3.1/thumb/v7-m\libgcc.a(_arm_fixsfsi.o)
                0x0000000008000f44                __aeabi_f2iz
                0x0000000008000f44                __fixsfsi
 *(.text*)
 .text.FlasherInit
                0x0000000008000f90       0x12 Core/Src/Flasher.o
                0x0000000008000f90                FlasherInit
 *fill*         0x0000000008000fa2        0x2 
 .text.getCRC   0x0000000008000fa4       0xb4 Core/Src/Flasher.o
                0x0000000008000fa4                getCRC
 .text.SendAnswer
                0x0000000008001058       0x26 Core/Src/Flasher.o
                0x0000000008001058                SendAnswer
 *fill*         0x000000000800107e        0x2 
 .text.HexBufToBuf
                0x0000000008001080       0x98 Core/Src/Flasher.o
                0x0000000008001080                HexBufToBuf
 .text.WheitBusy
                0x0000000008001118        0xc Core/Src/Flasher.o
                0x0000000008001118                WheitBusy
 .text.ProcessRecvedBuf
                0x0000000008001124      0x190 Core/Src/Flasher.o
                0x0000000008001124                ProcessRecvedBuf
 .text.FinishFlash
                0x00000000080012b4       0xb8 Core/Src/Flasher.o
                0x00000000080012b4                FinishFlash
 .text.TestFlash
                0x000000000800136c       0xe4 Core/Src/Flasher.o
                0x000000000800136c                TestFlash
 .text.PC_BuffProcessing
                0x0000000008001450      0x10c Core/Src/Flasher.o
                0x0000000008001450                PC_BuffProcessing
 .text.InitGlobals
                0x000000000800155c       0x70 Core/Src/Globals.o
                0x000000000800155c                InitGlobals
 .text.SPI_RW   0x00000000080015cc       0x38 Core/Src/MyFlah.o
                0x00000000080015cc                SPI_RW
 .text.Flash_Init
                0x0000000008001604       0x24 Core/Src/MyFlah.o
                0x0000000008001604                Flash_Init
 .text.Flash_WriteEnable
                0x0000000008001628       0x2c Core/Src/MyFlah.o
                0x0000000008001628                Flash_WriteEnable
 .text.Flash_WriteDisable
                0x0000000008001654       0x2c Core/Src/MyFlah.o
                0x0000000008001654                Flash_WriteDisable
 .text.Flash_ReadStatusRegister1
                0x0000000008001680       0x40 Core/Src/MyFlah.o
                0x0000000008001680                Flash_ReadStatusRegister1
 .text.Flash_WaitForWriteEnd
                0x00000000080016c0       0x54 Core/Src/MyFlah.o
                0x00000000080016c0                Flash_WaitForWriteEnd
 .text.Flash_EraseChip
                0x0000000008001714       0x40 Core/Src/MyFlah.o
                0x0000000008001714                Flash_EraseChip
 .text.Flash_WritePage
                0x0000000008001754       0x98 Core/Src/MyFlah.o
                0x0000000008001754                Flash_WritePage
 .text.Flash_ReadPage
                0x00000000080017ec       0x9c Core/Src/MyFlah.o
                0x00000000080017ec                Flash_ReadPage
 .text.ParsersInit
                0x0000000008001888       0x40 Core/Src/ProgParser.o
                0x0000000008001888                ParsersInit
 .text.SetUp_PullUp_Mask
                0x00000000080018c8      0x108 Core/Src/ProgParser.o
                0x00000000080018c8                SetUp_PullUp_Mask
 .text.ParseXString
                0x00000000080019d0      0x3e0 Core/Src/ProgParser.o
                0x00000000080019d0                ParseXString
 .text.ProcessXs
                0x0000000008001db0      0x120 Core/Src/ProgParser.o
                0x0000000008001db0                ProcessXs
 .text.ProcessCoils
                0x0000000008001ed0       0x90 Core/Src/ProgParser.o
                0x0000000008001ed0                ProcessCoils
 .text.ProcessTimer
                0x0000000008001f60       0xae Core/Src/ProgParser.o
                0x0000000008001f60                ProcessTimer
 *fill*         0x000000000800200e        0x2 
 .text.ProcessTimers
                0x0000000008002010       0x34 Core/Src/ProgParser.o
                0x0000000008002010                ProcessTimers
 .text.SetTimerParams
                0x0000000008002044       0x54 Core/Src/ProgParser.o
                0x0000000008002044                SetTimerParams
 .text.ProcessProgLine
                0x0000000008002098      0x614 Core/Src/ProgParser.o
                0x0000000008002098                ProcessProgLine
 .text.ProgInit
                0x00000000080026ac      0x108 Core/Src/ProgParser.o
                0x00000000080026ac                ProgInit
 .text.ProcessProgramm
                0x00000000080027b4      0x148 Core/Src/ProgParser.o
                0x00000000080027b4                ProcessProgramm
 .text.ProcessIO
                0x00000000080028fc       0xf4 Core/Src/ProgParser.o
                0x00000000080028fc                ProcessIO
 .text.LED_Service
                0x00000000080029f0       0xe8 Core/Src/main.o
                0x00000000080029f0                LED_Service
 .text.main     0x0000000008002ad8       0x80 Core/Src/main.o
                0x0000000008002ad8                main
 .text.SystemClock_Config
                0x0000000008002b58       0xc0 Core/Src/main.o
                0x0000000008002b58                SystemClock_Config
 .text.MX_ADC1_Init
                0x0000000008002c18      0x17c Core/Src/main.o
 .text.MX_IWDG_Init
                0x0000000008002d94       0x34 Core/Src/main.o
 .text.MX_SPI2_Init
                0x0000000008002dc8       0x6c Core/Src/main.o
 .text.MX_DMA_Init
                0x0000000008002e34       0x3c Core/Src/main.o
 .text.MX_GPIO_Init
                0x0000000008002e70      0x10c Core/Src/main.o
 .text.WDT      0x0000000008002f7c       0x14 Core/Src/main.o
                0x0000000008002f7c                WDT
 .text.Send_Data_To_CDC
                0x0000000008002f90       0x88 Core/Src/main.o
                0x0000000008002f90                Send_Data_To_CDC
 .text.CDC_RX_IRQ_Handler
                0x0000000008003018       0x98 Core/Src/main.o
                0x0000000008003018                CDC_RX_IRQ_Handler
 .text.USB_RX_MainProcess
                0x00000000080030b0       0x50 Core/Src/main.o
                0x00000000080030b0                USB_RX_MainProcess
 .text.SysTickEvent
                0x0000000008003100        0xc Core/Src/main.o
                0x0000000008003100                SysTickEvent
 .text.ADC_Interrupt_Handler
                0x000000000800310c       0x18 Core/Src/main.o
                0x000000000800310c                ADC_Interrupt_Handler
 .text.CalcProcents
                0x0000000008003124       0xf4 Core/Src/main.o
                0x0000000008003124                CalcProcents
 .text.ProcessADC
                0x0000000008003218      0x360 Core/Src/main.o
                0x0000000008003218                ProcessADC
 .text.Error_Handler
                0x0000000008003578        0xc Core/Src/main.o
                0x0000000008003578                Error_Handler
 .text.HAL_MspInit
                0x0000000008003584       0x64 Core/Src/stm32f1xx_hal_msp.o
                0x0000000008003584                HAL_MspInit
 .text.HAL_ADC_MspInit
                0x00000000080035e8       0xe4 Core/Src/stm32f1xx_hal_msp.o
                0x00000000080035e8                HAL_ADC_MspInit
 .text.HAL_SPI_MspInit
                0x00000000080036cc       0xa8 Core/Src/stm32f1xx_hal_msp.o
                0x00000000080036cc                HAL_SPI_MspInit
 .text.NMI_Handler
                0x0000000008003774        0xc Core/Src/stm32f1xx_it.o
                0x0000000008003774                NMI_Handler
 .text.HardFault_Handler
                0x0000000008003780        0x6 Core/Src/stm32f1xx_it.o
                0x0000000008003780                HardFault_Handler
 .text.MemManage_Handler
                0x0000000008003786        0x6 Core/Src/stm32f1xx_it.o
                0x0000000008003786                MemManage_Handler
 .text.BusFault_Handler
                0x000000000800378c        0x6 Core/Src/stm32f1xx_it.o
                0x000000000800378c                BusFault_Handler
 .text.UsageFault_Handler
                0x0000000008003792        0x6 Core/Src/stm32f1xx_it.o
                0x0000000008003792                UsageFault_Handler
 .text.SVC_Handler
                0x0000000008003798        0xc Core/Src/stm32f1xx_it.o
                0x0000000008003798                SVC_Handler
 .text.DebugMon_Handler
                0x00000000080037a4        0xc Core/Src/stm32f1xx_it.o
                0x00000000080037a4                DebugMon_Handler
 .text.PendSV_Handler
                0x00000000080037b0        0xc Core/Src/stm32f1xx_it.o
                0x00000000080037b0                PendSV_Handler
 .text.SysTick_Handler
                0x00000000080037bc       0x10 Core/Src/stm32f1xx_it.o
                0x00000000080037bc                SysTick_Handler
 .text.DMA1_Channel1_IRQHandler
                0x00000000080037cc       0x18 Core/Src/stm32f1xx_it.o
                0x00000000080037cc                DMA1_Channel1_IRQHandler
 .text.ADC1_2_IRQHandler
                0x00000000080037e4       0x14 Core/Src/stm32f1xx_it.o
                0x00000000080037e4                ADC1_2_IRQHandler
 .text.USB_HP_CAN1_TX_IRQHandler
                0x00000000080037f8       0x14 Core/Src/stm32f1xx_it.o
                0x00000000080037f8                USB_HP_CAN1_TX_IRQHandler
 .text.USB_LP_CAN1_RX0_IRQHandler
                0x000000000800380c       0x1c Core/Src/stm32f1xx_it.o
                0x000000000800380c                USB_LP_CAN1_RX0_IRQHandler
 .text.SPI2_IRQHandler
                0x0000000008003828       0x14 Core/Src/stm32f1xx_it.o
                0x0000000008003828                SPI2_IRQHandler
 .text._sbrk    0x000000000800383c       0x58 Core/Src/sysmem.o
                0x000000000800383c                _sbrk
 .text.SystemInit
                0x0000000008003894       0x68 Core/Src/system_stm32f1xx.o
                0x0000000008003894                SystemInit
 .text.Reset_Handler
                0x00000000080038fc       0x48 Core/Startup/startup_stm32f103c8tx.o
                0x00000000080038fc                Reset_Handler
 .text.Default_Handler
                0x0000000008003944        0x2 Core/Startup/startup_stm32f103c8tx.o
                0x0000000008003944                RTC_Alarm_IRQHandler
                0x0000000008003944                EXTI2_IRQHandler
                0x0000000008003944                TIM1_CC_IRQHandler
                0x0000000008003944                PVD_IRQHandler
                0x0000000008003944                EXTI3_IRQHandler
                0x0000000008003944                EXTI0_IRQHandler
                0x0000000008003944                I2C2_EV_IRQHandler
                0x0000000008003944                SPI1_IRQHandler
                0x0000000008003944                TAMPER_IRQHandler
                0x0000000008003944                DMA1_Channel4_IRQHandler
                0x0000000008003944                USART3_IRQHandler
                0x0000000008003944                RTC_IRQHandler
                0x0000000008003944                DMA1_Channel7_IRQHandler
                0x0000000008003944                CAN1_RX1_IRQHandler
                0x0000000008003944                TIM4_IRQHandler
                0x0000000008003944                I2C1_EV_IRQHandler
                0x0000000008003944                DMA1_Channel6_IRQHandler
                0x0000000008003944                TIM3_IRQHandler
                0x0000000008003944                RCC_IRQHandler
                0x0000000008003944                TIM1_TRG_COM_IRQHandler
                0x0000000008003944                Default_Handler
                0x0000000008003944                EXTI15_10_IRQHandler
                0x0000000008003944                EXTI9_5_IRQHandler
                0x0000000008003944                DMA1_Channel5_IRQHandler
                0x0000000008003944                EXTI4_IRQHandler
                0x0000000008003944                DMA1_Channel3_IRQHandler
                0x0000000008003944                TIM1_UP_IRQHandler
                0x0000000008003944                WWDG_IRQHandler
                0x0000000008003944                TIM2_IRQHandler
                0x0000000008003944                TIM1_BRK_IRQHandler
                0x0000000008003944                EXTI1_IRQHandler
                0x0000000008003944                USART2_IRQHandler
                0x0000000008003944                I2C2_ER_IRQHandler
                0x0000000008003944                DMA1_Channel2_IRQHandler
                0x0000000008003944                CAN1_SCE_IRQHandler
                0x0000000008003944                FLASH_IRQHandler
                0x0000000008003944                USART1_IRQHandler
                0x0000000008003944                I2C1_ER_IRQHandler
                0x0000000008003944                USBWakeUp_IRQHandler
 *fill*         0x0000000008003946        0x2 
 .text.HAL_Init
                0x0000000008003948       0x2c Drivers/STM32F1xx_HAL_Driver/Src/stm32f1xx_hal.o
                0x0000000008003948                HAL_Init
 .text.HAL_InitTick
                0x0000000008003974       0x60 Drivers/STM32F1xx_HAL_Driver/Src/stm32f1xx_hal.o
                0x0000000008003974                HAL_InitTick
 .text.HAL_IncTick
                0x00000000080039d4       0x24 Drivers/STM32F1xx_HAL_Driver/Src/stm32f1xx_hal.o
                0x00000000080039d4                HAL_IncTick
 .text.HAL_GetTick
                0x00000000080039f8       0x14 Drivers/STM32F1xx_HAL_Driver/Src/stm32f1xx_hal.o
                0x00000000080039f8                HAL_GetTick
 .text.HAL_Delay
                0x0000000008003a0c       0x44 Drivers/STM32F1xx_HAL_Driver/Src/stm32f1xx_hal.o
                0x0000000008003a0c                HAL_Delay
 .text.HAL_ADC_Init
                0x0000000008003a50      0x1b0 Drivers/STM32F1xx_HAL_Driver/Src/stm32f1xx_hal_adc.o
                0x0000000008003a50                HAL_ADC_Init
 .text.HAL_ADC_Start_DMA
                0x0000000008003c00      0x1bc Drivers/STM32F1xx_HAL_Driver/Src/stm32f1xx_hal_adc.o
                0x0000000008003c00                HAL_ADC_Start_DMA
 .text.HAL_ADC_IRQHandler
                0x0000000008003dbc      0x186 Drivers/STM32F1xx_HAL_Driver/Src/stm32f1xx_hal_adc.o
                0x0000000008003dbc                HAL_ADC_IRQHandler
 .text.HAL_ADC_ConvCpltCallback
                0x0000000008003f42       0x12 Drivers/STM32F1xx_HAL_Driver/Src/stm32f1xx_hal_adc.o
                0x0000000008003f42                HAL_ADC_ConvCpltCallback
 .text.HAL_ADC_ConvHalfCpltCallback
                0x0000000008003f54       0x12 Drivers/STM32F1xx_HAL_Driver/Src/stm32f1xx_hal_adc.o
                0x0000000008003f54                HAL_ADC_ConvHalfCpltCallback
 .text.HAL_ADC_LevelOutOfWindowCallback
                0x0000000008003f66       0x12 Drivers/STM32F1xx_HAL_Driver/Src/stm32f1xx_hal_adc.o
                0x0000000008003f66                HAL_ADC_LevelOutOfWindowCallback
 .text.HAL_ADC_ErrorCallback
                0x0000000008003f78       0x12 Drivers/STM32F1xx_HAL_Driver/Src/stm32f1xx_hal_adc.o
                0x0000000008003f78                HAL_ADC_ErrorCallback
 *fill*         0x0000000008003f8a        0x2 
 .text.HAL_ADC_ConfigChannel
                0x0000000008003f8c      0x1f0 Drivers/STM32F1xx_HAL_Driver/Src/stm32f1xx_hal_adc.o
                0x0000000008003f8c                HAL_ADC_ConfigChannel
 .text.ADC_Enable
                0x000000000800417c       0xa4 Drivers/STM32F1xx_HAL_Driver/Src/stm32f1xx_hal_adc.o
                0x000000000800417c                ADC_Enable
 .text.ADC_ConversionStop_Disable
                0x0000000008004220       0x74 Drivers/STM32F1xx_HAL_Driver/Src/stm32f1xx_hal_adc.o
                0x0000000008004220                ADC_ConversionStop_Disable
 .text.ADC_DMAConvCplt
                0x0000000008004294       0x7c Drivers/STM32F1xx_HAL_Driver/Src/stm32f1xx_hal_adc.o
                0x0000000008004294                ADC_DMAConvCplt
 .text.ADC_DMAHalfConvCplt
                0x0000000008004310       0x1c Drivers/STM32F1xx_HAL_Driver/Src/stm32f1xx_hal_adc.o
                0x0000000008004310                ADC_DMAHalfConvCplt
 .text.ADC_DMAError
                0x000000000800432c       0x34 Drivers/STM32F1xx_HAL_Driver/Src/stm32f1xx_hal_adc.o
                0x000000000800432c                ADC_DMAError
 .text.HAL_ADCEx_InjectedConvCpltCallback
                0x0000000008004360       0x12 Drivers/STM32F1xx_HAL_Driver/Src/stm32f1xx_hal_adc_ex.o
                0x0000000008004360                HAL_ADCEx_InjectedConvCpltCallback
 *fill*         0x0000000008004372        0x2 
 .text.__NVIC_SetPriorityGrouping
                0x0000000008004374       0x48 Drivers/STM32F1xx_HAL_Driver/Src/stm32f1xx_hal_cortex.o
 .text.__NVIC_GetPriorityGrouping
                0x00000000080043bc       0x1c Drivers/STM32F1xx_HAL_Driver/Src/stm32f1xx_hal_cortex.o
 .text.__NVIC_EnableIRQ
                0x00000000080043d8       0x38 Drivers/STM32F1xx_HAL_Driver/Src/stm32f1xx_hal_cortex.o
 .text.__NVIC_SetPriority
                0x0000000008004410       0x54 Drivers/STM32F1xx_HAL_Driver/Src/stm32f1xx_hal_cortex.o
 .text.NVIC_EncodePriority
                0x0000000008004464       0x64 Drivers/STM32F1xx_HAL_Driver/Src/stm32f1xx_hal_cortex.o
 .text.SysTick_Config
                0x00000000080044c8       0x44 Drivers/STM32F1xx_HAL_Driver/Src/stm32f1xx_hal_cortex.o
 .text.HAL_NVIC_SetPriorityGrouping
                0x000000000800450c       0x16 Drivers/STM32F1xx_HAL_Driver/Src/stm32f1xx_hal_cortex.o
                0x000000000800450c                HAL_NVIC_SetPriorityGrouping
 .text.HAL_NVIC_SetPriority
                0x0000000008004522       0x38 Drivers/STM32F1xx_HAL_Driver/Src/stm32f1xx_hal_cortex.o
                0x0000000008004522                HAL_NVIC_SetPriority
 .text.HAL_NVIC_EnableIRQ
                0x000000000800455a       0x1c Drivers/STM32F1xx_HAL_Driver/Src/stm32f1xx_hal_cortex.o
                0x000000000800455a                HAL_NVIC_EnableIRQ
 .text.HAL_SYSTICK_Config
                0x0000000008004576       0x18 Drivers/STM32F1xx_HAL_Driver/Src/stm32f1xx_hal_cortex.o
                0x0000000008004576                HAL_SYSTICK_Config
 *fill*         0x000000000800458e        0x2 
 .text.HAL_DMA_Init
                0x0000000008004590       0xb4 Drivers/STM32F1xx_HAL_Driver/Src/stm32f1xx_hal_dma.o
                0x0000000008004590                HAL_DMA_Init
 .text.HAL_DMA_Start_IT
                0x0000000008004644       0xbe Drivers/STM32F1xx_HAL_Driver/Src/stm32f1xx_hal_dma.o
                0x0000000008004644                HAL_DMA_Start_IT
 *fill*         0x0000000008004702        0x2 
 .text.HAL_DMA_Abort_IT
                0x0000000008004704       0xec Drivers/STM32F1xx_HAL_Driver/Src/stm32f1xx_hal_dma.o
                0x0000000008004704                HAL_DMA_Abort_IT
 .text.HAL_DMA_IRQHandler
                0x00000000080047f0      0x20c Drivers/STM32F1xx_HAL_Driver/Src/stm32f1xx_hal_dma.o
                0x00000000080047f0                HAL_DMA_IRQHandler
 .text.DMA_SetConfig
                0x00000000080049fc       0x5a Drivers/STM32F1xx_HAL_Driver/Src/stm32f1xx_hal_dma.o
 *fill*         0x0000000008004a56        0x2 
 .text.HAL_GPIO_Init
                0x0000000008004a58      0x2b4 Drivers/STM32F1xx_HAL_Driver/Src/stm32f1xx_hal_gpio.o
                0x0000000008004a58                HAL_GPIO_Init
 .text.HAL_GPIO_WritePin
                0x0000000008004d0c       0x30 Drivers/STM32F1xx_HAL_Driver/Src/stm32f1xx_hal_gpio.o
                0x0000000008004d0c                HAL_GPIO_WritePin
 .text.HAL_GPIO_TogglePin
                0x0000000008004d3c       0x30 Drivers/STM32F1xx_HAL_Driver/Src/stm32f1xx_hal_gpio.o
                0x0000000008004d3c                HAL_GPIO_TogglePin
 .text.HAL_IWDG_Init
                0x0000000008004d6c       0x72 Drivers/STM32F1xx_HAL_Driver/Src/stm32f1xx_hal_iwdg.o
                0x0000000008004d6c                HAL_IWDG_Init
 .text.HAL_IWDG_Refresh
                0x0000000008004dde       0x1e Drivers/STM32F1xx_HAL_Driver/Src/stm32f1xx_hal_iwdg.o
                0x0000000008004dde                HAL_IWDG_Refresh
 .text.HAL_PCD_Init
                0x0000000008004dfc      0x1c2 Drivers/STM32F1xx_HAL_Driver/Src/stm32f1xx_hal_pcd.o
                0x0000000008004dfc                HAL_PCD_Init
 .text.HAL_PCD_Start
                0x0000000008004fbe       0x4c Drivers/STM32F1xx_HAL_Driver/Src/stm32f1xx_hal_pcd.o
                0x0000000008004fbe                HAL_PCD_Start
 .text.HAL_PCD_IRQHandler
                0x000000000800500a      0x21c Drivers/STM32F1xx_HAL_Driver/Src/stm32f1xx_hal_pcd.o
                0x000000000800500a                HAL_PCD_IRQHandler
 .text.HAL_PCD_SetAddress
                0x0000000008005226       0x4a Drivers/STM32F1xx_HAL_Driver/Src/stm32f1xx_hal_pcd.o
                0x0000000008005226                HAL_PCD_SetAddress
 .text.HAL_PCD_EP_Open
                0x0000000008005270       0xc0 Drivers/STM32F1xx_HAL_Driver/Src/stm32f1xx_hal_pcd.o
                0x0000000008005270                HAL_PCD_EP_Open
 .text.HAL_PCD_EP_Close
                0x0000000008005330       0x84 Drivers/STM32F1xx_HAL_Driver/Src/stm32f1xx_hal_pcd.o
                0x0000000008005330                HAL_PCD_EP_Close
 .text.HAL_PCD_EP_Receive
                0x00000000080053b4       0x74 Drivers/STM32F1xx_HAL_Driver/Src/stm32f1xx_hal_pcd.o
                0x00000000080053b4                HAL_PCD_EP_Receive
 .text.HAL_PCD_EP_GetRxCount
                0x0000000008005428       0x28 Drivers/STM32F1xx_HAL_Driver/Src/stm32f1xx_hal_pcd.o
                0x0000000008005428                HAL_PCD_EP_GetRxCount
 .text.HAL_PCD_EP_Transmit
                0x0000000008005450       0x72 Drivers/STM32F1xx_HAL_Driver/Src/stm32f1xx_hal_pcd.o
                0x0000000008005450                HAL_PCD_EP_Transmit
 .text.HAL_PCD_EP_SetStall
                0x00000000080054c2       0xb4 Drivers/STM32F1xx_HAL_Driver/Src/stm32f1xx_hal_pcd.o
                0x00000000080054c2                HAL_PCD_EP_SetStall
 .text.HAL_PCD_EP_ClrStall
                0x0000000008005576       0x9c Drivers/STM32F1xx_HAL_Driver/Src/stm32f1xx_hal_pcd.o
                0x0000000008005576                HAL_PCD_EP_ClrStall
 *fill*         0x0000000008005612        0x2 
 .text.PCD_EP_ISR_Handler
                0x0000000008005614      0x534 Drivers/STM32F1xx_HAL_Driver/Src/stm32f1xx_hal_pcd.o
 .text.HAL_PCDEx_PMAConfig
                0x0000000008005b48       0x78 Drivers/STM32F1xx_HAL_Driver/Src/stm32f1xx_hal_pcd_ex.o
                0x0000000008005b48                HAL_PCDEx_PMAConfig
 .text.HAL_RCC_OscConfig
                0x0000000008005bc0      0x500 Drivers/STM32F1xx_HAL_Driver/Src/stm32f1xx_hal_rcc.o
                0x0000000008005bc0                HAL_RCC_OscConfig
 .text.HAL_RCC_ClockConfig
                0x00000000080060c0      0x1d4 Drivers/STM32F1xx_HAL_Driver/Src/stm32f1xx_hal_rcc.o
                0x00000000080060c0                HAL_RCC_ClockConfig
 .text.HAL_RCC_GetSysClockFreq
                0x0000000008006294       0xc8 Drivers/STM32F1xx_HAL_Driver/Src/stm32f1xx_hal_rcc.o
                0x0000000008006294                HAL_RCC_GetSysClockFreq
 .text.RCC_Delay
                0x000000000800635c       0x3c Drivers/STM32F1xx_HAL_Driver/Src/stm32f1xx_hal_rcc.o
 .text.HAL_RCCEx_PeriphCLKConfig
                0x0000000008006398      0x16c Drivers/STM32F1xx_HAL_Driver/Src/stm32f1xx_hal_rcc_ex.o
                0x0000000008006398                HAL_RCCEx_PeriphCLKConfig
 .text.HAL_SPI_Init
                0x0000000008006504       0xc2 Drivers/STM32F1xx_HAL_Driver/Src/stm32f1xx_hal_spi.o
                0x0000000008006504                HAL_SPI_Init
 .text.HAL_SPI_TransmitReceive
                0x00000000080065c6      0x344 Drivers/STM32F1xx_HAL_Driver/Src/stm32f1xx_hal_spi.o
                0x00000000080065c6                HAL_SPI_TransmitReceive
 *fill*         0x000000000800690a        0x2 
 .text.HAL_SPI_IRQHandler
                0x000000000800690c      0x1d0 Drivers/STM32F1xx_HAL_Driver/Src/stm32f1xx_hal_spi.o
                0x000000000800690c                HAL_SPI_IRQHandler
 .text.HAL_SPI_ErrorCallback
                0x0000000008006adc       0x12 Drivers/STM32F1xx_HAL_Driver/Src/stm32f1xx_hal_spi.o
                0x0000000008006adc                HAL_SPI_ErrorCallback
 .text.SPI_DMAAbortOnError
                0x0000000008006aee       0x28 Drivers/STM32F1xx_HAL_Driver/Src/stm32f1xx_hal_spi.o
 .text.SPI_WaitFlagStateUntilTimeout
                0x0000000008006b16       0xd4 Drivers/STM32F1xx_HAL_Driver/Src/stm32f1xx_hal_spi.o
 .text.SPI_EndRxTxTransaction
                0x0000000008006bea       0x3c Drivers/STM32F1xx_HAL_Driver/Src/stm32f1xx_hal_spi.o
 .text.USB_CoreInit
                0x0000000008006c26       0x20 Drivers/STM32F1xx_HAL_Driver/Src/stm32f1xx_ll_usb.o
                0x0000000008006c26                USB_CoreInit
 .text.USB_EnableGlobalInt
                0x0000000008006c46       0x2e Drivers/STM32F1xx_HAL_Driver/Src/stm32f1xx_ll_usb.o
                0x0000000008006c46                USB_EnableGlobalInt
 .text.USB_DisableGlobalInt
                0x0000000008006c74       0x38 Drivers/STM32F1xx_HAL_Driver/Src/stm32f1xx_ll_usb.o
                0x0000000008006c74                USB_DisableGlobalInt
 .text.USB_SetCurrentMode
                0x0000000008006cac       0x18 Drivers/STM32F1xx_HAL_Driver/Src/stm32f1xx_ll_usb.o
                0x0000000008006cac                USB_SetCurrentMode
 .text.USB_DevInit
                0x0000000008006cc4       0x48 Drivers/STM32F1xx_HAL_Driver/Src/stm32f1xx_ll_usb.o
                0x0000000008006cc4                USB_DevInit
 .text.USB_ActivateEndpoint
                0x0000000008006d0c      0x5dc Drivers/STM32F1xx_HAL_Driver/Src/stm32f1xx_ll_usb.o
                0x0000000008006d0c                USB_ActivateEndpoint
 .text.USB_DeactivateEndpoint
                0x00000000080072e8      0x32c Drivers/STM32F1xx_HAL_Driver/Src/stm32f1xx_ll_usb.o
                0x00000000080072e8                USB_DeactivateEndpoint
 .text.USB_EPStartXfer
                0x0000000008007614      0x570 Drivers/STM32F1xx_HAL_Driver/Src/stm32f1xx_ll_usb.o
                0x0000000008007614                USB_EPStartXfer
 .text.USB_EPSetStall
                0x0000000008007b84       0x84 Drivers/STM32F1xx_HAL_Driver/Src/stm32f1xx_ll_usb.o
                0x0000000008007b84                USB_EPSetStall
 .text.USB_EPClearStall
                0x0000000008007c08      0x128 Drivers/STM32F1xx_HAL_Driver/Src/stm32f1xx_ll_usb.o
                0x0000000008007c08                USB_EPClearStall
 .text.USB_SetDevAddress
                0x0000000008007d30       0x26 Drivers/STM32F1xx_HAL_Driver/Src/stm32f1xx_ll_usb.o
                0x0000000008007d30                USB_SetDevAddress
 .text.USB_DevConnect
                0x0000000008007d56       0x14 Drivers/STM32F1xx_HAL_Driver/Src/stm32f1xx_ll_usb.o
                0x0000000008007d56                USB_DevConnect
 .text.USB_DevDisconnect
                0x0000000008007d6a       0x14 Drivers/STM32F1xx_HAL_Driver/Src/stm32f1xx_ll_usb.o
                0x0000000008007d6a                USB_DevDisconnect
 .text.USB_ReadInterrupts
                0x0000000008007d7e       0x1e Drivers/STM32F1xx_HAL_Driver/Src/stm32f1xx_ll_usb.o
                0x0000000008007d7e                USB_ReadInterrupts
 .text.USB_EP0_OutStart
                0x0000000008007d9c       0x16 Drivers/STM32F1xx_HAL_Driver/Src/stm32f1xx_ll_usb.o
                0x0000000008007d9c                USB_EP0_OutStart
 .text.USB_WritePMA
                0x0000000008007db2       0x88 Drivers/STM32F1xx_HAL_Driver/Src/stm32f1xx_ll_usb.o
                0x0000000008007db2                USB_WritePMA
 .text.USB_ReadPMA
                0x0000000008007e3a       0x9e Drivers/STM32F1xx_HAL_Driver/Src/stm32f1xx_ll_usb.o
                0x0000000008007e3a                USB_ReadPMA
 .text.USBD_CDC_Init
                0x0000000008007ed8       0xf4 Middlewares/ST/STM32_USB_Device_Library/Class/CDC/Src/usbd_cdc.o
 .text.USBD_CDC_DeInit
                0x0000000008007fcc       0x6e Middlewares/ST/STM32_USB_Device_Library/Class/CDC/Src/usbd_cdc.o
 .text.USBD_CDC_Setup
                0x000000000800803a      0x140 Middlewares/ST/STM32_USB_Device_Library/Class/CDC/Src/usbd_cdc.o
 .text.USBD_CDC_DataIn
                0x000000000800817a       0xa0 Middlewares/ST/STM32_USB_Device_Library/Class/CDC/Src/usbd_cdc.o
 .text.USBD_CDC_DataOut
                0x000000000800821a       0x56 Middlewares/ST/STM32_USB_Device_Library/Class/CDC/Src/usbd_cdc.o
 .text.USBD_CDC_EP0_RxReady
                0x0000000008008270       0x50 Middlewares/ST/STM32_USB_Device_Library/Class/CDC/Src/usbd_cdc.o
 .text.USBD_CDC_GetFSCfgDesc
                0x00000000080082c0       0x20 Middlewares/ST/STM32_USB_Device_Library/Class/CDC/Src/usbd_cdc.o
 .text.USBD_CDC_GetHSCfgDesc
                0x00000000080082e0       0x20 Middlewares/ST/STM32_USB_Device_Library/Class/CDC/Src/usbd_cdc.o
 .text.USBD_CDC_GetOtherSpeedCfgDesc
                0x0000000008008300       0x20 Middlewares/ST/STM32_USB_Device_Library/Class/CDC/Src/usbd_cdc.o
 .text.USBD_CDC_GetDeviceQualifierDescriptor
                0x0000000008008320       0x20 Middlewares/ST/STM32_USB_Device_Library/Class/CDC/Src/usbd_cdc.o
                0x0000000008008320                USBD_CDC_GetDeviceQualifierDescriptor
 .text.USBD_CDC_RegisterInterface
                0x0000000008008340       0x2c Middlewares/ST/STM32_USB_Device_Library/Class/CDC/Src/usbd_cdc.o
                0x0000000008008340                USBD_CDC_RegisterInterface
 .text.USBD_CDC_SetTxBuffer
                0x000000000800836c       0x32 Middlewares/ST/STM32_USB_Device_Library/Class/CDC/Src/usbd_cdc.o
                0x000000000800836c                USBD_CDC_SetTxBuffer
 .text.USBD_CDC_SetRxBuffer
                0x000000000800839e       0x26 Middlewares/ST/STM32_USB_Device_Library/Class/CDC/Src/usbd_cdc.o
                0x000000000800839e                USBD_CDC_SetRxBuffer
 .text.USBD_CDC_TransmitPacket
                0x00000000080083c4       0x5e Middlewares/ST/STM32_USB_Device_Library/Class/CDC/Src/usbd_cdc.o
                0x00000000080083c4                USBD_CDC_TransmitPacket
 .text.USBD_CDC_ReceivePacket
                0x0000000008008422       0x54 Middlewares/ST/STM32_USB_Device_Library/Class/CDC/Src/usbd_cdc.o
                0x0000000008008422                USBD_CDC_ReceivePacket
 .text.USBD_Init
                0x0000000008008476       0x56 Middlewares/ST/STM32_USB_Device_Library/Core/Src/usbd_core.o
                0x0000000008008476                USBD_Init
 .text.USBD_RegisterClass
                0x00000000080084cc       0x32 Middlewares/ST/STM32_USB_Device_Library/Core/Src/usbd_core.o
                0x00000000080084cc                USBD_RegisterClass
 .text.USBD_Start
                0x00000000080084fe       0x18 Middlewares/ST/STM32_USB_Device_Library/Core/Src/usbd_core.o
                0x00000000080084fe                USBD_Start
 .text.USBD_RunTestMode
                0x0000000008008516       0x14 Middlewares/ST/STM32_USB_Device_Library/Core/Src/usbd_core.o
                0x0000000008008516                USBD_RunTestMode
 .text.USBD_SetClassConfig
                0x000000000800852a       0x3e Middlewares/ST/STM32_USB_Device_Library/Core/Src/usbd_core.o
                0x000000000800852a                USBD_SetClassConfig
 .text.USBD_ClrClassConfig
                0x0000000008008568       0x26 Middlewares/ST/STM32_USB_Device_Library/Core/Src/usbd_core.o
                0x0000000008008568                USBD_ClrClassConfig
 .text.USBD_LL_SetupStage
                0x000000000800858e       0x96 Middlewares/ST/STM32_USB_Device_Library/Core/Src/usbd_core.o
                0x000000000800858e                USBD_LL_SetupStage
 .text.USBD_LL_DataOutStage
                0x0000000008008624       0xe2 Middlewares/ST/STM32_USB_Device_Library/Core/Src/usbd_core.o
                0x0000000008008624                USBD_LL_DataOutStage
 .text.USBD_LL_DataInStage
                0x0000000008008706      0x14a Middlewares/ST/STM32_USB_Device_Library/Core/Src/usbd_core.o
                0x0000000008008706                USBD_LL_DataInStage
 .text.USBD_LL_Reset
                0x0000000008008850       0x82 Middlewares/ST/STM32_USB_Device_Library/Core/Src/usbd_core.o
                0x0000000008008850                USBD_LL_Reset
 .text.USBD_LL_SetSpeed
                0x00000000080088d2       0x1e Middlewares/ST/STM32_USB_Device_Library/Core/Src/usbd_core.o
                0x00000000080088d2                USBD_LL_SetSpeed
 .text.USBD_LL_Suspend
                0x00000000080088f0       0x28 Middlewares/ST/STM32_USB_Device_Library/Core/Src/usbd_core.o
                0x00000000080088f0                USBD_LL_Suspend
 .text.USBD_LL_Resume
                0x0000000008008918       0x2a Middlewares/ST/STM32_USB_Device_Library/Core/Src/usbd_core.o
                0x0000000008008918                USBD_LL_Resume
 .text.USBD_LL_SOF
                0x0000000008008942       0x34 Middlewares/ST/STM32_USB_Device_Library/Core/Src/usbd_core.o
                0x0000000008008942                USBD_LL_SOF
 *fill*         0x0000000008008976        0x2 
 .text.USBD_StdDevReq
                0x0000000008008978       0xd4 Middlewares/ST/STM32_USB_Device_Library/Core/Src/usbd_ctlreq.o
                0x0000000008008978                USBD_StdDevReq
 .text.USBD_StdItfReq
                0x0000000008008a4c       0x8c Middlewares/ST/STM32_USB_Device_Library/Core/Src/usbd_ctlreq.o
                0x0000000008008a4c                USBD_StdItfReq
 .text.USBD_StdEPReq
                0x0000000008008ad8      0x2ba Middlewares/ST/STM32_USB_Device_Library/Core/Src/usbd_ctlreq.o
                0x0000000008008ad8                USBD_StdEPReq
 *fill*         0x0000000008008d92        0x2 
 .text.USBD_GetDescriptor
                0x0000000008008d94      0x2d0 Middlewares/ST/STM32_USB_Device_Library/Core/Src/usbd_ctlreq.o
 .text.USBD_SetAddress
                0x0000000008009064       0x84 Middlewares/ST/STM32_USB_Device_Library/Core/Src/usbd_ctlreq.o
 .text.USBD_SetConfig
                0x00000000080090e8      0x11c Middlewares/ST/STM32_USB_Device_Library/Core/Src/usbd_ctlreq.o
 .text.USBD_GetConfig
                0x0000000008009204       0x68 Middlewares/ST/STM32_USB_Device_Library/Core/Src/usbd_ctlreq.o
 .text.USBD_GetStatus
                0x000000000800926c       0x66 Middlewares/ST/STM32_USB_Device_Library/Core/Src/usbd_ctlreq.o
 .text.USBD_SetFeature
                0x00000000080092d2       0x28 Middlewares/ST/STM32_USB_Device_Library/Core/Src/usbd_ctlreq.o
 .text.USBD_ClrFeature
                0x00000000080092fa       0x42 Middlewares/ST/STM32_USB_Device_Library/Core/Src/usbd_ctlreq.o
 .text.USBD_ParseSetupRequest
                0x000000000800933c       0x78 Middlewares/ST/STM32_USB_Device_Library/Core/Src/usbd_ctlreq.o
                0x000000000800933c                USBD_ParseSetupRequest
 .text.USBD_CtlError
                0x00000000080093b4       0x22 Middlewares/ST/STM32_USB_Device_Library/Core/Src/usbd_ctlreq.o
                0x00000000080093b4                USBD_CtlError
 .text.USBD_GetString
                0x00000000080093d6       0x84 Middlewares/ST/STM32_USB_Device_Library/Core/Src/usbd_ctlreq.o
                0x00000000080093d6                USBD_GetString
 .text.USBD_GetLen
                0x000000000800945a       0x2e Middlewares/ST/STM32_USB_Device_Library/Core/Src/usbd_ctlreq.o
 .text.USBD_CtlSendData
                0x0000000008009488       0x38 Middlewares/ST/STM32_USB_Device_Library/Core/Src/usbd_ioreq.o
                0x0000000008009488                USBD_CtlSendData
 .text.USBD_CtlContinueSendData
                0x00000000080094c0       0x24 Middlewares/ST/STM32_USB_Device_Library/Core/Src/usbd_ioreq.o
                0x00000000080094c0                USBD_CtlContinueSendData
 .text.USBD_CtlPrepareRx
                0x00000000080094e4       0x3c Middlewares/ST/STM32_USB_Device_Library/Core/Src/usbd_ioreq.o
                0x00000000080094e4                USBD_CtlPrepareRx
 .text.USBD_CtlContinueRx
                0x0000000008009520       0x24 Middlewares/ST/STM32_USB_Device_Library/Core/Src/usbd_ioreq.o
                0x0000000008009520                USBD_CtlContinueRx
 .text.USBD_CtlSendStatus
                0x0000000008009544       0x26 Middlewares/ST/STM32_USB_Device_Library/Core/Src/usbd_ioreq.o
                0x0000000008009544                USBD_CtlSendStatus
 .text.USBD_CtlReceiveStatus
                0x000000000800956a       0x26 Middlewares/ST/STM32_USB_Device_Library/Core/Src/usbd_ioreq.o
                0x000000000800956a                USBD_CtlReceiveStatus
 .text.MX_USB_DEVICE_Init
                0x0000000008009590       0x60 USB_DEVICE/App/usb_device.o
                0x0000000008009590                MX_USB_DEVICE_Init
 .text.CDC_Init_FS
                0x00000000080095f0       0x28 USB_DEVICE/App/usbd_cdc_if.o
 .text.CDC_DeInit_FS
                0x0000000008009618        0xe USB_DEVICE/App/usbd_cdc_if.o
 *fill*         0x0000000008009626        0x2 
 .text.CDC_Control_FS
                0x0000000008009628       0xbc USB_DEVICE/App/usbd_cdc_if.o
 .text.CDC_Receive_FS
                0x00000000080096e4       0x28 USB_DEVICE/App/usbd_cdc_if.o
 .text.CDC_Transmit_FS
                0x000000000800970c       0x4c USB_DEVICE/App/usbd_cdc_if.o
                0x000000000800970c                CDC_Transmit_FS
 .text.USBD_FS_DeviceDescriptor
                0x0000000008009758       0x24 USB_DEVICE/App/usbd_desc.o
                0x0000000008009758                USBD_FS_DeviceDescriptor
 .text.USBD_FS_LangIDStrDescriptor
                0x000000000800977c       0x24 USB_DEVICE/App/usbd_desc.o
                0x000000000800977c                USBD_FS_LangIDStrDescriptor
 .text.USBD_FS_ProductStrDescriptor
                0x00000000080097a0       0x3c USB_DEVICE/App/usbd_desc.o
                0x00000000080097a0                USBD_FS_ProductStrDescriptor
 .text.USBD_FS_ManufacturerStrDescriptor
                0x00000000080097dc       0x28 USB_DEVICE/App/usbd_desc.o
                0x00000000080097dc                USBD_FS_ManufacturerStrDescriptor
 .text.USBD_FS_SerialStrDescriptor
                0x0000000008009804       0x24 USB_DEVICE/App/usbd_desc.o
                0x0000000008009804                USBD_FS_SerialStrDescriptor
 .text.USBD_FS_ConfigStrDescriptor
                0x0000000008009828       0x3c USB_DEVICE/App/usbd_desc.o
                0x0000000008009828                USBD_FS_ConfigStrDescriptor
 .text.USBD_FS_InterfaceStrDescriptor
                0x0000000008009864       0x3c USB_DEVICE/App/usbd_desc.o
                0x0000000008009864                USBD_FS_InterfaceStrDescriptor
 .text.Get_SerialNum
                0x00000000080098a0       0x58 USB_DEVICE/App/usbd_desc.o
 .text.IntToUnicode
                0x00000000080098f8       0x7a USB_DEVICE/App/usbd_desc.o
 *fill*         0x0000000008009972        0x2 
 .text.HAL_PCD_MspInit
                0x0000000008009974       0x5c USB_DEVICE/Target/usbd_conf.o
                0x0000000008009974                HAL_PCD_MspInit
 .text.HAL_PCD_SetupStageCallback
                0x00000000080099d0       0x24 USB_DEVICE/Target/usbd_conf.o
                0x00000000080099d0                HAL_PCD_SetupStageCallback
 .text.HAL_PCD_DataOutStageCallback
                0x00000000080099f4       0x30 USB_DEVICE/Target/usbd_conf.o
                0x00000000080099f4                HAL_PCD_DataOutStageCallback
 .text.HAL_PCD_DataInStageCallback
                0x0000000008009a24       0x2e USB_DEVICE/Target/usbd_conf.o
                0x0000000008009a24                HAL_PCD_DataInStageCallback
 .text.HAL_PCD_SOFCallback
                0x0000000008009a52       0x1c USB_DEVICE/Target/usbd_conf.o
                0x0000000008009a52                HAL_PCD_SOFCallback
 .text.HAL_PCD_ResetCallback
                0x0000000008009a6e       0x3c USB_DEVICE/Target/usbd_conf.o
                0x0000000008009a6e                HAL_PCD_ResetCallback
 *fill*         0x0000000008009aaa        0x2 
 .text.HAL_PCD_SuspendCallback
                0x0000000008009aac       0x34 USB_DEVICE/Target/usbd_conf.o
                0x0000000008009aac                HAL_PCD_SuspendCallback
 .text.HAL_PCD_ResumeCallback
                0x0000000008009ae0       0x1c USB_DEVICE/Target/usbd_conf.o
                0x0000000008009ae0                HAL_PCD_ResumeCallback
 .text.USBD_LL_Init
                0x0000000008009afc       0xb4 USB_DEVICE/Target/usbd_conf.o
                0x0000000008009afc                USBD_LL_Init
 .text.USBD_LL_Start
                0x0000000008009bb0       0x36 USB_DEVICE/Target/usbd_conf.o
                0x0000000008009bb0                USBD_LL_Start
 .text.USBD_LL_OpenEP
                0x0000000008009be6       0x4c USB_DEVICE/Target/usbd_conf.o
                0x0000000008009be6                USBD_LL_OpenEP
 .text.USBD_LL_CloseEP
                0x0000000008009c32       0x3e USB_DEVICE/Target/usbd_conf.o
                0x0000000008009c32                USBD_LL_CloseEP
 .text.USBD_LL_StallEP
                0x0000000008009c70       0x3e USB_DEVICE/Target/usbd_conf.o
                0x0000000008009c70                USBD_LL_StallEP
 .text.USBD_LL_ClearStallEP
                0x0000000008009cae       0x3e USB_DEVICE/Target/usbd_conf.o
                0x0000000008009cae                USBD_LL_ClearStallEP
 .text.USBD_LL_IsStallEP
                0x0000000008009cec       0x4a USB_DEVICE/Target/usbd_conf.o
                0x0000000008009cec                USBD_LL_IsStallEP
 .text.USBD_LL_SetUSBAddress
                0x0000000008009d36       0x3e USB_DEVICE/Target/usbd_conf.o
                0x0000000008009d36                USBD_LL_SetUSBAddress
 .text.USBD_LL_Transmit
                0x0000000008009d74       0x46 USB_DEVICE/Target/usbd_conf.o
                0x0000000008009d74                USBD_LL_Transmit
 .text.USBD_LL_PrepareReceive
                0x0000000008009dba       0x46 USB_DEVICE/Target/usbd_conf.o
                0x0000000008009dba                USBD_LL_PrepareReceive
 .text.USBD_LL_GetRxDataSize
                0x0000000008009e00       0x26 USB_DEVICE/Target/usbd_conf.o
                0x0000000008009e00                USBD_LL_GetRxDataSize
 *fill*         0x0000000008009e26        0x2 
 .text.USBD_static_malloc
                0x0000000008009e28       0x18 USB_DEVICE/Target/usbd_conf.o
                0x0000000008009e28                USBD_static_malloc
 .text.USBD_static_free
                0x0000000008009e40       0x12 USB_DEVICE/Target/usbd_conf.o
                0x0000000008009e40                USBD_static_free
 .text.HAL_PCDEx_SetConnectionState
                0x0000000008009e52       0x16 USB_DEVICE/Target/usbd_conf.o
                0x0000000008009e52                HAL_PCDEx_SetConnectionState
 .text.USBD_Get_USB_Status
                0x0000000008009e68       0x58 USB_DEVICE/Target/usbd_conf.o
 .text.__errno  0x0000000008009ec0        0xc c:/st/stm32cubeide_1.4.0/stm32cubeide/plugins/com.st.stm32cube.ide.mcu.externaltools.gnu-tools-for-stm32.7-2018-q2-update.win32_1.4.0.202007081208/tools/bin/../lib/gcc/arm-none-eabi/7.3.1/../../../../arm-none-eabi/lib/thumb/v7-m\libc_nano.a(lib_a-errno.o)
                0x0000000008009ec0                __errno
 .text.__libc_init_array
                0x0000000008009ecc       0x48 c:/st/stm32cubeide_1.4.0/stm32cubeide/plugins/com.st.stm32cube.ide.mcu.externaltools.gnu-tools-for-stm32.7-2018-q2-update.win32_1.4.0.202007081208/tools/bin/../lib/gcc/arm-none-eabi/7.3.1/../../../../arm-none-eabi/lib/thumb/v7-m\libc_nano.a(lib_a-init.o)
                0x0000000008009ecc                __libc_init_array
 .text.memcpy   0x0000000008009f14       0x16 c:/st/stm32cubeide_1.4.0/stm32cubeide/plugins/com.st.stm32cube.ide.mcu.externaltools.gnu-tools-for-stm32.7-2018-q2-update.win32_1.4.0.202007081208/tools/bin/../lib/gcc/arm-none-eabi/7.3.1/../../../../arm-none-eabi/lib/thumb/v7-m\libc_nano.a(lib_a-memcpy-stub.o)
                0x0000000008009f14                memcpy
 .text.memset   0x0000000008009f2a       0x10 c:/st/stm32cubeide_1.4.0/stm32cubeide/plugins/com.st.stm32cube.ide.mcu.externaltools.gnu-tools-for-stm32.7-2018-q2-update.win32_1.4.0.202007081208/tools/bin/../lib/gcc/arm-none-eabi/7.3.1/../../../../arm-none-eabi/lib/thumb/v7-m\libc_nano.a(lib_a-memset.o)
                0x0000000008009f2a                memset
 *fill*         0x0000000008009f3a        0x2 
 .text.sscanf   0x0000000008009f3c       0x54 c:/st/stm32cubeide_1.4.0/stm32cubeide/plugins/com.st.stm32cube.ide.mcu.externaltools.gnu-tools-for-stm32.7-2018-q2-update.win32_1.4.0.202007081208/tools/bin/../lib/gcc/arm-none-eabi/7.3.1/../../../../arm-none-eabi/lib/thumb/v7-m\libc_nano.a(lib_a-sscanf.o)
                0x0000000008009f3c                siscanf
                0x0000000008009f3c                sscanf
 .text.__seofread
                0x0000000008009f90        0x4 c:/st/stm32cubeide_1.4.0/stm32cubeide/plugins/com.st.stm32cube.ide.mcu.externaltools.gnu-tools-for-stm32.7-2018-q2-update.win32_1.4.0.202007081208/tools/bin/../lib/gcc/arm-none-eabi/7.3.1/../../../../arm-none-eabi/lib/thumb/v7-m\libc_nano.a(lib_a-stdio.o)
                0x0000000008009f90                __seofread
 .text._sungetc_r
                0x0000000008009f94       0x7a c:/st/stm32cubeide_1.4.0/stm32cubeide/plugins/com.st.stm32cube.ide.mcu.externaltools.gnu-tools-for-stm32.7-2018-q2-update.win32_1.4.0.202007081208/tools/bin/../lib/gcc/arm-none-eabi/7.3.1/../../../../arm-none-eabi/lib/thumb/v7-m\libc_nano.a(lib_a-nano-svfscanf.o)
                0x0000000008009f94                _sungetc_r
 .text.__ssrefill_r
                0x000000000800a00e       0x3a c:/st/stm32cubeide_1.4.0/stm32cubeide/plugins/com.st.stm32cube.ide.mcu.externaltools.gnu-tools-for-stm32.7-2018-q2-update.win32_1.4.0.202007081208/tools/bin/../lib/gcc/arm-none-eabi/7.3.1/../../../../arm-none-eabi/lib/thumb/v7-m\libc_nano.a(lib_a-nano-svfscanf.o)
                0x000000000800a00e                __ssrefill_r
 .text.__ssvfscanf_r
                0x000000000800a048      0x2a0 c:/st/stm32cubeide_1.4.0/stm32cubeide/plugins/com.st.stm32cube.ide.mcu.externaltools.gnu-tools-for-stm32.7-2018-q2-update.win32_1.4.0.202007081208/tools/bin/../lib/gcc/arm-none-eabi/7.3.1/../../../../arm-none-eabi/lib/thumb/v7-m\libc_nano.a(lib_a-nano-svfscanf.o)
                0x000000000800a048                __ssvfiscanf_r
                0x000000000800a048                __ssvfscanf_r
 .text._scanf_chars
                0x000000000800a2e8       0xc4 c:/st/stm32cubeide_1.4.0/stm32cubeide/plugins/com.st.stm32cube.ide.mcu.externaltools.gnu-tools-for-stm32.7-2018-q2-update.win32_1.4.0.202007081208/tools/bin/../lib/gcc/arm-none-eabi/7.3.1/../../../../arm-none-eabi/lib/thumb/v7-m\libc_nano.a(lib_a-nano-vfscanf_i.o)
                0x000000000800a2e8                _scanf_chars
 .text._scanf_i
                0x000000000800a3ac      0x1ec c:/st/stm32cubeide_1.4.0/stm32cubeide/plugins/com.st.stm32cube.ide.mcu.externaltools.gnu-tools-for-stm32.7-2018-q2-update.win32_1.4.0.202007081208/tools/bin/../lib/gcc/arm-none-eabi/7.3.1/../../../../arm-none-eabi/lib/thumb/v7-m\libc_nano.a(lib_a-nano-vfscanf_i.o)
                0x000000000800a3ac                _scanf_i
 .text.__sccl   0x000000000800a598       0x62 c:/st/stm32cubeide_1.4.0/stm32cubeide/plugins/com.st.stm32cube.ide.mcu.externaltools.gnu-tools-for-stm32.7-2018-q2-update.win32_1.4.0.202007081208/tools/bin/../lib/gcc/arm-none-eabi/7.3.1/../../../../arm-none-eabi/lib/thumb/v7-m\libc_nano.a(lib_a-sccl.o)
                0x000000000800a598                __sccl
 .text._strtol_l.isra.0
                0x000000000800a5fa       0xf6 c:/st/stm32cubeide_1.4.0/stm32cubeide/plugins/com.st.stm32cube.ide.mcu.externaltools.gnu-tools-for-stm32.7-2018-q2-update.win32_1.4.0.202007081208/tools/bin/../lib/gcc/arm-none-eabi/7.3.1/../../../../arm-none-eabi/lib/thumb/v7-m\libc_nano.a(lib_a-strtol.o)
 .text._strtol_r
                0x000000000800a6f0       0x24 c:/st/stm32cubeide_1.4.0/stm32cubeide/plugins/com.st.stm32cube.ide.mcu.externaltools.gnu-tools-for-stm32.7-2018-q2-update.win32_1.4.0.202007081208/tools/bin/../lib/gcc/arm-none-eabi/7.3.1/../../../../arm-none-eabi/lib/thumb/v7-m\libc_nano.a(lib_a-strtol.o)
                0x000000000800a6f0                _strtol_r
 .text._strtoul_l.isra.0
                0x000000000800a714       0xf4 c:/st/stm32cubeide_1.4.0/stm32cubeide/plugins/com.st.stm32cube.ide.mcu.externaltools.gnu-tools-for-stm32.7-2018-q2-update.win32_1.4.0.202007081208/tools/bin/../lib/gcc/arm-none-eabi/7.3.1/../../../../arm-none-eabi/lib/thumb/v7-m\libc_nano.a(lib_a-strtoul.o)
 .text._strtoul_r
                0x000000000800a808       0x24 c:/st/stm32cubeide_1.4.0/stm32cubeide/plugins/com.st.stm32cube.ide.mcu.externaltools.gnu-tools-for-stm32.7-2018-q2-update.win32_1.4.0.202007081208/tools/bin/../lib/gcc/arm-none-eabi/7.3.1/../../../../arm-none-eabi/lib/thumb/v7-m\libc_nano.a(lib_a-strtoul.o)
                0x000000000800a808                _strtoul_r
 .text.__submore
                0x000000000800a82c       0x70 c:/st/stm32cubeide_1.4.0/stm32cubeide/plugins/com.st.stm32cube.ide.mcu.externaltools.gnu-tools-for-stm32.7-2018-q2-update.win32_1.4.0.202007081208/tools/bin/../lib/gcc/arm-none-eabi/7.3.1/../../../../arm-none-eabi/lib/thumb/v7-m\libc_nano.a(lib_a-ungetc.o)
                0x000000000800a82c                __submore
 .text.__locale_ctype_ptr_l
                0x000000000800a89c        0x6 c:/st/stm32cubeide_1.4.0/stm32cubeide/plugins/com.st.stm32cube.ide.mcu.externaltools.gnu-tools-for-stm32.7-2018-q2-update.win32_1.4.0.202007081208/tools/bin/../lib/gcc/arm-none-eabi/7.3.1/../../../../arm-none-eabi/lib/thumb/v7-m\libc_nano.a(lib_a-locale.o)
                0x000000000800a89c                __locale_ctype_ptr_l
 *fill*         0x000000000800a8a2        0x2 
 .text.__locale_ctype_ptr
                0x000000000800a8a4       0x1c c:/st/stm32cubeide_1.4.0/stm32cubeide/plugins/com.st.stm32cube.ide.mcu.externaltools.gnu-tools-for-stm32.7-2018-q2-update.win32_1.4.0.202007081208/tools/bin/../lib/gcc/arm-none-eabi/7.3.1/../../../../arm-none-eabi/lib/thumb/v7-m\libc_nano.a(lib_a-locale.o)
                0x000000000800a8a4                __locale_ctype_ptr
 .text.__ascii_mbtowc
                0x000000000800a8c0       0x24 c:/st/stm32cubeide_1.4.0/stm32cubeide/plugins/com.st.stm32cube.ide.mcu.externaltools.gnu-tools-for-stm32.7-2018-q2-update.win32_1.4.0.202007081208/tools/bin/../lib/gcc/arm-none-eabi/7.3.1/../../../../arm-none-eabi/lib/thumb/v7-m\libc_nano.a(lib_a-mbtowc_r.o)
                0x000000000800a8c0                __ascii_mbtowc
 .text.memchr   0x000000000800a8e4       0x1c c:/st/stm32cubeide_1.4.0/stm32cubeide/plugins/com.st.stm32cube.ide.mcu.externaltools.gnu-tools-for-stm32.7-2018-q2-update.win32_1.4.0.202007081208/tools/bin/../lib/gcc/arm-none-eabi/7.3.1/../../../../arm-none-eabi/lib/thumb/v7-m\libc_nano.a(lib_a-memchr-stub.o)
                0x000000000800a8e4                memchr
 .text._free_r  0x000000000800a900       0x98 c:/st/stm32cubeide_1.4.0/stm32cubeide/plugins/com.st.stm32cube.ide.mcu.externaltools.gnu-tools-for-stm32.7-2018-q2-update.win32_1.4.0.202007081208/tools/bin/../lib/gcc/arm-none-eabi/7.3.1/../../../../arm-none-eabi/lib/thumb/v7-m\libc_nano.a(lib_a-nano-freer.o)
                0x000000000800a900                _free_r
 .text._malloc_r
                0x000000000800a998       0xb4 c:/st/stm32cubeide_1.4.0/stm32cubeide/plugins/com.st.stm32cube.ide.mcu.externaltools.gnu-tools-for-stm32.7-2018-q2-update.win32_1.4.0.202007081208/tools/bin/../lib/gcc/arm-none-eabi/7.3.1/../../../../arm-none-eabi/lib/thumb/v7-m\libc_nano.a(lib_a-nano-mallocr.o)
                0x000000000800a998                _malloc_r
 .text._realloc_r
                0x000000000800aa4c       0x4c c:/st/stm32cubeide_1.4.0/stm32cubeide/plugins/com.st.stm32cube.ide.mcu.externaltools.gnu-tools-for-stm32.7-2018-q2-update.win32_1.4.0.202007081208/tools/bin/../lib/gcc/arm-none-eabi/7.3.1/../../../../arm-none-eabi/lib/thumb/v7-m\libc_nano.a(lib_a-nano-reallocr.o)
                0x000000000800aa4c                _realloc_r
 .text._sbrk_r  0x000000000800aa98       0x20 c:/st/stm32cubeide_1.4.0/stm32cubeide/plugins/com.st.stm32cube.ide.mcu.externaltools.gnu-tools-for-stm32.7-2018-q2-update.win32_1.4.0.202007081208/tools/bin/../lib/gcc/arm-none-eabi/7.3.1/../../../../arm-none-eabi/lib/thumb/v7-m\libc_nano.a(lib_a-sbrkr.o)
                0x000000000800aa98                _sbrk_r
 .text.__ascii_wctomb
                0x000000000800aab8       0x1a c:/st/stm32cubeide_1.4.0/stm32cubeide/plugins/com.st.stm32cube.ide.mcu.externaltools.gnu-tools-for-stm32.7-2018-q2-update.win32_1.4.0.202007081208/tools/bin/../lib/gcc/arm-none-eabi/7.3.1/../../../../arm-none-eabi/lib/thumb/v7-m\libc_nano.a(lib_a-wctomb_r.o)
                0x000000000800aab8                __ascii_wctomb
 .text.__malloc_lock
                0x000000000800aad2        0x2 c:/st/stm32cubeide_1.4.0/stm32cubeide/plugins/com.st.stm32cube.ide.mcu.externaltools.gnu-tools-for-stm32.7-2018-q2-update.win32_1.4.0.202007081208/tools/bin/../lib/gcc/arm-none-eabi/7.3.1/../../../../arm-none-eabi/lib/thumb/v7-m\libc_nano.a(lib_a-mlock.o)
                0x000000000800aad2                __malloc_lock
 .text.__malloc_unlock
                0x000000000800aad4        0x2 c:/st/stm32cubeide_1.4.0/stm32cubeide/plugins/com.st.stm32cube.ide.mcu.externaltools.gnu-tools-for-stm32.7-2018-q2-update.win32_1.4.0.202007081208/tools/bin/../lib/gcc/arm-none-eabi/7.3.1/../../../../arm-none-eabi/lib/thumb/v7-m\libc_nano.a(lib_a-mlock.o)
                0x000000000800aad4                __malloc_unlock
 .text._malloc_usable_size_r
                0x000000000800aad6       0x10 c:/st/stm32cubeide_1.4.0/stm32cubeide/plugins/com.st.stm32cube.ide.mcu.externaltools.gnu-tools-for-stm32.7-2018-q2-update.win32_1.4.0.202007081208/tools/bin/../lib/gcc/arm-none-eabi/7.3.1/../../../../arm-none-eabi/lib/thumb/v7-m\libc_nano.a(lib_a-nano-msizer.o)
                0x000000000800aad6                _malloc_usable_size_r
 *(.glue_7)
 .glue_7        0x000000000800aae6        0x0 linker stubs
 *(.glue_7t)
 .glue_7t       0x000000000800aae6        0x0 linker stubs
 *(.eh_frame)
 *fill*         0x000000000800aae6        0x2 
 .eh_frame      0x000000000800aae8        0x0 c:/st/stm32cubeide_1.4.0/stm32cubeide/plugins/com.st.stm32cube.ide.mcu.externaltools.gnu-tools-for-stm32.7-2018-q2-update.win32_1.4.0.202007081208/tools/bin/../lib/gcc/arm-none-eabi/7.3.1/thumb/v7-m/crtbegin.o
 *(.init)
 .init          0x000000000800aae8        0x4 c:/st/stm32cubeide_1.4.0/stm32cubeide/plugins/com.st.stm32cube.ide.mcu.externaltools.gnu-tools-for-stm32.7-2018-q2-update.win32_1.4.0.202007081208/tools/bin/../lib/gcc/arm-none-eabi/7.3.1/thumb/v7-m/crti.o
                0x000000000800aae8                _init
 .init          0x000000000800aaec        0x8 c:/st/stm32cubeide_1.4.0/stm32cubeide/plugins/com.st.stm32cube.ide.mcu.externaltools.gnu-tools-for-stm32.7-2018-q2-update.win32_1.4.0.202007081208/tools/bin/../lib/gcc/arm-none-eabi/7.3.1/thumb/v7-m/crtn.o
 *(.fini)
 .fini          0x000000000800aaf4        0x4 c:/st/stm32cubeide_1.4.0/stm32cubeide/plugins/com.st.stm32cube.ide.mcu.externaltools.gnu-tools-for-stm32.7-2018-q2-update.win32_1.4.0.202007081208/tools/bin/../lib/gcc/arm-none-eabi/7.3.1/thumb/v7-m/crti.o
                0x000000000800aaf4                _fini
 .fini          0x000000000800aaf8        0x8 c:/st/stm32cubeide_1.4.0/stm32cubeide/plugins/com.st.stm32cube.ide.mcu.externaltools.gnu-tools-for-stm32.7-2018-q2-update.win32_1.4.0.202007081208/tools/bin/../lib/gcc/arm-none-eabi/7.3.1/thumb/v7-m/crtn.o
                0x000000000800ab00                . = ALIGN (0x4)
                0x000000000800ab00                _etext = .

.vfp11_veneer   0x000000000800ab00        0x0
 .vfp11_veneer  0x000000000800ab00        0x0 linker stubs

.v4_bx          0x000000000800ab00        0x0
 .v4_bx         0x000000000800ab00        0x0 linker stubs

.iplt           0x000000000800ab00        0x0
 .iplt          0x000000000800ab00        0x0 c:/st/stm32cubeide_1.4.0/stm32cubeide/plugins/com.st.stm32cube.ide.mcu.externaltools.gnu-tools-for-stm32.7-2018-q2-update.win32_1.4.0.202007081208/tools/bin/../lib/gcc/arm-none-eabi/7.3.1/thumb/v7-m/crtbegin.o

.rodata         0x000000000800ab00      0x604
                0x000000000800ab00                . = ALIGN (0x4)
 *(.rodata)
 .rodata        0x000000000800ab00      0x403 Core/Src/Flasher.o
 *fill*         0x000000000800af03        0x1 
 .rodata        0x000000000800af04        0x3 Core/Src/ProgParser.o
 *fill*         0x000000000800af07        0x1 
 .rodata        0x000000000800af08        0x6 Core/Src/main.o
 *fill*         0x000000000800af0e        0x2 
 .rodata        0x000000000800af10       0x12 Drivers/STM32F1xx_HAL_Driver/Src/stm32f1xx_hal_rcc.o
 *fill*         0x000000000800af22        0x2 
 .rodata        0x000000000800af24       0x36 USB_DEVICE/App/usbd_desc.o
 *fill*         0x000000000800af5a        0x2 
 .rodata        0x000000000800af5c        0xc c:/st/stm32cubeide_1.4.0/stm32cubeide/plugins/com.st.stm32cube.ide.mcu.externaltools.gnu-tools-for-stm32.7-2018-q2-update.win32_1.4.0.202007081208/tools/bin/../lib/gcc/arm-none-eabi/7.3.1/../../../../arm-none-eabi/lib/thumb/v7-m\libc_nano.a(lib_a-nano-vfscanf_i.o)
 *(.rodata*)
 .rodata.AHBPrescTable
                0x000000000800af68       0x10 Core/Src/system_stm32f1xx.o
                0x000000000800af68                AHBPrescTable
 .rodata.__ssvfscanf_r.str1.1
                0x000000000800af78        0x4 c:/st/stm32cubeide_1.4.0/stm32cubeide/plugins/com.st.stm32cube.ide.mcu.externaltools.gnu-tools-for-stm32.7-2018-q2-update.win32_1.4.0.202007081208/tools/bin/../lib/gcc/arm-none-eabi/7.3.1/../../../../arm-none-eabi/lib/thumb/v7-m\libc_nano.a(lib_a-nano-svfscanf.o)
 .rodata._scanf_i.str1.1
                0x000000000800af7c       0x12 c:/st/stm32cubeide_1.4.0/stm32cubeide/plugins/com.st.stm32cube.ide.mcu.externaltools.gnu-tools-for-stm32.7-2018-q2-update.win32_1.4.0.202007081208/tools/bin/../lib/gcc/arm-none-eabi/7.3.1/../../../../arm-none-eabi/lib/thumb/v7-m\libc_nano.a(lib_a-nano-vfscanf_i.o)
 .rodata.str1.1
                0x000000000800af8e        0x9 c:/st/stm32cubeide_1.4.0/stm32cubeide/plugins/com.st.stm32cube.ide.mcu.externaltools.gnu-tools-for-stm32.7-2018-q2-update.win32_1.4.0.202007081208/tools/bin/../lib/gcc/arm-none-eabi/7.3.1/../../../../arm-none-eabi/lib/thumb/v7-m\libc_nano.a(lib_a-nano-vfscanf_i.o)
 *fill*         0x000000000800af97        0x1 
 .rodata.__sf_fake_stderr
                0x000000000800af98       0x20 c:/st/stm32cubeide_1.4.0/stm32cubeide/plugins/com.st.stm32cube.ide.mcu.externaltools.gnu-tools-for-stm32.7-2018-q2-update.win32_1.4.0.202007081208/tools/bin/../lib/gcc/arm-none-eabi/7.3.1/../../../../arm-none-eabi/lib/thumb/v7-m\libc_nano.a(lib_a-findfp.o)
                0x000000000800af98                __sf_fake_stderr
 .rodata.__sf_fake_stdin
                0x000000000800afb8       0x20 c:/st/stm32cubeide_1.4.0/stm32cubeide/plugins/com.st.stm32cube.ide.mcu.externaltools.gnu-tools-for-stm32.7-2018-q2-update.win32_1.4.0.202007081208/tools/bin/../lib/gcc/arm-none-eabi/7.3.1/../../../../arm-none-eabi/lib/thumb/v7-m\libc_nano.a(lib_a-findfp.o)
                0x000000000800afb8                __sf_fake_stdin
 .rodata.__sf_fake_stdout
                0x000000000800afd8       0x20 c:/st/stm32cubeide_1.4.0/stm32cubeide/plugins/com.st.stm32cube.ide.mcu.externaltools.gnu-tools-for-stm32.7-2018-q2-update.win32_1.4.0.202007081208/tools/bin/../lib/gcc/arm-none-eabi/7.3.1/../../../../arm-none-eabi/lib/thumb/v7-m\libc_nano.a(lib_a-findfp.o)
                0x000000000800afd8                __sf_fake_stdout
 .rodata._setlocale_r.str1.1
                0x000000000800aff8        0x8 c:/st/stm32cubeide_1.4.0/stm32cubeide/plugins/com.st.stm32cube.ide.mcu.externaltools.gnu-tools-for-stm32.7-2018-q2-update.win32_1.4.0.202007081208/tools/bin/../lib/gcc/arm-none-eabi/7.3.1/../../../../arm-none-eabi/lib/thumb/v7-m\libc_nano.a(lib_a-locale.o)
                                          0x9 (size before relaxing)
 .rodata.str1.1
                0x000000000800b000        0x2 c:/st/stm32cubeide_1.4.0/stm32cubeide/plugins/com.st.stm32cube.ide.mcu.externaltools.gnu-tools-for-stm32.7-2018-q2-update.win32_1.4.0.202007081208/tools/bin/../lib/gcc/arm-none-eabi/7.3.1/../../../../arm-none-eabi/lib/thumb/v7-m\libc_nano.a(lib_a-locale.o)
 .rodata._ctype_
                0x000000000800b002      0x101 c:/st/stm32cubeide_1.4.0/stm32cubeide/plugins/com.st.stm32cube.ide.mcu.externaltools.gnu-tools-for-stm32.7-2018-q2-update.win32_1.4.0.202007081208/tools/bin/../lib/gcc/arm-none-eabi/7.3.1/../../../../arm-none-eabi/lib/thumb/v7-m\libc_nano.a(lib_a-ctype_.o)
                0x000000000800b002                _ctype_
                0x000000000800b104                . = ALIGN (0x4)
 *fill*         0x000000000800b103        0x1 

.rel.dyn        0x000000000800b104        0x0
 .rel.iplt      0x000000000800b104        0x0 c:/st/stm32cubeide_1.4.0/stm32cubeide/plugins/com.st.stm32cube.ide.mcu.externaltools.gnu-tools-for-stm32.7-2018-q2-update.win32_1.4.0.202007081208/tools/bin/../lib/gcc/arm-none-eabi/7.3.1/thumb/v7-m/crtbegin.o

.ARM.extab      0x000000000800b104        0x0
                0x000000000800b104                . = ALIGN (0x4)
 *(.ARM.extab* .gnu.linkonce.armextab.*)
                0x000000000800b104                . = ALIGN (0x4)

.ARM            0x000000000800b104        0x0
                0x000000000800b104                . = ALIGN (0x4)
                0x000000000800b104                __exidx_start = .
 *(.ARM.exidx*)
                0x000000000800b104                __exidx_end = .
                0x000000000800b104                . = ALIGN (0x4)

.preinit_array  0x000000000800b104        0x0
                0x000000000800b104                . = ALIGN (0x4)
                0x000000000800b104                PROVIDE (__preinit_array_start = .)
 *(.preinit_array*)
                0x000000000800b104                PROVIDE (__preinit_array_end = .)
                0x000000000800b104                . = ALIGN (0x4)

.init_array     0x000000000800b104        0x4
                0x000000000800b104                . = ALIGN (0x4)
                0x000000000800b104                PROVIDE (__init_array_start = .)
 *(SORT_BY_NAME(.init_array.*))
 *(.init_array*)
 .init_array    0x000000000800b104        0x4 c:/st/stm32cubeide_1.4.0/stm32cubeide/plugins/com.st.stm32cube.ide.mcu.externaltools.gnu-tools-for-stm32.7-2018-q2-update.win32_1.4.0.202007081208/tools/bin/../lib/gcc/arm-none-eabi/7.3.1/thumb/v7-m/crtbegin.o
                0x000000000800b108                PROVIDE (__init_array_end = .)
                0x000000000800b108                . = ALIGN (0x4)

.fini_array     0x000000000800b108        0x4
                0x000000000800b108                . = ALIGN (0x4)
                [!provide]                        PROVIDE (__fini_array_start = .)
 *(SORT_BY_NAME(.fini_array.*))
 *(.fini_array*)
 .fini_array    0x000000000800b108        0x4 c:/st/stm32cubeide_1.4.0/stm32cubeide/plugins/com.st.stm32cube.ide.mcu.externaltools.gnu-tools-for-stm32.7-2018-q2-update.win32_1.4.0.202007081208/tools/bin/../lib/gcc/arm-none-eabi/7.3.1/thumb/v7-m/crtbegin.o
                [!provide]                        PROVIDE (__fini_array_end = .)
                0x000000000800b10c                . = ALIGN (0x4)
                0x000000000800b10c                _sidata = LOADADDR (.data)

.data           0x0000000020000000      0x34c load address 0x000000000800b10c
                0x0000000020000000                . = ALIGN (0x4)
                0x0000000020000000                _sdata = .
 *(.data)
 *(.data*)
 .data.SystemCoreClock
                0x0000000020000000        0x4 Core/Src/system_stm32f1xx.o
                0x0000000020000000                SystemCoreClock
 .data.uwTickPrio
                0x0000000020000004        0x4 Drivers/STM32F1xx_HAL_Driver/Src/stm32f1xx_hal.o
                0x0000000020000004                uwTickPrio
 .data.uwTickFreq
                0x0000000020000008        0x1 Drivers/STM32F1xx_HAL_Driver/Src/stm32f1xx_hal.o
                0x0000000020000008                uwTickFreq
 *fill*         0x0000000020000009        0x3 
 .data.USBD_CDC_DeviceQualifierDesc
                0x000000002000000c        0xa Middlewares/ST/STM32_USB_Device_Library/Class/CDC/Src/usbd_cdc.o
 *fill*         0x0000000020000016        0x2 
 .data.USBD_CDC
                0x0000000020000018       0x38 Middlewares/ST/STM32_USB_Device_Library/Class/CDC/Src/usbd_cdc.o
                0x0000000020000018                USBD_CDC
 .data.USBD_CDC_CfgHSDesc
                0x0000000020000050       0x43 Middlewares/ST/STM32_USB_Device_Library/Class/CDC/Src/usbd_cdc.o
                0x0000000020000050                USBD_CDC_CfgHSDesc
 *fill*         0x0000000020000093        0x1 
 .data.USBD_CDC_CfgFSDesc
                0x0000000020000094       0x43 Middlewares/ST/STM32_USB_Device_Library/Class/CDC/Src/usbd_cdc.o
                0x0000000020000094                USBD_CDC_CfgFSDesc
 *fill*         0x00000000200000d7        0x1 
 .data.USBD_CDC_OtherSpeedCfgDesc
                0x00000000200000d8       0x43 Middlewares/ST/STM32_USB_Device_Library/Class/CDC/Src/usbd_cdc.o
                0x00000000200000d8                USBD_CDC_OtherSpeedCfgDesc
 *fill*         0x000000002000011b        0x1 
 .data.USBD_Interface_fops_FS
                0x000000002000011c       0x10 USB_DEVICE/App/usbd_cdc_if.o
                0x000000002000011c                USBD_Interface_fops_FS
 .data.FS_Desc  0x000000002000012c       0x1c USB_DEVICE/App/usbd_desc.o
                0x000000002000012c                FS_Desc
 .data.USBD_FS_DeviceDesc
                0x0000000020000148       0x12 USB_DEVICE/App/usbd_desc.o
                0x0000000020000148                USBD_FS_DeviceDesc
 *fill*         0x000000002000015a        0x2 
 .data.USBD_LangIDDesc
                0x000000002000015c        0x4 USB_DEVICE/App/usbd_desc.o
                0x000000002000015c                USBD_LangIDDesc
 .data.USBD_StringSerial
                0x0000000020000160       0x1a USB_DEVICE/App/usbd_desc.o
                0x0000000020000160                USBD_StringSerial
 *fill*         0x000000002000017a        0x2 
 .data._impure_ptr
                0x000000002000017c        0x4 c:/st/stm32cubeide_1.4.0/stm32cubeide/plugins/com.st.stm32cube.ide.mcu.externaltools.gnu-tools-for-stm32.7-2018-q2-update.win32_1.4.0.202007081208/tools/bin/../lib/gcc/arm-none-eabi/7.3.1/../../../../arm-none-eabi/lib/thumb/v7-m\libc_nano.a(lib_a-impure.o)
                0x000000002000017c                _impure_ptr
 .data.impure_data
                0x0000000020000180       0x60 c:/st/stm32cubeide_1.4.0/stm32cubeide/plugins/com.st.stm32cube.ide.mcu.externaltools.gnu-tools-for-stm32.7-2018-q2-update.win32_1.4.0.202007081208/tools/bin/../lib/gcc/arm-none-eabi/7.3.1/../../../../arm-none-eabi/lib/thumb/v7-m\libc_nano.a(lib_a-impure.o)
 .data.__global_locale
                0x00000000200001e0      0x16c c:/st/stm32cubeide_1.4.0/stm32cubeide/plugins/com.st.stm32cube.ide.mcu.externaltools.gnu-tools-for-stm32.7-2018-q2-update.win32_1.4.0.202007081208/tools/bin/../lib/gcc/arm-none-eabi/7.3.1/../../../../arm-none-eabi/lib/thumb/v7-m\libc_nano.a(lib_a-locale.o)
                0x00000000200001e0                __global_locale
                0x000000002000034c                . = ALIGN (0x4)
                0x000000002000034c                _edata = .

.igot.plt       0x000000002000034c        0x0 load address 0x000000000800b458
 .igot.plt      0x000000002000034c        0x0 c:/st/stm32cubeide_1.4.0/stm32cubeide/plugins/com.st.stm32cube.ide.mcu.externaltools.gnu-tools-for-stm32.7-2018-q2-update.win32_1.4.0.202007081208/tools/bin/../lib/gcc/arm-none-eabi/7.3.1/thumb/v7-m/crtbegin.o
                0x000000002000034c                . = ALIGN (0x4)

.bss            0x000000002000034c     0x16f0 load address 0x000000000800b458
                0x000000002000034c                _sbss = .
                0x000000002000034c                __bss_start__ = _sbss
 *(.bss)
 .bss           0x000000002000034c       0x1c c:/st/stm32cubeide_1.4.0/stm32cubeide/plugins/com.st.stm32cube.ide.mcu.externaltools.gnu-tools-for-stm32.7-2018-q2-update.win32_1.4.0.202007081208/tools/bin/../lib/gcc/arm-none-eabi/7.3.1/thumb/v7-m/crtbegin.o
 *(.bss*)
 .bss.heap_end.5149
                0x0000000020000368        0x4 Core/Src/sysmem.o
 .bss.cfgidx.7904
                0x000000002000036c        0x1 Middlewares/ST/STM32_USB_Device_Library/Core/Src/usbd_ctlreq.o
 *fill*         0x000000002000036d        0x3 
 .bss.mem.7969  0x0000000020000370      0x220 USB_DEVICE/Target/usbd_conf.o
 .bss.__malloc_free_list
                0x0000000020000590        0x4 c:/st/stm32cubeide_1.4.0/stm32cubeide/plugins/com.st.stm32cube.ide.mcu.externaltools.gnu-tools-for-stm32.7-2018-q2-update.win32_1.4.0.202007081208/tools/bin/../lib/gcc/arm-none-eabi/7.3.1/../../../../arm-none-eabi/lib/thumb/v7-m\libc_nano.a(lib_a-nano-mallocr.o)
                0x0000000020000590                __malloc_free_list
 .bss.__malloc_sbrk_start
                0x0000000020000594        0x4 c:/st/stm32cubeide_1.4.0/stm32cubeide/plugins/com.st.stm32cube.ide.mcu.externaltools.gnu-tools-for-stm32.7-2018-q2-update.win32_1.4.0.202007081208/tools/bin/../lib/gcc/arm-none-eabi/7.3.1/../../../../arm-none-eabi/lib/thumb/v7-m\libc_nano.a(lib_a-nano-mallocr.o)
                0x0000000020000594                __malloc_sbrk_start
 *(COMMON)
 COMMON         0x0000000020000598      0x112 Core/Src/Flasher.o
                0x0000000020000598                received_cc
                0x000000002000069c                datalen_cc
                0x00000000200006a0                reclen_cc
                0x00000000200006a4                pagedata_cc
                0x00000000200006a8                mask_val
 *fill*         0x00000000200006aa        0x2 
 COMMON         0x00000000200006ac      0x1c6 Core/Src/Globals.o
                0x00000000200006ac                CareOuts
                0x00000000200006ad                BusyFlag
                0x00000000200006b0                RecvData
                0x0000000020000718                ProgrammingMode
                0x0000000020000719                ProgInited
                0x000000002000071c                PageAddr
                0x0000000020000720                Channels
                0x0000000020000758                pageData
                0x0000000020000858                FlashIsProgrammed
                0x000000002000085c                ProgLen
                0x0000000020000860                SendData
                0x0000000020000870                pageDataIndex
 *fill*         0x0000000020000872        0x2 
 COMMON         0x0000000020000874       0x58 Core/Src/MyFlah.o
                0x0000000020000874                hspi2
 COMMON         0x00000000200008cc      0x1c3 Core/Src/ProgParser.o
                0x00000000200008cc                Timers
                0x000000002000096c                Counters
                0x000000002000098c                CntChnlsVal
                0x00000000200009c8                CntData
                0x0000000020000a04                Coils
                0x0000000020000a08                Xses
                0x0000000020000a80                Mvars
 *fill*         0x0000000020000a8f        0x1 
 COMMON         0x0000000020000a90       0xa1 Core/Src/main.o
                0x0000000020000a90                hiwdg
                0x0000000020000a9c                Ticks
                0x0000000020000aa0                hadc1
                0x0000000020000ad0                DataStage
                0x0000000020000ad4                ADCValues
                0x0000000020000ae8                hdma_adc1
                0x0000000020000b2c                BackTick
                0x0000000020000b30                ADCReady
 *fill*         0x0000000020000b31        0x3 
 COMMON         0x0000000020000b34        0x4 Drivers/STM32F1xx_HAL_Driver/Src/stm32f1xx_hal.o
                0x0000000020000b34                uwTick
 COMMON         0x0000000020000b38      0x2c4 USB_DEVICE/App/usb_device.o
                0x0000000020000b38                hUsbDeviceFS
 COMMON         0x0000000020000dfc      0x7d0 USB_DEVICE/App/usbd_cdc_if.o
                0x0000000020000dfc                UserRxBufferFS
                0x00000000200011e4                UserTxBufferFS
 COMMON         0x00000000200015cc      0x200 USB_DEVICE/App/usbd_desc.o
                0x00000000200015cc                USBD_StrDesc
 COMMON         0x00000000200017cc      0x26c USB_DEVICE/Target/usbd_conf.o
                0x00000000200017cc                hpcd_USB_FS
 COMMON         0x0000000020001a38        0x4 c:/st/stm32cubeide_1.4.0/stm32cubeide/plugins/com.st.stm32cube.ide.mcu.externaltools.gnu-tools-for-stm32.7-2018-q2-update.win32_1.4.0.202007081208/tools/bin/../lib/gcc/arm-none-eabi/7.3.1/../../../../arm-none-eabi/lib/thumb/v7-m\libc_nano.a(lib_a-reent.o)
                0x0000000020001a38                errno
                0x0000000020001a3c                . = ALIGN (0x4)
                0x0000000020001a3c                _ebss = .
                0x0000000020001a3c                __bss_end__ = _ebss

._user_heap_stack
                0x0000000020001a3c      0xa04 load address 0x000000000800b458
                0x0000000020001a40                . = ALIGN (0x8)
 *fill*         0x0000000020001a3c        0x4 
                0x0000000020001a40                PROVIDE (end = .)
                [!provide]                        PROVIDE (_end = .)
                0x0000000020001e40                . = (. + _Min_Heap_Size)
 *fill*         0x0000000020001a40      0x400 
                0x0000000020002440                . = (. + _Min_Stack_Size)
 *fill*         0x0000000020001e40      0x600 
                0x0000000020002440                . = ALIGN (0x8)

/DISCARD/
 libc.a(*)
 libm.a(*)
 libgcc.a(*)

.ARM.attributes
                0x0000000000000000       0x29
 *(.ARM.attributes)
 .ARM.attributes
                0x0000000000000000       0x1d c:/st/stm32cubeide_1.4.0/stm32cubeide/plugins/com.st.stm32cube.ide.mcu.externaltools.gnu-tools-for-stm32.7-2018-q2-update.win32_1.4.0.202007081208/tools/bin/../lib/gcc/arm-none-eabi/7.3.1/thumb/v7-m/crti.o
 .ARM.attributes
                0x000000000000001d       0x2d c:/st/stm32cubeide_1.4.0/stm32cubeide/plugins/com.st.stm32cube.ide.mcu.externaltools.gnu-tools-for-stm32.7-2018-q2-update.win32_1.4.0.202007081208/tools/bin/../lib/gcc/arm-none-eabi/7.3.1/thumb/v7-m/crtbegin.o
 .ARM.attributes
                0x000000000000004a       0x33 Core/Src/Flasher.o
 .ARM.attributes
                0x000000000000007d       0x33 Core/Src/Globals.o
 .ARM.attributes
                0x00000000000000b0       0x33 Core/Src/MyFlah.o
 .ARM.attributes
                0x00000000000000e3       0x33 Core/Src/ProgParser.o
 .ARM.attributes
                0x0000000000000116       0x33 Core/Src/main.o
 .ARM.attributes
                0x0000000000000149       0x33 Core/Src/stm32f1xx_hal_msp.o
 .ARM.attributes
                0x000000000000017c       0x33 Core/Src/stm32f1xx_it.o
 .ARM.attributes
                0x00000000000001af       0x33 Core/Src/sysmem.o
 .ARM.attributes
                0x00000000000001e2       0x33 Core/Src/system_stm32f1xx.o
 .ARM.attributes
                0x0000000000000215       0x21 Core/Startup/startup_stm32f103c8tx.o
 .ARM.attributes
                0x0000000000000236       0x33 Drivers/STM32F1xx_HAL_Driver/Src/stm32f1xx_hal.o
 .ARM.attributes
                0x0000000000000269       0x33 Drivers/STM32F1xx_HAL_Driver/Src/stm32f1xx_hal_adc.o
 .ARM.attributes
                0x000000000000029c       0x33 Drivers/STM32F1xx_HAL_Driver/Src/stm32f1xx_hal_adc_ex.o
 .ARM.attributes
                0x00000000000002cf       0x33 Drivers/STM32F1xx_HAL_Driver/Src/stm32f1xx_hal_cortex.o
 .ARM.attributes
                0x0000000000000302       0x33 Drivers/STM32F1xx_HAL_Driver/Src/stm32f1xx_hal_dma.o
 .ARM.attributes
                0x0000000000000335       0x33 Drivers/STM32F1xx_HAL_Driver/Src/stm32f1xx_hal_gpio.o
 .ARM.attributes
                0x0000000000000368       0x33 Drivers/STM32F1xx_HAL_Driver/Src/stm32f1xx_hal_iwdg.o
 .ARM.attributes
                0x000000000000039b       0x33 Drivers/STM32F1xx_HAL_Driver/Src/stm32f1xx_hal_pcd.o
 .ARM.attributes
                0x00000000000003ce       0x33 Drivers/STM32F1xx_HAL_Driver/Src/stm32f1xx_hal_pcd_ex.o
 .ARM.attributes
                0x0000000000000401       0x33 Drivers/STM32F1xx_HAL_Driver/Src/stm32f1xx_hal_rcc.o
 .ARM.attributes
                0x0000000000000434       0x33 Drivers/STM32F1xx_HAL_Driver/Src/stm32f1xx_hal_rcc_ex.o
 .ARM.attributes
                0x0000000000000467       0x33 Drivers/STM32F1xx_HAL_Driver/Src/stm32f1xx_hal_spi.o
 .ARM.attributes
                0x000000000000049a       0x33 Drivers/STM32F1xx_HAL_Driver/Src/stm32f1xx_ll_usb.o
 .ARM.attributes
                0x00000000000004cd       0x33 Middlewares/ST/STM32_USB_Device_Library/Class/CDC/Src/usbd_cdc.o
 .ARM.attributes
                0x0000000000000500       0x33 Middlewares/ST/STM32_USB_Device_Library/Core/Src/usbd_core.o
 .ARM.attributes
                0x0000000000000533       0x33 Middlewares/ST/STM32_USB_Device_Library/Core/Src/usbd_ctlreq.o
 .ARM.attributes
                0x0000000000000566       0x33 Middlewares/ST/STM32_USB_Device_Library/Core/Src/usbd_ioreq.o
 .ARM.attributes
                0x0000000000000599       0x33 USB_DEVICE/App/usb_device.o
 .ARM.attributes
                0x00000000000005cc       0x33 USB_DEVICE/App/usbd_cdc_if.o
 .ARM.attributes
                0x00000000000005ff       0x33 USB_DEVICE/App/usbd_desc.o
 .ARM.attributes
                0x0000000000000632       0x33 USB_DEVICE/Target/usbd_conf.o
 .ARM.attributes
                0x0000000000000665       0x2d c:/st/stm32cubeide_1.4.0/stm32cubeide/plugins/com.st.stm32cube.ide.mcu.externaltools.gnu-tools-for-stm32.7-2018-q2-update.win32_1.4.0.202007081208/tools/bin/../lib/gcc/arm-none-eabi/7.3.1/../../../../arm-none-eabi/lib/thumb/v7-m\libc_nano.a(lib_a-errno.o)
 .ARM.attributes
                0x0000000000000692       0x2d c:/st/stm32cubeide_1.4.0/stm32cubeide/plugins/com.st.stm32cube.ide.mcu.externaltools.gnu-tools-for-stm32.7-2018-q2-update.win32_1.4.0.202007081208/tools/bin/../lib/gcc/arm-none-eabi/7.3.1/../../../../arm-none-eabi/lib/thumb/v7-m\libc_nano.a(lib_a-impure.o)
 .ARM.attributes
                0x00000000000006bf       0x2d c:/st/stm32cubeide_1.4.0/stm32cubeide/plugins/com.st.stm32cube.ide.mcu.externaltools.gnu-tools-for-stm32.7-2018-q2-update.win32_1.4.0.202007081208/tools/bin/../lib/gcc/arm-none-eabi/7.3.1/../../../../arm-none-eabi/lib/thumb/v7-m\libc_nano.a(lib_a-init.o)
 .ARM.attributes
                0x00000000000006ec       0x2d c:/st/stm32cubeide_1.4.0/stm32cubeide/plugins/com.st.stm32cube.ide.mcu.externaltools.gnu-tools-for-stm32.7-2018-q2-update.win32_1.4.0.202007081208/tools/bin/../lib/gcc/arm-none-eabi/7.3.1/../../../../arm-none-eabi/lib/thumb/v7-m\libc_nano.a(lib_a-memcpy-stub.o)
 .ARM.attributes
                0x0000000000000719       0x2d c:/st/stm32cubeide_1.4.0/stm32cubeide/plugins/com.st.stm32cube.ide.mcu.externaltools.gnu-tools-for-stm32.7-2018-q2-update.win32_1.4.0.202007081208/tools/bin/../lib/gcc/arm-none-eabi/7.3.1/../../../../arm-none-eabi/lib/thumb/v7-m\libc_nano.a(lib_a-memset.o)
 .ARM.attributes
                0x0000000000000746       0x2d c:/st/stm32cubeide_1.4.0/stm32cubeide/plugins/com.st.stm32cube.ide.mcu.externaltools.gnu-tools-for-stm32.7-2018-q2-update.win32_1.4.0.202007081208/tools/bin/../lib/gcc/arm-none-eabi/7.3.1/../../../../arm-none-eabi/lib/thumb/v7-m\libc_nano.a(lib_a-sscanf.o)
 .ARM.attributes
                0x0000000000000773       0x2d c:/st/stm32cubeide_1.4.0/stm32cubeide/plugins/com.st.stm32cube.ide.mcu.externaltools.gnu-tools-for-stm32.7-2018-q2-update.win32_1.4.0.202007081208/tools/bin/../lib/gcc/arm-none-eabi/7.3.1/../../../../arm-none-eabi/lib/thumb/v7-m\libc_nano.a(lib_a-stdio.o)
 .ARM.attributes
                0x00000000000007a0       0x17 c:/st/stm32cubeide_1.4.0/stm32cubeide/plugins/com.st.stm32cube.ide.mcu.externaltools.gnu-tools-for-stm32.7-2018-q2-update.win32_1.4.0.202007081208/tools/bin/../lib/gcc/arm-none-eabi/7.3.1/../../../../arm-none-eabi/lib/thumb/v7-m\libc_nano.a(lib_a-strlen.o)
 .ARM.attributes
                0x00000000000007b7       0x2d c:/st/stm32cubeide_1.4.0/stm32cubeide/plugins/com.st.stm32cube.ide.mcu.externaltools.gnu-tools-for-stm32.7-2018-q2-update.win32_1.4.0.202007081208/tools/bin/../lib/gcc/arm-none-eabi/7.3.1/../../../../arm-none-eabi/lib/thumb/v7-m\libc_nano.a(lib_a-nano-svfscanf.o)
 .ARM.attributes
                0x00000000000007e4       0x2d c:/st/stm32cubeide_1.4.0/stm32cubeide/plugins/com.st.stm32cube.ide.mcu.externaltools.gnu-tools-for-stm32.7-2018-q2-update.win32_1.4.0.202007081208/tools/bin/../lib/gcc/arm-none-eabi/7.3.1/../../../../arm-none-eabi/lib/thumb/v7-m\libc_nano.a(lib_a-nano-vfscanf_i.o)
 .ARM.attributes
                0x0000000000000811       0x2d c:/st/stm32cubeide_1.4.0/stm32cubeide/plugins/com.st.stm32cube.ide.mcu.externaltools.gnu-tools-for-stm32.7-2018-q2-update.win32_1.4.0.202007081208/tools/bin/../lib/gcc/arm-none-eabi/7.3.1/../../../../arm-none-eabi/lib/thumb/v7-m\libc_nano.a(lib_a-reent.o)
 .ARM.attributes
                0x000000000000083e       0x2d c:/st/stm32cubeide_1.4.0/stm32cubeide/plugins/com.st.stm32cube.ide.mcu.externaltools.gnu-tools-for-stm32.7-2018-q2-update.win32_1.4.0.202007081208/tools/bin/../lib/gcc/arm-none-eabi/7.3.1/../../../../arm-none-eabi/lib/thumb/v7-m\libc_nano.a(lib_a-sccl.o)
 .ARM.attributes